TAP version 13
# Subtest: activation module
    # Subtest: should export registerActivationTools as a function
    ok 1 - should export registerActivationTools as a function
      ---
      duration_ms: 0.688
      type: 'test'
      ...
    # Subtest: should register all three activation tools
    ok 2 - should register all three activation tools
      ---
      duration_ms: 1.271
      type: 'test'
      ...
    # Subtest: each tool handler should be a function
    ok 3 - each tool handler should be a function
      ---
      duration_ms: 0.9673
      type: 'test'
      ...
    1..3
ok 1 - activation module
  ---
  duration_ms: 3.8996
  type: 'suite'
  ...
# Subtest: activate_project
    # Subtest: should return a manifest containing project root
    ok 1 - should return a manifest containing project root
      ---
      duration_ms: 2.8742
      type: 'test'
      ...
    # Subtest: should include stack section with package info
    ok 2 - should include stack section with package info
      ---
      duration_ms: 1.1388
      type: 'test'
      ...
    # Subtest: should include rules section
    ok 3 - should include rules section
      ---
      duration_ms: 1.7358
      type: 'test'
      ...
    # Subtest: should include skills section
    ok 4 - should include skills section
      ---
      duration_ms: 1.5593
      type: 'test'
      ...
    # Subtest: should include state section
    ok 5 - should include state section
      ---
      duration_ms: 1.8334
      type: 'test'
      ...
    # Subtest: should include recommended sequence
    ok 6 - should include recommended sequence
      ---
      duration_ms: 1.6686
      type: 'test'
      ...
    # Subtest: should generate consistent fingerprint for same project
    ok 7 - should generate consistent fingerprint for same project
      ---
      duration_ms: 2.3161
      type: 'test'
      ...
    # Subtest: should handle missing package.json gracefully
    ok 8 - should handle missing package.json gracefully
      ---
      duration_ms: 1.5943
      type: 'test'
      ...
    1..8
ok 2 - activate_project
  ---
  duration_ms: 15.4693
  type: 'suite'
  ...
# Subtest: doctor_runtime_setup
    # Subtest: should return diagnostic info with project root
    ok 1 - should return diagnostic info with project root
      ---
      duration_ms: 0.8824
      type: 'test'
      ...
    # Subtest: should include MCP config snippets
    ok 2 - should include MCP config snippets
      ---
      duration_ms: 0.6041
      type: 'test'
      ...
    # Subtest: should include recommended command
    ok 3 - should include recommended command
      ---
      duration_ms: 0.6149
      type: 'test'
      ...
    # Subtest: should detect skills and ai-docs directories
    ok 4 - should detect skills and ai-docs directories
      ---
      duration_ms: 0.5455
      type: 'test'
      ...
    1..4
ok 3 - doctor_runtime_setup
  ---
  duration_ms: 2.844
  type: 'suite'
  ...
# Subtest: get_prompt_script
    # Subtest: should return prompt content for "all"
    ok 1 - should return prompt content for "all"
      ---
      duration_ms: 0.4349
      type: 'test'
      ...
    # Subtest: should return specific section for valid name
    ok 2 - should return specific section for valid name
      ---
      duration_ms: 0.5977
      type: 'test'
      ...
    # Subtest: should return HALT message for non-existent section
    ok 3 - should return HALT message for non-existent section
      ---
      duration_ms: 0.2905
      type: 'test'
      ...
    1..3
ok 4 - get_prompt_script
  ---
  duration_ms: 1.4882
  type: 'suite'
  ...
# Subtest: registerAntiHallucinationTools
    # Subtest: is a function
    ok 1 - is a function
      ---
      duration_ms: 0.8751
      type: 'test'
      ...
    # Subtest: registers all expected tools (verification + watchdog + caveman + prompt-injection)
    ok 2 - registers all expected tools (verification + watchdog + caveman + prompt-injection)
      ---
      duration_ms: 2.9653
      type: 'test'
      ...
    # Subtest: contains tool from prompt-injection.js
    ok 3 - contains tool from prompt-injection.js
      ---
      duration_ms: 0.5946
      type: 'test'
      ...
    # Subtest: contains tools from verification.js
    ok 4 - contains tools from verification.js
      ---
      duration_ms: 0.433
      type: 'test'
      ...
    # Subtest: contains tools from watchdog.js
    ok 5 - contains tools from watchdog.js
      ---
      duration_ms: 0.4574
      type: 'test'
      ...
    # Subtest: contains tools from caveman.js
    ok 6 - contains tools from caveman.js
      ---
      duration_ms: 0.3632
      type: 'test'
      ...
    1..6
ok 5 - registerAntiHallucinationTools
  ---
  duration_ms: 7.1654
  type: 'suite'
  ...
# Subtest: registerCavemanTools
    # Subtest: should export registerCavemanTools as a function
    ok 1 - should export registerCavemanTools as a function
      ---
      duration_ms: 0.7111
      type: 'test'
      ...
    # Subtest: should register all three caveman tools
    ok 2 - should register all three caveman tools
      ---
      duration_ms: 1.3021
      type: 'test'
      ...
    # Subtest: each tool handler should be a function
    ok 3 - each tool handler should be a function
      ---
      duration_ms: 1.0696
      type: 'test'
      ...
    1..3
ok 6 - registerCavemanTools
  ---
  duration_ms: 4.1092
  type: 'suite'
  ...
# Subtest: caveman_budget handler
    # Subtest: should return budget info for simple complexity
    ok 1 - should return budget info for simple complexity
      ---
      duration_ms: 0.5208
      type: 'test'
      ...
    # Subtest: should return budget info for moderate complexity
    ok 2 - should return budget info for moderate complexity
      ---
      duration_ms: 0.2817
      type: 'test'
      ...
    # Subtest: should return budget info for complex complexity
    ok 3 - should return budget info for complex complexity
      ---
      duration_ms: 0.2083
      type: 'test'
      ...
    # Subtest: should include usage rules
    ok 4 - should include usage rules
      ---
      duration_ms: 0.3027
      type: 'test'
      ...
    1..4
ok 7 - caveman_budget handler
  ---
  duration_ms: 1.7623
  type: 'suite'
  ...
# Subtest: validate_caveman_output handler
    # Subtest: should PASS for short, concise text
    ok 1 - should PASS for short, concise text
      ---
      duration_ms: 1.13
      type: 'test'
      ...
    # Subtest: should WARN for text that exceeds word budget
    ok 2 - should WARN for text that exceeds word budget
      ---
      duration_ms: 0.6733
      type: 'test'
      ...
    # Subtest: should HALT for excessively verbose text with explanations
    ok 3 - should HALT for excessively verbose text with explanations
      ---
      duration_ms: 0.4434
      type: 'test'
      ...
    # Subtest: should detect code lines in output
    ok 4 - should detect code lines in output
      ---
      duration_ms: 0.271
      type: 'test'
      ...
    # Subtest: should be more lenient for complex tasks
    ok 5 - should be more lenient for complex tasks
      ---
      duration_ms: 0.2894
      type: 'test'
      ...
    # Subtest: should include task complexity in output
    ok 6 - should include task complexity in output
      ---
      duration_ms: 0.1802
      type: 'test'
      ...
    # Subtest: should report issues when budget is exceeded
    ok 7 - should report issues when budget is exceeded
      ---
      duration_ms: 0.3429
      type: 'test'
      ...
    1..7
ok 8 - validate_caveman_output handler
  ---
  duration_ms: 3.7108
  type: 'suite'
  ...
# Subtest: auto_validate_output handler
    # Subtest: should report file not found for invalid path
    ok 1 - should report file not found for invalid path
      ---
      duration_ms: 1.2716
      type: 'test'
      ...
    # Subtest: should pass code quality check for clean code
    ok 2 - should pass code quality check for clean code
      ---
      duration_ms: 1.7295
      type: 'test'
      ...
    # Subtest: should include file path in output
    ok 3 - should include file path in output
      ---
      duration_ms: 0.2747
      type: 'test'
      ...
    1..3
ok 9 - auto_validate_output handler
  ---
  duration_ms: 3.4434
  type: 'suite'
  ...
# Subtest: Integration: Checkpoint/Rewind Tool Registration
    # Subtest: should register all checkpoint/rewind tools
    ok 1 - should register all checkpoint/rewind tools
      ---
      duration_ms: 2.1199
      type: 'test'
      ...
    # Subtest: should have correct schema for rewind_to_checkpoint
    ok 2 - should have correct schema for rewind_to_checkpoint
      ---
      duration_ms: 0.5336
      type: 'test'
      ...
    # Subtest: should have correct schema for compress_checkpoint_results
    ok 3 - should have correct schema for compress_checkpoint_results
      ---
      duration_ms: 0.6208
      type: 'test'
      ...
    # Subtest: should have async handlers for all checkpoint tools
    ok 4 - should have async handlers for all checkpoint tools
      ---
      duration_ms: 0.9459
      type: 'test'
      ...
    1..4
ok 10 - Integration: Checkpoint/Rewind Tool Registration
  ---
  duration_ms: 5.3896
  type: 'suite'
  ...
# Subtest: Checkpoint Saves Correctly
    # Subtest: should create a checkpoint with label and timestamp
    ok 1 - should create a checkpoint with label and timestamp
      ---
      duration_ms: 2.3929
      type: 'test'
      ...
    # Subtest: should store snapshot without checkpoints array
    ok 2 - should store snapshot without checkpoints array
      ---
      duration_ms: 2.0075
      type: 'test'
      ...
    1..2
ok 11 - Checkpoint Saves Correctly
  ---
  duration_ms: 5.7107
  type: 'suite'
  ...
# Subtest: Rewind Restores State
    # Subtest: should restore state from checkpoint
    ok 1 - should restore state from checkpoint
      ---
      duration_ms: 8.0166
      type: 'test'
      ...
    # Subtest: should preserve checkpoints array when restoring
    ok 2 - should preserve checkpoints array when restoring
      ---
      duration_ms: 0.1842
      type: 'test'
      ...
    1..2
ok 12 - Rewind Restores State
  ---
  duration_ms: 8.543
  type: 'suite'
  ...
# Subtest: Compression Applied on Rewind
    # Subtest: should compress array sections using semantic compression
    ok 1 - should compress array sections using semantic compression
      ---
      duration_ms: 3.7602
      type: 'test'
      ...
    # Subtest: should apply different compression tiers
    ok 2 - should apply different compression tiers
      ---
      duration_ms: 1.727
      type: 'test'
      ...
    1..2
ok 13 - Compression Applied on Rewind
  ---
  duration_ms: 5.8887
  type: 'suite'
  ...
# Subtest: Intermediate Results Compressed
    # Subtest: should drop verbose exploration data
    ok 1 - should drop verbose exploration data
      ---
      duration_ms: 0.4044
      type: 'test'
      ...
    # Subtest: should preserve key findings
    ok 2 - should preserve key findings
      ---
      duration_ms: 0.1284
      type: 'test'
      ...
    1..2
ok 14 - Intermediate Results Compressed
  ---
  duration_ms: 0.7344
  type: 'suite'
  ...
# Subtest: Key Findings Preserved
    # Subtest: should preserve objective section
    ok 1 - should preserve objective section
      ---
      duration_ms: 0.9156
      type: 'test'
      ...
    # Subtest: should preserve files_changed section
    ok 2 - should preserve files_changed section
      ---
      duration_ms: 0.2796
      type: 'test'
      ...
    # Subtest: should preserve decisions section
    ok 3 - should preserve decisions section
      ---
      duration_ms: 0.1045
      type: 'test'
      ...
    1..3
ok 15 - Key Findings Preserved
  ---
  duration_ms: 1.4915
  type: 'suite'
  ...
# Subtest: Edge Cases
    # Subtest: should handle missing checkpoint gracefully
    ok 1 - should handle missing checkpoint gracefully
      ---
      duration_ms: 0.346
      type: 'test'
      ...
    # Subtest: should handle double rewind
    ok 2 - should handle double rewind
      ---
      duration_ms: 0.2485
      type: 'test'
      ...
    # Subtest: should handle empty checkpoints array
    ok 3 - should handle empty checkpoints array
      ---
      duration_ms: 0.1319
      type: 'test'
      ...
    # Subtest: should handle checkpoint with empty snapshot
    ok 4 - should handle checkpoint with empty snapshot
      ---
      duration_ms: 0.1033
      type: 'test'
      ...
    # Subtest: should handle compression of empty strings
    ok 5 - should handle compression of empty strings
      ---
      duration_ms: 0.0965
      type: 'test'
      ...
    1..5
ok 16 - Edge Cases
  ---
  duration_ms: 1.0913
  type: 'suite'
  ...
# Subtest: Tool Registration
    # Subtest: should register rewind_to_checkpoint tool
    ok 1 - should register rewind_to_checkpoint tool
      ---
      duration_ms: 0.691
      type: 'test'
      ...
    # Subtest: should register compress_checkpoint_results tool
    ok 2 - should register compress_checkpoint_results tool
      ---
      duration_ms: 0.3862
      type: 'test'
      ...
    # Subtest: should have tier parameter with default value 2
    ok 3 - should have tier parameter with default value 2
      ---
      duration_ms: 0.2805
      type: 'test'
      ...
    1..3
ok 17 - Tool Registration
  ---
  duration_ms: 1.488
  type: 'suite'
  ...
# Subtest: cicd-validator tool registration
    # Subtest: registers validate_cicd_config tool
    ok 1 - registers validate_cicd_config tool
      ---
      duration_ms: 1.1627
      type: 'test'
      ...
    1..1
ok 18 - cicd-validator tool registration
  ---
  duration_ms: 2.1239
  type: 'suite'
  ...
# Subtest: GitHub Actions validation
    # Subtest: PASS when all actions use SHA pinning
    ok 1 - PASS when all actions use SHA pinning
      ---
      duration_ms: 10.8108
      type: 'test'
      ...
    # Subtest: WARN when actions use tag references
    ok 2 - WARN when actions use tag references
      ---
      duration_ms: 12.1363
      type: 'test'
      ...
    # Subtest: HALT on script injection
    ok 3 - HALT on script injection
      ---
      duration_ms: 11.0425
      type: 'test'
      ...
    # Subtest: detects GitHub Actions from content
    ok 4 - detects GitHub Actions from content
      ---
      duration_ms: 1.7561
      type: 'test'
      ...
    1..4
ok 19 - GitHub Actions validation
  ---
  duration_ms: 38.949
  type: 'suite'
  ...
# Subtest: GitLab CI validation
    # Subtest: HALT when secrets are in plain text
    ok 1 - HALT when secrets are in plain text
      ---
      duration_ms: 9.1969
      type: 'test'
      ...
    # Subtest: PASS with properly pinned image
    ok 2 - PASS with properly pinned image
      ---
      duration_ms: 8.4235
      type: 'test'
      ...
    # Subtest: detects GitLab CI from content
    ok 3 - detects GitLab CI from content
      ---
      duration_ms: 9.2452
      type: 'test'
      ...
    1..3
ok 20 - GitLab CI validation
  ---
  duration_ms: 28.9948
  type: 'suite'
  ...
# Subtest: General security patterns
    # Subtest: HALT on curl | bash pattern
    ok 1 - HALT on curl | bash pattern
      ---
      duration_ms: 9.4597
      type: 'test'
      ...
    # Subtest: HALT on wget | sh pattern
    ok 2 - HALT on wget | sh pattern
      ---
      duration_ms: 9.7402
      type: 'test'
      ...
    # Subtest: HALT on chmod 777
    ok 3 - HALT on chmod 777
      ---
      duration_ms: 9.1644
      type: 'test'
      ...
    # Subtest: HALT on hardcoded credentials
    ok 4 - HALT on hardcoded credentials
      ---
      duration_ms: 8.5093
      type: 'test'
      ...
    1..4
ok 21 - General security patterns
  ---
  duration_ms: 38.6222
  type: 'suite'
  ...
# Subtest: Edge cases
    # Subtest: WARN on empty file
    ok 1 - WARN on empty file
      ---
      duration_ms: 0.7971
      type: 'test'
      ...
    # Subtest: HALT on non-existent file
    ok 2 - HALT on non-existent file
      ---
      duration_ms: 0.2106
      type: 'test'
      ...
    # Subtest: PASS on valid config with best practices
    ok 3 - PASS on valid config with best practices
      ---
      duration_ms: 7.9575
      type: 'test'
      ...
    # Subtest: unknown platform for non-CI files
    ok 4 - unknown platform for non-CI files
      ---
      duration_ms: 8.7671
      type: 'test'
      ...
    1..4
ok 22 - Edge cases
  ---
  duration_ms: 19.3244
  type: 'suite'
  ...
# Subtest: Output format
    # Subtest: returns correct output structure
    ok 1 - returns correct output structure
      ---
      duration_ms: 1.6979
      type: 'test'
      ...
    # Subtest: tool handler returns structured response
    ok 2 - tool handler returns structured response
      ---
      duration_ms: 2.5048
      type: 'test'
      ...
    1..2
ok 23 - Output format
  ---
  duration_ms: 6.1453
  type: 'suite'
  ...
# Subtest: smart_outline
    # Subtest: should return symbol outline for a JS file
    ok 1 - should return symbol outline for a JS file
      ---
      duration_ms: 29.0746
      type: 'test'
      ...
    # Subtest: should return symbol outline for a TS file
    ok 2 - should return symbol outline for a TS file
      ---
      duration_ms: 4.197
      type: 'test'
      ...
    # Subtest: should return HALT for a non-existent file
    ok 3 - should return HALT for a non-existent file
      ---
      duration_ms: 0.5166
      type: 'test'
      ...
    # Subtest: should handle unsupported language gracefully
    ok 4 - should handle unsupported language gracefully
      ---
      duration_ms: 1.1718
      type: 'test'
      ...
    # Subtest: should handle an empty JS file
    ok 5 - should handle an empty JS file
      ---
      duration_ms: 1.8687
      type: 'test'
      ...
    1..5
ok 24 - smart_outline
  ---
  duration_ms: 37.6715
  type: 'suite'
  ...
# Subtest: smart_unfold
    # Subtest: should return the body of a named function
    ok 1 - should return the body of a named function
      ---
      duration_ms: 2.7616
      type: 'test'
      ...
    # Subtest: should return the body of a class
    ok 2 - should return the body of a class
      ---
      duration_ms: 2.1163
      type: 'test'
      ...
    # Subtest: should list available symbols when symbol is not found
    ok 3 - should list available symbols when symbol is not found
      ---
      duration_ms: 4.1108
      type: 'test'
      ...
    # Subtest: should return HALT for a non-existent file
    ok 4 - should return HALT for a non-existent file
      ---
      duration_ms: 0.6818
      type: 'test'
      ...
    # Subtest: should handle unsupported language gracefully
    ok 5 - should handle unsupported language gracefully
      ---
      duration_ms: 0.7404
      type: 'test'
      ...
    1..5
ok 25 - smart_unfold
  ---
  duration_ms: 11.023
  type: 'suite'
  ...
# Subtest: smart_read
    # Subtest: should return full content in full mode
    ok 1 - should return full content in full mode
      ---
      duration_ms: 1.8476
      type: 'test'
      ...
    # Subtest: should return full content for small files in auto mode
    ok 2 - should return full content for small files in auto mode
      ---
      duration_ms: 0.4776
      type: 'test'
      ...
    # Subtest: should return outline for large files in auto mode
    ok 3 - should return outline for large files in auto mode
      ---
      duration_ms: 0.3617
      type: 'test'
      ...
    # Subtest: should return outline in outline mode
    ok 4 - should return outline in outline mode
      ---
      duration_ms: 1.3961
      type: 'test'
      ...
    # Subtest: should return specific symbol body in symbol mode
    ok 5 - should return specific symbol body in symbol mode
      ---
      duration_ms: 2.3114
      type: 'test'
      ...
    # Subtest: should require symbol_name in symbol mode
    ok 6 - should require symbol_name in symbol mode
      ---
      duration_ms: 0.7971
      type: 'test'
      ...
    # Subtest: should report symbol not found in symbol mode
    ok 7 - should report symbol not found in symbol mode
      ---
      duration_ms: 2.6134
      type: 'test'
      ...
    # Subtest: should return HALT for a non-existent file
    ok 8 - should return HALT for a non-existent file
      ---
      duration_ms: 0.288
      type: 'test'
      ...
    # Subtest: should handle unsupported language in symbol mode
    ok 9 - should handle unsupported language in symbol mode
      ---
      duration_ms: 0.3807
      type: 'test'
      ...
    1..9
ok 26 - smart_read
  ---
  duration_ms: 10.9287
  type: 'suite'
  ...
# Subtest: code reading phase 2 parser
    # Subtest: should parse decorators, typed methods, and class field arrows
    ok 1 - should parse decorators, typed methods, and class field arrows
      ---
      duration_ms: 15.778
      type: 'test'
      ...
    # Subtest: should unfold class methods and variable-backed arrows
    ok 2 - should unfold class methods and variable-backed arrows
      ---
      duration_ms: 3.6308
      type: 'test'
      ...
    # Subtest: should detect explicit TypeScript return types from AST
    ok 3 - should detect explicit TypeScript return types from AST
      ---
      duration_ms: 3.3895
      type: 'test'
      ...
    1..3
ok 27 - code reading phase 2 parser
  ---
  duration_ms: 24.1339
  type: 'suite'
  ...
# Subtest: getFileLang
    # Subtest: should detect JS/TS files
    ok 1 - should detect JS/TS files
      ---
      duration_ms: 1.1253
      type: 'test'
      ...
    # Subtest: should detect Python files
    ok 2 - should detect Python files
      ---
      duration_ms: 0.1837
      type: 'test'
      ...
    # Subtest: should return null for unsupported files
    ok 3 - should return null for unsupported files
      ---
      duration_ms: 0.4185
      type: 'test'
      ...
    # Subtest: should detect Rust files
    ok 4 - should detect Rust files
      ---
      duration_ms: 0.1645
      type: 'test'
      ...
    # Subtest: should detect Go files
    ok 5 - should detect Go files
      ---
      duration_ms: 0.1328
      type: 'test'
      ...
    # Subtest: should detect Java files
    ok 6 - should detect Java files
      ---
      duration_ms: 0.2633
      type: 'test'
      ...
    # Subtest: should detect C\# files
    ok 7 - should detect C\# files
      ---
      duration_ms: 0.1845
      type: 'test'
      ...
    1..7
ok 28 - getFileLang
  ---
  duration_ms: 3.9039
  type: 'suite'
  ...
# Subtest: extractSymbols
    # Subtest: should extract function declarations
    ok 1 - should extract function declarations
      ---
      duration_ms: 18.6819
      type: 'test'
      ...
    # Subtest: should extract arrow functions
    ok 2 - should extract arrow functions
      ---
      duration_ms: 9.7526
      type: 'test'
      ...
    # Subtest: should extract classes
    ok 3 - should extract classes
      ---
      duration_ms: 4.8103
      type: 'test'
      ...
    # Subtest: should extract exported functions
    ok 4 - should extract exported functions
      ---
      duration_ms: 2.2365
      type: 'test'
      ...
    # Subtest: should extract Python functions
    ok 5 - should extract Python functions
      ---
      duration_ms: 0.5505
      type: 'test'
      ...
    # Subtest: should extract Python classes
    ok 6 - should extract Python classes
      ---
      duration_ms: 0.1648
      type: 'test'
      ...
    # Subtest: should not extract control flow keywords
    ok 7 - should not extract control flow keywords
      ---
      duration_ms: 3.7189
      type: 'test'
      ...
    # Subtest: should extract class methods via AST
    ok 8 - should extract class methods via AST
      ---
      duration_ms: 2.0523
      type: 'test'
      ...
    # Subtest: should extract exported arrow functions via AST
    ok 9 - should extract exported arrow functions via AST
      ---
      duration_ms: 1.2579
      type: 'test'
      ...
    1..9
ok 29 - extractSymbols
  ---
  duration_ms: 43.9386
  type: 'suite'
  ...
# Subtest: extractSymbolsAST
    # Subtest: should extract symbols using AST directly
    ok 1 - should extract symbols using AST directly
      ---
      duration_ms: 0.6503
      type: 'test'
      ...
    # Subtest: should return empty array for unparseable code
    ok 2 - should return empty array for unparseable code
      ---
      duration_ms: 5.0334
      type: 'test'
      ...
    1..2
ok 30 - extractSymbolsAST
  ---
  duration_ms: 5.8118
  type: 'suite'
  ...
# Subtest: analyzeCodeMetrics
    # Subtest: should return lineCount and functions array
    ok 1 - should return lineCount and functions array
      ---
      duration_ms: 0.9324
      type: 'test'
      ...
    # Subtest: should compute function complexity
    ok 2 - should compute function complexity
      ---
      duration_ms: 1.4483
      type: 'test'
      ...
    # Subtest: should detect hasReturnType for plain JS functions (false)
    ok 3 - should detect hasReturnType for plain JS functions (false)
      ---
      duration_ms: 0.7902
      type: 'test'
      ...
    # Subtest: should always include hasReturnType in function metrics
    ok 4 - should always include hasReturnType in function metrics
      ---
      duration_ms: 0.479
      type: 'test'
      ...
    1..4
ok 31 - analyzeCodeMetrics
  ---
  duration_ms: 4.006
  type: 'suite'
  ...
# Subtest: fix-issue tool registration
    # Subtest: registers fix_issue tool
    ok 1 - registers fix_issue tool
      ---
      duration_ms: 1.4412
      type: 'test'
      ...
    # Subtest: has correct tool description
    ok 2 - has correct tool description
      ---
      duration_ms: 0.4579
      type: 'test'
      ...
    1..2
ok 32 - fix-issue tool registration
  ---
  duration_ms: 3.0293
  type: 'suite'
  ...
# Subtest: Issue classification
    # Subtest: classifies security issues
    ok 1 - classifies security issues
      ---
      duration_ms: 1.621
      type: 'test'
      ...
    # Subtest: classifies bug issues
    ok 2 - classifies bug issues
      ---
      duration_ms: 1.2469
      type: 'test'
      ...
    # Subtest: classifies performance issues
    ok 3 - classifies performance issues
      ---
      duration_ms: 0.2042
      type: 'test'
      ...
    # Subtest: classifies feature requests
    ok 4 - classifies feature requests
      ---
      duration_ms: 1.2406
      type: 'test'
      ...
    # Subtest: returns default classification for ambiguous text
    ok 5 - returns default classification for ambiguous text
      ---
      duration_ms: 0.2478
      type: 'test'
      ...
    # Subtest: handles empty input
    ok 6 - handles empty input
      ---
      duration_ms: 0.8954
      type: 'test'
      ...
    # Subtest: handles null input
    ok 7 - handles null input
      ---
      duration_ms: 0.2957
      type: 'test'
      ...
    # Subtest: prefers security over bug when both match
    ok 8 - prefers security over bug when both match
      ---
      duration_ms: 0.3938
      type: 'test'
      ...
    1..8
ok 33 - Issue classification
  ---
  duration_ms: 6.7592
  type: 'suite'
  ...
# Subtest: Root cause analysis
    # Subtest: detects race conditions
    ok 1 - detects race conditions
      ---
      duration_ms: 0.6362
      type: 'test'
      ...
    # Subtest: detects input validation issues
    ok 2 - detects input validation issues
      ---
      duration_ms: 0.4351
      type: 'test'
      ...
    # Subtest: detects null handling issues
    ok 3 - detects null handling issues
      ---
      duration_ms: 0.126
      type: 'test'
      ...
    # Subtest: detects config issues
    ok 4 - detects config issues
      ---
      duration_ms: 0.11
      type: 'test'
      ...
    # Subtest: returns unknown cause for unmatched text
    ok 5 - returns unknown cause for unmatched text
      ---
      duration_ms: 0.0909
      type: 'test'
      ...
    # Subtest: handles empty input
    ok 6 - handles empty input
      ---
      duration_ms: 0.069
      type: 'test'
      ...
    1..6
ok 34 - Root cause analysis
  ---
  duration_ms: 1.6655
  type: 'suite'
  ...
# Subtest: Affected files detection
    # Subtest: detects file references in text
    ok 1 - detects file references in text
      ---
      duration_ms: 0.3541
      type: 'test'
      ...
    # Subtest: deduplicates file references
    ok 2 - deduplicates file references
      ---
      duration_ms: 0.1547
      type: 'test'
      ...
    # Subtest: returns empty for no file references
    ok 3 - returns empty for no file references
      ---
      duration_ms: 0.7743
      type: 'test'
      ...
    # Subtest: handles null input
    ok 4 - handles null input
      ---
      duration_ms: 0.1028
      type: 'test'
      ...
    1..4
ok 35 - Affected files detection
  ---
  duration_ms: 1.5266
  type: 'suite'
  ...
# Subtest: Fix proposal generation
    # Subtest: generates security fix
    ok 1 - generates security fix
      ---
      duration_ms: 0.3812
      type: 'test'
      ...
    # Subtest: generates bug fix
    ok 2 - generates bug fix
      ---
      duration_ms: 0.1146
      type: 'test'
      ...
    # Subtest: generates performance fix
    ok 3 - generates performance fix
      ---
      duration_ms: 0.1216
      type: 'test'
      ...
    # Subtest: generates feature fix
    ok 4 - generates feature fix
      ---
      duration_ms: 0.1017
      type: 'test'
      ...
    # Subtest: includes regression test suggestion when tests mentioned
    ok 5 - includes regression test suggestion when tests mentioned
      ---
      duration_ms: 0.2874
      type: 'test'
      ...
    # Subtest: includes error boundary suggestion for error-related issues
    ok 6 - includes error boundary suggestion for error-related issues
      ---
      duration_ms: 0.2342
      type: 'test'
      ...
    1..6
ok 36 - Fix proposal generation
  ---
  duration_ms: 1.4411
  type: 'suite'
  ...
# Subtest: Next steps generation
    # Subtest: includes low-confidence warning
    ok 1 - includes low-confidence warning
      ---
      duration_ms: 0.2407
      type: 'test'
      ...
    # Subtest: includes security-specific steps
    ok 2 - includes security-specific steps
      ---
      duration_ms: 0.1066
      type: 'test'
      ...
    # Subtest: includes bug-specific steps
    ok 3 - includes bug-specific steps
      ---
      duration_ms: 0.1014
      type: 'test'
      ...
    # Subtest: includes performance-specific steps
    ok 4 - includes performance-specific steps
      ---
      duration_ms: 0.1054
      type: 'test'
      ...
    # Subtest: always includes review and branch steps
    ok 5 - always includes review and branch steps
      ---
      duration_ms: 0.1179
      type: 'test'
      ...
    1..5
ok 37 - Next steps generation
  ---
  duration_ms: 0.8333
  type: 'suite'
  ...
# Subtest: Issue parsing
    # Subtest: parses plain number
    ok 1 - parses plain number
      ---
      duration_ms: 0.2955
      type: 'test'
      ...
    # Subtest: parses number with hash prefix
    ok 2 - parses number with hash prefix
      ---
      duration_ms: 0.1618
      type: 'test'
      ...
    # Subtest: parses GitHub URL
    ok 3 - parses GitHub URL
      ---
      duration_ms: 0.107
      type: 'test'
      ...
    # Subtest: rejects invalid input
    ok 4 - rejects invalid input
      ---
      duration_ms: 0.1068
      type: 'test'
      ...
    # Subtest: rejects empty input
    ok 5 - rejects empty input
      ---
      duration_ms: 0.0912
      type: 'test'
      ...
    # Subtest: rejects null input
    ok 6 - rejects null input
      ---
      duration_ms: 0.0841
      type: 'test'
      ...
    1..6
ok 38 - Issue parsing
  ---
  duration_ms: 1.02
  type: 'suite'
  ...
# Subtest: Verdict determination
    # Subtest: returns HALT for high-confidence security
    ok 1 - returns HALT for high-confidence security
      ---
      duration_ms: 0.2876
      type: 'test'
      ...
    # Subtest: returns WARN for low-confidence security
    ok 2 - returns WARN for low-confidence security
      ---
      duration_ms: 0.1341
      type: 'test'
      ...
    # Subtest: returns WARN for high-confidence bug
    ok 3 - returns WARN for high-confidence bug
      ---
      duration_ms: 0.1587
      type: 'test'
      ...
    # Subtest: returns WARN for performance
    ok 4 - returns WARN for performance
      ---
      duration_ms: 0.0798
      type: 'test'
      ...
    # Subtest: returns PASS for feature
    ok 5 - returns PASS for feature
      ---
      duration_ms: 0.0726
      type: 'test'
      ...
    # Subtest: returns PASS for low-confidence bug
    ok 6 - returns PASS for low-confidence bug
      ---
      duration_ms: 0.0756
      type: 'test'
      ...
    1..6
ok 39 - Verdict determination
  ---
  duration_ms: 1.0368
  type: 'suite'
  ...
# Subtest: Full issue analysis pipeline
    # Subtest: analyzes a security issue end-to-end
    ok 1 - analyzes a security issue end-to-end
      ---
      duration_ms: 0.3638
      type: 'test'
      ...
    # Subtest: analyzes a bug end-to-end
    ok 2 - analyzes a bug end-to-end
      ---
      duration_ms: 0.3042
      type: 'test'
      ...
    # Subtest: handles invalid issue input
    ok 3 - handles invalid issue input
      ---
      duration_ms: 0.1434
      type: 'test'
      ...
    # Subtest: handles GitHub URL input
    ok 4 - handles GitHub URL input
      ---
      duration_ms: 0.6045
      type: 'test'
      ...
    1..4
ok 40 - Full issue analysis pipeline
  ---
  duration_ms: 9.1994
  type: 'suite'
  ...
# Subtest: Tool handler
    # Subtest: returns structured response for valid issue
    ok 1 - returns structured response for valid issue
      ---
      duration_ms: 2.1771
      type: 'test'
      ...
    # Subtest: returns HALT for invalid issue input
    ok 2 - returns HALT for invalid issue input
      ---
      duration_ms: 3.0556
      type: 'test'
      ...
    # Subtest: includes repo in output when provided
    ok 3 - includes repo in output when provided
      ---
      duration_ms: 0.4488
      type: 'test'
      ...
    # Subtest: derives repo from URL
    ok 4 - derives repo from URL
      ---
      duration_ms: 0.3786
      type: 'test'
      ...
    1..4
ok 41 - Tool handler
  ---
  duration_ms: 6.46
  type: 'suite'
  ...
# Subtest: Edge cases
    # Subtest: classifies unknown type gracefully
    ok 1 - classifies unknown type gracefully
      ---
      duration_ms: 0.257
      type: 'test'
      ...
    # Subtest: handles very long issue text
    ok 2 - handles very long issue text
      ---
      duration_ms: 0.2848
      type: 'test'
      ...
    # Subtest: handles special characters in issue text
    ok 3 - handles special characters in issue text
      ---
      duration_ms: 0.1928
      type: 'test'
      ...
    # Subtest: returns empty affected files when none referenced
    ok 4 - returns empty affected files when none referenced
      ---
      duration_ms: 0.1746
      type: 'test'
      ...
    1..4
ok 42 - Edge cases
  ---
  duration_ms: 1.079
  type: 'suite'
  ...
# Subtest: review-prs tool registration
    # Subtest: registers review_pr tool
    ok 1 - registers review_pr tool
      ---
      duration_ms: 1.5814
      type: 'test'
      ...
    1..1
ok 43 - review-prs tool registration
  ---
  duration_ms: 3.6645
  type: 'suite'
  ...
# Subtest: Classification logic
    # Subtest: classifies bot-generated PR as slop
    ok 1 - classifies bot-generated PR as slop
      ---
      duration_ms: 0.6833
      type: 'test'
      ...
    # Subtest: classifies empty PR as slop
    ok 2 - classifies empty PR as slop
      ---
      duration_ms: 1.1802
      type: 'test'
      ...
    # Subtest: does not classify trivial PR as slop when it has changes
    ok 3 - does not classify trivial PR as slop when it has changes
      ---
      duration_ms: 0.5751
      type: 'test'
      ...
    # Subtest: does not classify small PR with body as slop
    ok 4 - does not classify small PR with body as slop
      ---
      duration_ms: 0.3156
      type: 'test'
      ...
    # Subtest: classifies stale PR as superseded
    ok 5 - classifies stale PR as superseded
      ---
      duration_ms: 1.0088
      type: 'test'
      ...
    # Subtest: does not classify recent PR as superseded
    ok 6 - does not classify recent PR as superseded
      ---
      duration_ms: 0.3262
      type: 'test'
      ...
    # Subtest: classifies duplicate-titled PR as superseded
    ok 7 - classifies duplicate-titled PR as superseded
      ---
      duration_ms: 0.3289
      type: 'test'
      ...
    # Subtest: classifies PR with failing CI as blocker
    ok 8 - classifies PR with failing CI as blocker
      ---
      duration_ms: 1.0738
      type: 'test'
      ...
    # Subtest: classifies PR with error CI as blocker
    ok 9 - classifies PR with error CI as blocker
      ---
      duration_ms: 0.3443
      type: 'test'
      ...
    # Subtest: classifies PR with merge conflicts as blocker
    ok 10 - classifies PR with merge conflicts as blocker
      ---
      duration_ms: 0.1589
      type: 'test'
      ...
    # Subtest: classifies PR with security findings as blocker
    ok 11 - classifies PR with security findings as blocker
      ---
      duration_ms: 1.1115
      type: 'test'
      ...
    # Subtest: classifies normal PR as worthy
    ok 12 - classifies normal PR as worthy
      ---
      duration_ms: 0.7167
      type: 'test'
      ...
    1..12
ok 44 - Classification logic
  ---
  duration_ms: 13.1269
  type: 'suite'
  ...
# Subtest: Review checklist
    # Subtest: CI status pass when success
    ok 1 - CI status pass when success
      ---
      duration_ms: 0.4139
      type: 'test'
      ...
    # Subtest: CI status warn when pending
    ok 2 - CI status warn when pending
      ---
      duration_ms: 0.1555
      type: 'test'
      ...
    # Subtest: CI status fail when failure
    ok 3 - CI status fail when failure
      ---
      duration_ms: 0.203
      type: 'test'
      ...
    # Subtest: CI status warn when missing
    ok 4 - CI status warn when missing
      ---
      duration_ms: 0.3911
      type: 'test'
      ...
    # Subtest: merge conflicts detected
    ok 5 - merge conflicts detected
      ---
      duration_ms: 0.1516
      type: 'test'
      ...
    # Subtest: no merge conflicts
    ok 6 - no merge conflicts
      ---
      duration_ms: 0.1159
      type: 'test'
      ...
    # Subtest: security scan passes on clean diff
    ok 7 - security scan passes on clean diff
      ---
      duration_ms: 0.1641
      type: 'test'
      ...
    # Subtest: security scan fails on dangerous code
    ok 8 - security scan fails on dangerous code
      ---
      duration_ms: 0.2652
      type: 'test'
      ...
    # Subtest: security scan warns when no diff provided
    ok 9 - security scan warns when no diff provided
      ---
      duration_ms: 0.1601
      type: 'test'
      ...
    # Subtest: code quality warn on large PR
    ok 10 - code quality warn on large PR
      ---
      duration_ms: 0.1492
      type: 'test'
      ...
    # Subtest: code quality pass on reasonable PR
    ok 11 - code quality pass on reasonable PR
      ---
      duration_ms: 0.1228
      type: 'test'
      ...
    # Subtest: test coverage pass when tests included
    ok 12 - test coverage pass when tests included
      ---
      duration_ms: 0.1547
      type: 'test'
      ...
    # Subtest: test coverage fail when no tests
    ok 13 - test coverage fail when no tests
      ---
      duration_ms: 0.1966
      type: 'test'
      ...
    1..13
ok 45 - Review checklist
  ---
  duration_ms: 3.1743
  type: 'suite'
  ...
# Subtest: Output format
    # Subtest: returns correct structure for worthy PR
    ok 1 - returns correct structure for worthy PR
      ---
      duration_ms: 0.3386
      type: 'test'
      ...
    # Subtest: verdict is one of PASS|WARN|HALT
    ok 2 - verdict is one of PASS|WARN|HALT
      ---
      duration_ms: 0.4182
      type: 'test'
      ...
    # Subtest: classification is one of slop|superseded|worthy|blocker
    ok 3 - classification is one of slop|superseded|worthy|blocker
      ---
      duration_ms: 0.148
      type: 'test'
      ...
    # Subtest: issues contain rule and message
    ok 4 - issues contain rule and message
      ---
      duration_ms: 0.1249
      type: 'test'
      ...
    # Subtest: checklist has all expected items
    ok 5 - checklist has all expected items
      ---
      duration_ms: 0.1293
      type: 'test'
      ...
    # Subtest: merge_ready is boolean
    ok 6 - merge_ready is boolean
      ---
      duration_ms: 0.1257
      type: 'test'
      ...
    # Subtest: recommendation is non-empty string
    ok 7 - recommendation is non-empty string
      ---
      duration_ms: 0.105
      type: 'test'
      ...
    1..7
ok 46 - Output format
  ---
  duration_ms: 1.6384
  type: 'suite'
  ...
# Subtest: Edge cases
    # Subtest: missing PR info returns HALT with error
    ok 1 - missing PR info returns HALT with error
      ---
      duration_ms: 0.2243
      type: 'test'
      ...
    # Subtest: unknown repo defaults to "unknown"
    ok 2 - unknown repo defaults to "unknown"
      ---
      duration_ms: 0.2065
      type: 'test'
      ...
    # Subtest: parses GitHub URL correctly
    ok 3 - parses GitHub URL correctly
      ---
      duration_ms: 0.4441
      type: 'test'
      ...
    # Subtest: parses GitHub URL with trailing slash
    ok 4 - parses GitHub URL with trailing slash
      ---
      duration_ms: 0.1944
      type: 'test'
      ...
    # Subtest: handles invalid GitHub URL gracefully
    ok 5 - handles invalid GitHub URL gracefully
      ---
      duration_ms: 0.1438
      type: 'test'
      ...
    # Subtest: handles all optional fields absent
    ok 6 - handles all optional fields absent
      ---
      duration_ms: 0.1172
      type: 'test'
      ...
    # Subtest: handles empty diff_content
    ok 7 - handles empty diff_content
      ---
      duration_ms: 0.1317
      type: 'test'
      ...
    # Subtest: handles pr_number from pr_url taking precedence
    ok 8 - handles pr_number from pr_url taking precedence
      ---
      duration_ms: 0.4167
      type: 'test'
      ...
    1..8
ok 47 - Edge cases
  ---
  duration_ms: 2.2944
  type: 'suite'
  ...
# Subtest: Tool handler
    # Subtest: returns structured response
    ok 1 - returns structured response
      ---
      duration_ms: 0.8057
      type: 'test'
      ...
    # Subtest: handles error gracefully
    ok 2 - handles error gracefully
      ---
      duration_ms: 0.3855
      type: 'test'
      ...
    1..2
ok 48 - Tool handler
  ---
  duration_ms: 2.4365
  type: 'suite'
  ...
# Subtest: Priority Classification
    # Subtest: should classify P0-critical for emergency keywords
    ok 1 - should classify P0-critical for emergency keywords
      ---
      duration_ms: 4.5907
      type: 'test'
      ...
    # Subtest: should classify P1-high for high-priority signals
    ok 2 - should classify P1-high for high-priority signals
      ---
      duration_ms: 2.5208
      type: 'test'
      ...
    # Subtest: should classify P1-high for security issues as fallback
    ok 3 - should classify P1-high for security issues as fallback
      ---
      duration_ms: 0.3117
      type: 'test'
      ...
    # Subtest: should classify P2-medium as default
    ok 4 - should classify P2-medium as default
      ---
      duration_ms: 0.1791
      type: 'test'
      ...
    # Subtest: should classify P3-low for cosmetic issues
    ok 5 - should classify P3-low for cosmetic issues
      ---
      duration_ms: 0.2744
      type: 'test'
      ...
    # Subtest: should detect explicit severity labels
    ok 6 - should detect explicit severity labels
      ---
      duration_ms: 0.1799
      type: 'test'
      ...
    1..6
ok 49 - Priority Classification
  ---
  duration_ms: 9.3087
  type: 'suite'
  ...
# Subtest: Type Classification
    # Subtest: should classify as bug when error signals present
    ok 1 - should classify as bug when error signals present
      ---
      duration_ms: 0.3662
      type: 'test'
      ...
    # Subtest: should classify as feature for feature requests
    ok 2 - should classify as feature for feature requests
      ---
      duration_ms: 0.347
      type: 'test'
      ...
    # Subtest: should classify as security for vulnerability reports
    ok 3 - should classify as security for vulnerability reports
      ---
      duration_ms: 0.4112
      type: 'test'
      ...
    # Subtest: should classify as performance for speed issues
    ok 4 - should classify as performance for speed issues
      ---
      duration_ms: 1.1615
      type: 'test'
      ...
    # Subtest: should classify as documentation for doc issues
    ok 5 - should classify as documentation for doc issues
      ---
      duration_ms: 0.2304
      type: 'test'
      ...
    # Subtest: should default to bug when no clear type signals
    ok 6 - should default to bug when no clear type signals
      ---
      duration_ms: 0.137
      type: 'test'
      ...
    1..6
ok 50 - Type Classification
  ---
  duration_ms: 3.029
  type: 'suite'
  ...
# Subtest: Scope Classification
    # Subtest: should detect frontend scope
    ok 1 - should detect frontend scope
      ---
      duration_ms: 0.2533
      type: 'test'
      ...
    # Subtest: should detect backend scope
    ok 2 - should detect backend scope
      ---
      duration_ms: 0.1631
      type: 'test'
      ...
    # Subtest: should detect infra scope
    ok 3 - should detect infra scope
      ---
      duration_ms: 0.1501
      type: 'test'
      ...
    # Subtest: should detect tooling scope
    ok 4 - should detect tooling scope
      ---
      duration_ms: 0.1434
      type: 'test'
      ...
    1..4
ok 51 - Scope Classification
  ---
  duration_ms: 0.855
  type: 'suite'
  ...
# Subtest: Label Suggestion Logic
    # Subtest: should always include needs-triage for new issues
    ok 1 - should always include needs-triage for new issues
      ---
      duration_ms: 0.2057
      type: 'test'
      ...
    # Subtest: should not duplicate needs-triage if already applied
    ok 2 - should not duplicate needs-triage if already applied
      ---
      duration_ms: 0.1503
      type: 'test'
      ...
    # Subtest: should skip needs-triage if confirmed is already applied
    ok 3 - should skip needs-triage if confirmed is already applied
      ---
      duration_ms: 0.1153
      type: 'test'
      ...
    # Subtest: should list missing labels (suggested but not applied)
    ok 4 - should list missing labels (suggested but not applied)
      ---
      duration_ms: 0.1348
      type: 'test'
      ...
    # Subtest: should track existing labels
    ok 5 - should track existing labels
      ---
      duration_ms: 0.7184
      type: 'test'
      ...
    # Subtest: should compute confidence scores between 0 and 1
    ok 6 - should compute confidence scores between 0 and 1
      ---
      duration_ms: 0.1724
      type: 'test'
      ...
    # Subtest: should include reason strings for each suggested label
    ok 7 - should include reason strings for each suggested label
      ---
      duration_ms: 0.1688
      type: 'test'
      ...
    1..7
ok 52 - Label Suggestion Logic
  ---
  duration_ms: 1.9943
  type: 'suite'
  ...
# Subtest: Output Format
    # Subtest: should return verdict as PASS, WARN, or HALT
    ok 1 - should return verdict as PASS, WARN, or HALT
      ---
      duration_ms: 0.1897
      type: 'test'
      ...
    # Subtest: should have all required fields
    ok 2 - should have all required fields
      ---
      duration_ms: 0.1252
      type: 'test'
      ...
    # Subtest: should have correct structure for each suggested label
    ok 3 - should have correct structure for each suggested label
      ---
      duration_ms: 0.2163
      type: 'test'
      ...
    # Subtest: should return triage_notes as a string
    ok 4 - should return triage_notes as a string
      ---
      duration_ms: 0.1815
      type: 'test'
      ...
    1..4
ok 53 - Output Format
  ---
  duration_ms: 0.8764
  type: 'suite'
  ...
# Subtest: Edge Cases
    # Subtest: should handle empty title gracefully
    ok 1 - should handle empty title gracefully
      ---
      duration_ms: 0.441
      type: 'test'
      ...
    # Subtest: should handle whitespace-only title
    ok 2 - should handle whitespace-only title
      ---
      duration_ms: 0.1316
      type: 'test'
      ...
    # Subtest: should handle null/undefined body
    ok 3 - should handle null/undefined body
      ---
      duration_ms: 0.1284
      type: 'test'
      ...
    # Subtest: should handle ambiguous content with mixed signals
    ok 4 - should handle ambiguous content with mixed signals
      ---
      duration_ms: 0.1467
      type: 'test'
      ...
    # Subtest: should handle very long issue text
    ok 5 - should handle very long issue text
      ---
      duration_ms: 0.5437
      type: 'test'
      ...
    # Subtest: should handle special characters in title
    ok 6 - should handle special characters in title
      ---
      duration_ms: 0.1644
      type: 'test'
      ...
    # Subtest: should not re-suggest labels that are already applied
    ok 7 - should not re-suggest labels that are already applied
      ---
      duration_ms: 0.1964
      type: 'test'
      ...
    # Subtest: should handle case-insensitive existing labels
    ok 8 - should handle case-insensitive existing labels
      ---
      duration_ms: 0.4425
      type: 'test'
      ...
    # Subtest: should produce higher confidence for more specific titles
    ok 9 - should produce higher confidence for more specific titles
      ---
      duration_ms: 0.2442
      type: 'test'
      ...
    1..9
ok 54 - Edge Cases
  ---
  duration_ms: 2.7615
  type: 'suite'
  ...
# Subtest: compact_logs handler
    # Subtest: should extract errors and report savings
    ok 1 - should extract errors and report savings
      ---
      duration_ms: 17.3667
      type: 'test'
      ...
    # Subtest: should omit error details when keep_errors is false
    ok 2 - should omit error details when keep_errors is false
      ---
      duration_ms: 0.7069
      type: 'test'
      ...
    1..2
ok 55 - compact_logs handler
  ---
  duration_ms: 19.2681
  type: 'suite'
  ...
# Subtest: compact_diff handler
    # Subtest: should summarize a multi-file diff
    ok 1 - should summarize a multi-file diff
      ---
      duration_ms: 0.9068
      type: 'test'
      ...
    # Subtest: should report zero counts for empty diff
    ok 2 - should report zero counts for empty diff
      ---
      duration_ms: 0.5447
      type: 'test'
      ...
    1..2
ok 56 - compact_diff handler
  ---
  duration_ms: 2.8942
  type: 'suite'
  ...
# Subtest: compact_conversation_state handler
    # Subtest: should save summary to state and return confirmation
    ok 1 - should save summary to state and return confirmation
      ---
      duration_ms: 14.8957
      type: 'test'
      ...
    # Subtest: should increment entry count on multiple calls
    ok 2 - should increment entry count on multiple calls
      ---
      duration_ms: 16.338
      type: 'test'
      ...
    1..2
ok 57 - compact_conversation_state handler
  ---
  duration_ms: 31.6527
  type: 'suite'
  ...
# Subtest: promote_summary_to_checkpoint handler
    # Subtest: should fail gracefully when no compaction history exists
    ok 1 - should fail gracefully when no compaction history exists
      ---
      duration_ms: 0.7426
      type: 'test'
      ...
    # Subtest: should create checkpoint from latest compaction
    ok 2 - should create checkpoint from latest compaction
      ---
      duration_ms: 23.7842
      type: 'test'
      ...
    1..2
ok 58 - promote_summary_to_checkpoint handler
  ---
  duration_ms: 24.8057
  type: 'suite'
  ...
# Subtest: extractErrorsFromLogs
    # Subtest: should extract ERROR lines
    ok 1 - should extract ERROR lines
      ---
      duration_ms: 1.2459
      type: 'test'
      ...
    # Subtest: should count info lines discarded
    ok 2 - should count info lines discarded
      ---
      duration_ms: 0.1768
      type: 'test'
      ...
    # Subtest: should omit error details when keepErrors=false
    ok 3 - should omit error details when keepErrors=false
      ---
      duration_ms: 0.1497
      type: 'test'
      ...
    # Subtest: should handle empty logs
    ok 4 - should handle empty logs
      ---
      duration_ms: 0.2154
      type: 'test'
      ...
    # Subtest: should detect FATAL, exception, traceback, panic, CRITICAL
    ok 5 - should detect FATAL, exception, traceback, panic, CRITICAL
      ---
      duration_ms: 0.223
      type: 'test'
      ...
    1..5
ok 59 - extractErrorsFromLogs
  ---
  duration_ms: 3.1322
  type: 'suite'
  ...
# Subtest: summarizeDiff
    # Subtest: should extract changed files from unified diff
    ok 1 - should extract changed files from unified diff
      ---
      duration_ms: 0.5331
      type: 'test'
      ...
    # Subtest: should extract function hunk context
    ok 2 - should extract function hunk context
      ---
      duration_ms: 0.2831
      type: 'test'
      ...
    # Subtest: should handle empty diff
    ok 3 - should handle empty diff
      ---
      duration_ms: 0.2914
      type: 'test'
      ...
    1..3
ok 60 - summarizeDiff
  ---
  duration_ms: 1.3791
  type: 'suite'
  ...
# Subtest: compressToolOutput
    # Subtest: should return original text when input is empty
    ok 1 - should return original text when input is empty
      ---
      duration_ms: 1.3349
      type: 'test'
      ...
    # Subtest: should return original text when input is null/undefined
    ok 2 - should return original text when input is null/undefined
      ---
      duration_ms: 0.3126
      type: 'test'
      ...
    # Subtest: should compress large text and return stats with level > 0
    ok 3 - should compress large text and return stats with level > 0
      ---
      duration_ms: 34.5892
      type: 'test'
      ...
    # Subtest: should return sentinel hash when compression occurs
    ok 4 - should return sentinel hash when compression occurs
      ---
      duration_ms: 27.8479
      type: 'test'
      ...
    # Subtest: should not compress small text (below threshold)
    ok 5 - should not compress small text (below threshold)
      ---
      duration_ms: 5.3308
      type: 'test'
      ...
    # Subtest: should handle circuit breaker open state
    ok 6 - should handle circuit breaker open state
      ---
      duration_ms: 7.9839
      type: 'test'
      ...
    # Subtest: should track volatile content via cache aligner
    ok 7 - should track volatile content via cache aligner
      ---
      duration_ms: 0.5836
      type: 'test'
      ...
    1..7
ok 61 - compressToolOutput
  ---
  duration_ms: 80.7776
  type: 'suite'
  ...
# Subtest: decompressOutput
    # Subtest: should return not found for non-existent hash
    ok 1 - should return not found for non-existent hash
      ---
      duration_ms: 0.2839
      type: 'test'
      ...
    # Subtest: should retrieve original after compress + store cycle
    ok 2 - should retrieve original after compress + store cycle
      ---
      duration_ms: 0.3284
      type: 'test'
      ...
    1..2
ok 62 - decompressOutput
  ---
  duration_ms: 0.8791
  type: 'suite'
  ...
# Subtest: getCompressionStats
    # Subtest: should return store size and circuit breaker status
    ok 1 - should return store size and circuit breaker status
      ---
      duration_ms: 0.3463
      type: 'test'
      ...
    1..1
ok 63 - getCompressionStats
  ---
  duration_ms: 0.4292
  type: 'suite'
  ...
# Subtest: Config paths
    # Subtest: should export absolute paths
    ok 1 - should export absolute paths
      ---
      duration_ms: 0.7856
      type: 'test'
      ...
    # Subtest: should have RULES_DIR pointing to ai-rules
    ok 2 - should have RULES_DIR pointing to ai-rules
      ---
      duration_ms: 0.1979
      type: 'test'
      ...
    # Subtest: should have MEMORY_FILE pointing to JSON
    ok 3 - should have MEMORY_FILE pointing to JSON
      ---
      duration_ms: 0.3603
      type: 'test'
      ...
    # Subtest: should have PROJECT_STATE_FILE pointing to JSON
    ok 4 - should have PROJECT_STATE_FILE pointing to JSON
      ---
      duration_ms: 0.1869
      type: 'test'
      ...
    1..4
ok 64 - Config paths
  ---
  duration_ms: 3.4894
  type: 'suite'
  ...
# Subtest: TOPIC_MAP
    # Subtest: should map common keywords to rule files
    ok 1 - should map common keywords to rule files
      ---
      duration_ms: 0.3955
      type: 'test'
      ...
    # Subtest: should have all values as .md files
    ok 2 - should have all values as .md files
      ---
      duration_ms: 0.1658
      type: 'test'
      ...
    # Subtest: should have multiple aliases for same files
    ok 3 - should have multiple aliases for same files
      ---
      duration_ms: 0.2833
      type: 'test'
      ...
    1..3
ok 65 - TOPIC_MAP
  ---
  duration_ms: 1.241
  type: 'suite'
  ...
# Subtest: RULE_DESCRIPTIONS
    # Subtest: should have descriptions for all known rule files
    ok 1 - should have descriptions for all known rule files
      ---
      duration_ms: 0.3549
      type: 'test'
      ...
    # Subtest: should have non-empty string descriptions
    ok 2 - should have non-empty string descriptions
      ---
      duration_ms: 0.2571
      type: 'test'
      ...
    1..2
ok 66 - RULE_DESCRIPTIONS
  ---
  duration_ms: 1.0043
  type: 'suite'
  ...
# Subtest: BAD_PATTERNS
    # Subtest: should be an array of pattern objects
    ok 1 - should be an array of pattern objects
      ---
      duration_ms: 0.2431
      type: 'test'
      ...
    # Subtest: should have regex, id, and msg in each pattern
    ok 2 - should have regex, id, and msg in each pattern
      ---
      duration_ms: 1.0058
      type: 'test'
      ...
    # Subtest: should have unique ids (or intentional duplicates)
    ok 3 - should have unique ids (or intentional duplicates)
      ---
      duration_ms: 0.1842
      type: 'test'
      ...
    # Subtest: should include Python-specific patterns
    ok 4 - should include Python-specific patterns
      ---
      duration_ms: 0.1216
      type: 'test'
      ...
    1..4
ok 67 - BAD_PATTERNS
  ---
  duration_ms: 1.8463
  type: 'suite'
  ...
# Subtest: CRITICAL-1: validateAbsolutePath path traversal bypass
    # Subtest: should reject ".." segments in raw input BEFORE resolve normalizes them
    ok 1 - should reject ".." segments in raw input BEFORE resolve normalizes them
      ---
      duration_ms: 2.3802
      type: 'test'
      ...
    # Subtest: should reject backslash traversal on Windows-style paths
    ok 2 - should reject backslash traversal on Windows-style paths
      ---
      duration_ms: 0.1861
      type: 'test'
      ...
    # Subtest: should reject single ".." segment
    ok 3 - should reject single ".." segment
      ---
      duration_ms: 0.1402
      type: 'test'
      ...
    # Subtest: should reject path that is just ".."
    ok 4 - should reject path that is just ".."
      ---
      duration_ms: 0.1989
      type: 'test'
      ...
    # Subtest: should reject path starting with "../"
    ok 5 - should reject path starting with "../"
      ---
      duration_ms: 0.1317
      type: 'test'
      ...
    # Subtest: should allow valid absolute paths without traversal
    ok 6 - should allow valid absolute paths without traversal
      ---
      duration_ms: 0.2233
      type: 'test'
      ...
    # Subtest: should allow paths with single-dot (current dir) components
    ok 7 - should allow paths with single-dot (current dir) components
      ---
      duration_ms: 0.2025
      type: 'test'
      ...
    # Subtest: should reject deeply nested traversal
    ok 8 - should reject deeply nested traversal
      ---
      duration_ms: 0.2436
      type: 'test'
      ...
    1..8
ok 68 - CRITICAL-1: validateAbsolutePath path traversal bypass
  ---
  duration_ms: 5.5977
  type: 'suite'
  ...
# Subtest: CRITICAL-4: withRateLimit missing try-catch
    # Subtest: should catch errors thrown by wrapped handler and return HALT
    ok 1 - should catch errors thrown by wrapped handler and return HALT
      ---
      duration_ms: 0.4981
      type: 'test'
      ...
    # Subtest: should still return HALT on rate limit even if handler would fail
    ok 2 - should still return HALT on rate limit even if handler would fail
      ---
      duration_ms: 0.3496
      type: 'test'
      ...
    # Subtest: should pass through successful handler results
    ok 3 - should pass through successful handler results
      ---
      duration_ms: 0.2101
      type: 'test'
      ...
    # Subtest: should handle async errors (rejected promises)
    ok 4 - should handle async errors (rejected promises)
      ---
      duration_ms: 0.1949
      type: 'test'
      ...
    # Subtest: should handle handler returning a rejected promise without await
    ok 5 - should handle handler returning a rejected promise without await
      ---
      duration_ms: 0.1721
      type: 'test'
      ...
    1..5
ok 69 - CRITICAL-4: withRateLimit missing try-catch
  ---
  duration_ms: 1.684
  type: 'suite'
  ...
# Subtest: CRITICAL-2: run_test_and_report command injection prevention
    # Subtest: should import execFileSync instead of execSync
    ok 1 - should import execFileSync instead of execSync
      ---
      duration_ms: 18.5278
      type: 'test'
      ...
    # Subtest: validateAbsolutePath still works in watchdog context
    ok 2 - validateAbsolutePath still works in watchdog context
      ---
      duration_ms: 0.6748
      type: 'test'
      ...
    1..2
ok 70 - CRITICAL-2: run_test_and_report command injection prevention
  ---
  duration_ms: 19.343
  type: 'suite'
  ...
# Subtest: dependency resolution phase 2
    # Subtest: should resolve monorepo workspace package imports through package exports
    ok 1 - should resolve monorepo workspace package imports through package exports
      ---
      duration_ms: 22.9643
      type: 'test'
      ...
    # Subtest: should resolve tsconfig paths and vite aliases
    ok 2 - should resolve tsconfig paths and vite aliases
      ---
      duration_ms: 31.4192
      type: 'test'
      ...
    # Subtest: should fail when a package subpath is outside declared exports
    ok 3 - should fail when a package subpath is outside declared exports
      ---
      duration_ms: 33.8512
      type: 'test'
      ...
    # Subtest: should detect workspace root and alias metadata
    ok 4 - should detect workspace root and alias metadata
      ---
      duration_ms: 40.5333
      type: 'test'
      ...
    1..4
ok 71 - dependency resolution phase 2
  ---
  duration_ms: 130.1345
  type: 'suite'
  ...
# Subtest: MCP stdio E2E
    # Subtest: should initialize and list tools over stdio
    ok 1 - should initialize and list tools over stdio
      ---
      duration_ms: 617.9269
      type: 'test'
      ...
    1..1
ok 72 - MCP stdio E2E
  ---
  duration_ms: 619.1478
  type: 'suite'
  ...
# Subtest: output contract
    # Subtest: returns all required fields
    ok 1 - returns all required fields
      ---
      duration_ms: 2.9798
      type: 'test'
      ...
    # Subtest: verdict is one of PASS, WARN, HALT
    ok 2 - verdict is one of PASS, WARN, HALT
      ---
      duration_ms: 1.8901
      type: 'test'
      ...
    # Subtest: failure_class is a string
    ok 3 - failure_class is a string
      ---
      duration_ms: 0.3703
      type: 'test'
      ...
    # Subtest: evidence is an array of strings
    ok 4 - evidence is an array of strings
      ---
      duration_ms: 0.1853
      type: 'test'
      ...
    # Subtest: safe_to_continue is boolean
    ok 5 - safe_to_continue is boolean
      ---
      duration_ms: 0.1389
      type: 'test'
      ...
    # Subtest: ruled_out is an array of strings
    ok 6 - ruled_out is an array of strings
      ---
      duration_ms: 0.1443
      type: 'test'
      ...
    1..6
ok 73 - output contract
  ---
  duration_ms: 6.947
  type: 'suite'
  ...
# Subtest: dependency class
    # Subtest: module not found → dependency
    ok 1 - module not found → dependency
      ---
      duration_ms: 0.4426
      type: 'test'
      ...
    # Subtest: missing import → dependency
    ok 2 - missing import → dependency
      ---
      duration_ms: 0.8794
      type: 'test'
      ...
    # Subtest: ESM resolution failure → dependency
    ok 3 - ESM resolution failure → dependency
      ---
      duration_ms: 0.3216
      type: 'test'
      ...
    1..3
ok 74 - dependency class
  ---
  duration_ms: 2.0766
  type: 'suite'
  ...
# Subtest: validation class
    # Subtest: regex pattern match → validation
    ok 1 - regex pattern match → validation
      ---
      duration_ms: 0.2598
      type: 'test'
      ...
    # Subtest: schema failure → validation
    ok 2 - schema failure → validation
      ---
      duration_ms: 0.146
      type: 'test'
      ...
    # Subtest: lint error → validation
    ok 3 - lint error → validation
      ---
      duration_ms: 0.1413
      type: 'test'
      ...
    1..3
ok 75 - validation class
  ---
  duration_ms: 0.6694
  type: 'suite'
  ...
# Subtest: tool class
    # Subtest: file not found → tool
    ok 1 - file not found → tool
      ---
      duration_ms: 0.1755
      type: 'test'
      ...
    # Subtest: permission denied → tool
    ok 2 - permission denied → tool
      ---
      duration_ms: 0.1289
      type: 'test'
      ...
    # Subtest: timeout → tool
    ok 3 - timeout → tool
      ---
      duration_ms: 0.138
      type: 'test'
      ...
    # Subtest: rate limit → tool
    ok 4 - rate limit → tool
      ---
      duration_ms: 2.197
      type: 'test'
      ...
    1..4
ok 76 - tool class
  ---
  duration_ms: 2.7999
  type: 'suite'
  ...
# Subtest: network class
    # Subtest: connection refused → network
    ok 1 - connection refused → network
      ---
      duration_ms: 0.2283
      type: 'test'
      ...
    # Subtest: DNS resolution failure → network
    ok 2 - DNS resolution failure → network
      ---
      duration_ms: 0.1463
      type: 'test'
      ...
    # Subtest: API error → network
    ok 3 - API error → network
      ---
      duration_ms: 0.1503
      type: 'test'
      ...
    1..3
ok 77 - network class
  ---
  duration_ms: 0.7533
  type: 'suite'
  ...
# Subtest: hallucination class
    # Subtest: reference to non-existent file → hallucination
    ok 1 - reference to non-existent file → hallucination
      ---
      duration_ms: 0.2833
      type: 'test'
      ...
    # Subtest: undefined variable reference → hallucination
    ok 2 - undefined variable reference → hallucination
      ---
      duration_ms: 0.1413
      type: 'test'
      ...
    1..2
ok 78 - hallucination class
  ---
  duration_ms: 0.5224
  type: 'suite'
  ...
# Subtest: unknown class
    # Subtest: empty error → unknown
    ok 1 - empty error → unknown
      ---
      duration_ms: 0.1535
      type: 'test'
      ...
    # Subtest: whitespace-only error → unknown
    ok 2 - whitespace-only error → unknown
      ---
      duration_ms: 0.0954
      type: 'test'
      ...
    # Subtest: unrecognizable error → unknown
    ok 3 - unrecognizable error → unknown
      ---
      duration_ms: 0.1546
      type: 'test'
      ...
    1..3
ok 79 - unknown class
  ---
  duration_ms: 0.5735
  type: 'suite'
  ...
# Subtest: config class
    # Subtest: missing config → config
    ok 1 - missing config → config
      ---
      duration_ms: 0.2262
      type: 'test'
      ...
    # Subtest: missing env variable → config
    ok 2 - missing env variable → config
      ---
      duration_ms: 0.1556
      type: 'test'
      ...
    1..2
ok 80 - config class
  ---
  duration_ms: 0.4919
  type: 'suite'
  ...
# Subtest: compression class
    # Subtest: CCR pipeline failure → compression
    ok 1 - CCR pipeline failure → compression
      ---
      duration_ms: 0.1743
      type: 'test'
      ...
    1..1
ok 81 - compression class
  ---
  duration_ms: 0.2551
  type: 'suite'
  ...
# Subtest: memory class
    # Subtest: observation save failure → memory
    ok 1 - observation save failure → memory
      ---
      duration_ms: 0.2036
      type: 'test'
      ...
    # Subtest: JSON parse failure on memory file → memory
    ok 2 - JSON parse failure on memory file → memory
      ---
      duration_ms: 0.1602
      type: 'test'
      ...
    1..2
ok 82 - memory class
  ---
  duration_ms: 0.4757
  type: 'suite'
  ...
# Subtest: state class
    # Subtest: project state corruption → state
    ok 1 - project state corruption → state
      ---
      duration_ms: 0.1694
      type: 'test'
      ...
    1..1
ok 83 - state class
  ---
  duration_ms: 0.2317
  type: 'suite'
  ...
# Subtest: context improves classification
    # Subtest: ambiguous error + context resolves to correct class
    ok 1 - ambiguous error + context resolves to correct class
      ---
      duration_ms: 0.1813
      type: 'test'
      ...
    # Subtest: ambiguous file error + context resolves to config
    ok 2 - ambiguous file error + context resolves to config
      ---
      duration_ms: 0.1514
      type: 'test'
      ...
    # Subtest: ambiguous error + context about network resolves to network
    ok 3 - ambiguous error + context about network resolves to network
      ---
      duration_ms: 0.2008
      type: 'test'
      ...
    1..3
ok 84 - context improves classification
  ---
  duration_ms: 0.6572
  type: 'suite'
  ...
# Subtest: ruled_out
    # Subtest: lists other matching classes that scored lower
    ok 1 - lists other matching classes that scored lower
      ---
      duration_ms: 0.4316
      type: 'test'
      ...
    1..1
ok 85 - ruled_out
  ---
  duration_ms: 0.7497
  type: 'suite'
  ...
# Subtest: classify_failure tool registration
    # Subtest: registers tool on server
    ok 1 - registers tool on server
      ---
      duration_ms: 1.1271
      type: 'test'
      ...
    # Subtest: handler returns valid result via tool call
    ok 2 - handler returns valid result via tool call
      ---
      duration_ms: 0.6421
      type: 'test'
      ...
    # Subtest: handler respects context parameter
    ok 3 - handler respects context parameter
      ---
      duration_ms: 0.402
      type: 'test'
      ...
    # Subtest: handler handles empty error gracefully
    ok 4 - handler handles empty error gracefully
      ---
      duration_ms: 0.1985
      type: 'test'
      ...
    1..4
ok 86 - classify_failure tool registration
  ---
  duration_ms: 3.4328
  type: 'suite'
  ...
# Subtest: runInjectionRail
    # Subtest: should PASS on clean input
    ok 1 - should PASS on clean input
      ---
      duration_ms: 1.525
      type: 'test'
      ...
    # Subtest: should HALT on "ignore previous instructions"
    ok 2 - should HALT on "ignore previous instructions"
      ---
      duration_ms: 0.962
      type: 'test'
      ...
    # Subtest: should HALT on jailbreak attempt
    ok 3 - should HALT on jailbreak attempt
      ---
      duration_ms: 0.2879
      type: 'test'
      ...
    # Subtest: should HALT on prompt exfiltration attempt
    ok 4 - should HALT on prompt exfiltration attempt
      ---
      duration_ms: 0.1723
      type: 'test'
      ...
    1..4
ok 87 - runInjectionRail
  ---
  duration_ms: 4.8337
  type: 'suite'
  ...
# Subtest: runPIIRail
    # Subtest: should PASS on clean input
    ok 1 - should PASS on clean input
      ---
      duration_ms: 0.7847
      type: 'test'
      ...
    # Subtest: should WARN on email address
    ok 2 - should WARN on email address
      ---
      duration_ms: 0.392
      type: 'test'
      ...
    # Subtest: should WARN on phone number
    ok 3 - should WARN on phone number
      ---
      duration_ms: 0.2369
      type: 'test'
      ...
    # Subtest: should WARN on SSN
    ok 4 - should WARN on SSN
      ---
      duration_ms: 0.3129
      type: 'test'
      ...
    # Subtest: should WARN on credit card number
    ok 5 - should WARN on credit card number
      ---
      duration_ms: 0.2821
      type: 'test'
      ...
    1..5
ok 88 - runPIIRail
  ---
  duration_ms: 2.6226
  type: 'suite'
  ...
# Subtest: runLengthRail
    # Subtest: should PASS on normal length input
    ok 1 - should PASS on normal length input
      ---
      duration_ms: 0.2477
      type: 'test'
      ...
    # Subtest: should HALT on input exceeding 100K chars
    ok 2 - should HALT on input exceeding 100K chars
      ---
      duration_ms: 0.1401
      type: 'test'
      ...
    # Subtest: should PASS on exactly 100K chars
    ok 3 - should PASS on exactly 100K chars
      ---
      duration_ms: 0.0941
      type: 'test'
      ...
    1..3
ok 89 - runLengthRail
  ---
  duration_ms: 0.625
  type: 'suite'
  ...
# Subtest: runQualityRail
    # Subtest: should PASS on clean output
    ok 1 - should PASS on clean output
      ---
      duration_ms: 0.7295
      type: 'test'
      ...
    # Subtest: should HALT on hesitation filler
    ok 2 - should HALT on hesitation filler
      ---
      duration_ms: 0.5761
      type: 'test'
      ...
    # Subtest: should WARN on warm-up filler
    ok 3 - should WARN on warm-up filler
      ---
      duration_ms: 0.2028
      type: 'test'
      ...
    1..3
ok 90 - runQualityRail
  ---
  duration_ms: 1.6352
  type: 'suite'
  ...
# Subtest: runSafetyRail
    # Subtest: should PASS on safe output
    ok 1 - should PASS on safe output
      ---
      duration_ms: 0.6317
      type: 'test'
      ...
    # Subtest: should HALT on harmful instructions
    ok 2 - should HALT on harmful instructions
      ---
      duration_ms: 0.4318
      type: 'test'
      ...
    1..2
ok 91 - runSafetyRail
  ---
  duration_ms: 1.1738
  type: 'suite'
  ...
# Subtest: runSchemaRail
    # Subtest: should PASS on valid JSON with expected keys
    ok 1 - should PASS on valid JSON with expected keys
      ---
      duration_ms: 0.2845
      type: 'test'
      ...
    # Subtest: should HALT on missing expected keys
    ok 2 - should HALT on missing expected keys
      ---
      duration_ms: 0.1404
      type: 'test'
      ...
    # Subtest: should WARN on non-JSON output
    ok 3 - should WARN on non-JSON output
      ---
      duration_ms: 0.7409
      type: 'test'
      ...
    # Subtest: should WARN on output shorter than minimum length
    ok 4 - should WARN on output shorter than minimum length
      ---
      duration_ms: 0.1219
      type: 'test'
      ...
    1..4
ok 92 - runSchemaRail
  ---
  duration_ms: 1.4395
  type: 'suite'
  ...
# Subtest: runGuardrailPipeline
    # Subtest: should PASS clean input through all input rails
    ok 1 - should PASS clean input through all input rails
      ---
      duration_ms: 0.4305
      type: 'test'
      ...
    # Subtest: should HALT on injection attempt
    ok 2 - should HALT on injection attempt
      ---
      duration_ms: 0.1272
      type: 'test'
      ...
    # Subtest: should WARN on PII in input
    ok 3 - should WARN on PII in input
      ---
      duration_ms: 0.1306
      type: 'test'
      ...
    # Subtest: should HALT on very long input
    ok 4 - should HALT on very long input
      ---
      duration_ms: 1.797
      type: 'test'
      ...
    # Subtest: should work with custom rail selection
    ok 5 - should work with custom rail selection
      ---
      duration_ms: 0.1737
      type: 'test'
      ...
    # Subtest: should stop pipeline on HALT
    ok 6 - should stop pipeline on HALT
      ---
      duration_ms: 0.2217
      type: 'test'
      ...
    # Subtest: should work with output direction
    ok 7 - should work with output direction
      ---
      duration_ms: 0.1988
      type: 'test'
      ...
    # Subtest: should HALT on harmful output content
    ok 8 - should HALT on harmful output content
      ---
      duration_ms: 0.1548
      type: 'test'
      ...
    1..8
ok 93 - runGuardrailPipeline
  ---
  duration_ms: 3.5406
  type: 'suite'
  ...
# Subtest: runRail
    # Subtest: should dispatch to correct rail by name
    ok 1 - should dispatch to correct rail by name
      ---
      duration_ms: 0.1428
      type: 'test'
      ...
    # Subtest: should return WARN for unknown rail names
    ok 2 - should return WARN for unknown rail names
      ---
      duration_ms: 0.1241
      type: 'test'
      ...
    # Subtest: should pass options to schema rail
    ok 3 - should pass options to schema rail
      ---
      duration_ms: 0.125
      type: 'test'
      ...
    1..3
ok 94 - runRail
  ---
  duration_ms: 0.5082
  type: 'suite'
  ...
# Subtest: minifyTokens
    # Subtest: should remove HTML comments
    ok 1 - should remove HTML comments
      ---
      duration_ms: 1.8468
      type: 'test'
      ...
    # Subtest: should collapse multiple blank lines
    ok 2 - should collapse multiple blank lines
      ---
      duration_ms: 0.5817
      type: 'test'
      ...
    # Subtest: should trim trailing whitespace
    ok 3 - should trim trailing whitespace
      ---
      duration_ms: 0.2927
      type: 'test'
      ...
    # Subtest: should return null/undefined as-is
    ok 4 - should return null/undefined as-is
      ---
      duration_ms: 0.2943
      type: 'test'
      ...
    1..4
ok 95 - minifyTokens
  ---
  duration_ms: 7.7871
  type: 'suite'
  ...
# Subtest: safeResolvePath
    # Subtest: should resolve valid paths inside base
    ok 1 - should resolve valid paths inside base
      ---
      duration_ms: 4.7216
      type: 'test'
      ...
    # Subtest: should reject path traversal
    ok 2 - should reject path traversal
      ---
      duration_ms: 2.2808
      type: 'test'
      ...
    # Subtest: should reject prefix-collision escapes
    ok 3 - should reject prefix-collision escapes
      ---
      duration_ms: 3.0764
      type: 'test'
      ...
    # Subtest: should reject symlink escapes
    ok 4 - should reject symlink escapes # SKIP
      ---
      duration_ms: 0.2149
      type: 'test'
      ...
    1..4
ok 96 - safeResolvePath
  ---
  duration_ms: 10.8562
  type: 'suite'
  ...
# Subtest: CRITICAL-5: compress_tool_output try-catch
    # Subtest: should catch errors from compressToolOutput and not crash
    ok 1 - should catch errors from compressToolOutput and not crash
      ---
      duration_ms: 1.4163
      type: 'test'
      ...
    # Subtest: should catch errors from compressToolOutput with invalid input
    ok 2 - should catch errors from compressToolOutput with invalid input
      ---
      duration_ms: 0.4761
      type: 'test'
      ...
    1..2
ok 97 - CRITICAL-5: compress_tool_output try-catch
  ---
  duration_ms: 4.7846
  type: 'suite'
  ...
# Subtest: CRITICAL-6: decompress_tool_output try-catch
    # Subtest: should catch errors from decompressOutput and not crash
    ok 1 - should catch errors from decompressOutput and not crash
      ---
      duration_ms: 0.3992
      type: 'test'
      ...
    # Subtest: should return found: false for invalid hash
    ok 2 - should return found: false for invalid hash
      ---
      duration_ms: 0.1555
      type: 'test'
      ...
    1..2
ok 98 - CRITICAL-6: decompress_tool_output try-catch
  ---
  duration_ms: 0.7393
  type: 'suite'
  ...
# Subtest: HIGH-5: learn-trigger setInterval async callback
    # Subtest: should catch rejected promises from runCycle in setInterval
    ok 1 - should catch rejected promises from runCycle in setInterval
      ---
      duration_ms: 109.7756
      type: 'test'
      ...
    # Subtest: should not crash on concurrent runCycle calls
    ok 2 - should not crash on concurrent runCycle calls
      ---
      duration_ms: 152.3163
      type: 'test'
      ...
    1..2
ok 99 - HIGH-5: learn-trigger setInterval async callback
  ---
  duration_ms: 263.5334
  type: 'suite'
  ...
# Subtest: HIGH-10: auto_validate_output outer try-catch
    # Subtest: should catch errors from validateAbsolutePath in handler
    ok 1 - should catch errors from validateAbsolutePath in handler
      ---
      duration_ms: 3.7736
      type: 'test'
      ...
    # Subtest: validateAbsolutePath with traversal returns HALT, not crash
    ok 2 - validateAbsolutePath with traversal returns HALT, not crash
      ---
      duration_ms: 0.8092
      type: 'test'
      ...
    1..2
ok 100 - HIGH-10: auto_validate_output outer try-catch
  ---
  duration_ms: 4.9079
  type: 'suite'
  ...
# Subtest: HIGH-6/7: validators error handling
    # Subtest: should export registerValidatorsTools
    ok 1 - should export registerValidatorsTools
      ---
      duration_ms: 116.1245
      type: 'test'
      ...
    1..1
ok 101 - HIGH-6/7: validators error handling
  ---
  duration_ms: 116.4727
  type: 'suite'
  ...
# Subtest: HIGH-8/9: watchdog error handling
    # Subtest: should export registerWatchdogTools
    ok 1 - should export registerWatchdogTools
      ---
      duration_ms: 3.8753
      type: 'test'
      ...
    1..1
ok 102 - HIGH-8/9: watchdog error handling
  ---
  duration_ms: 3.983
  type: 'suite'
  ...
# Subtest: HIGH-11: memory error handling
    # Subtest: should export registerMemoryTools
    ok 1 - should export registerMemoryTools
      ---
      duration_ms: 2.0516
      type: 'test'
      ...
    1..1
ok 103 - HIGH-11: memory error handling
  ---
  duration_ms: 2.2002
  type: 'suite'
  ...
# Subtest: compress_markdown — happy path: compress a valid markdown file
    # Subtest: should remove HTML comments, collapse blank lines, and trim whitespace
    ok 1 - should remove HTML comments, collapse blank lines, and trim whitespace
      ---
      duration_ms: 1.1699
      type: 'test'
      ...
    # Subtest: should produce a smaller output than the input
    ok 2 - should produce a smaller output than the input
      ---
      duration_ms: 12.6974
      type: 'test'
      ...
    # Subtest: should preserve markdown structure (headings, lists, code blocks)
    ok 3 - should preserve markdown structure (headings, lists, code blocks)
      ---
      duration_ms: 0.7545
      type: 'test'
      ...
    1..3
ok 104 - compress_markdown — happy path: compress a valid markdown file
  ---
  duration_ms: 17.3563
  type: 'suite'
  ...
# Subtest: compress_markdown — error path: non-existent file
    # Subtest: readFile should return null for a non-existent path
    ok 1 - readFile should return null for a non-existent path
      ---
      duration_ms: 0.5853
      type: 'test'
      ...
    # Subtest: minifyTokens should handle null input gracefully
    ok 2 - minifyTokens should handle null input gracefully
      ---
      duration_ms: 1.1567
      type: 'test'
      ...
    # Subtest: minifyTokens should handle empty string input
    ok 3 - minifyTokens should handle empty string input
      ---
      duration_ms: 0.2382
      type: 'test'
      ...
    1..3
ok 105 - compress_markdown — error path: non-existent file
  ---
  duration_ms: 2.318
  type: 'suite'
  ...
# Subtest: BAD_PATTERNS - SQL Injection
    # Subtest: should detect SELECT FROM pattern
    ok 1 - should detect SELECT FROM pattern
      ---
      duration_ms: 0.9048
      type: 'test'
      ...
    # Subtest: should detect INSERT INTO pattern
    ok 2 - should detect INSERT INTO pattern
      ---
      duration_ms: 0.2572
      type: 'test'
      ...
    # Subtest: should detect DROP TABLE pattern
    ok 3 - should detect DROP TABLE pattern
      ---
      duration_ms: 0.337
      type: 'test'
      ...
    # Subtest: should detect UNION SELECT pattern
    ok 4 - should detect UNION SELECT pattern
      ---
      duration_ms: 0.2195
      type: 'test'
      ...
    1..4
ok 106 - BAD_PATTERNS - SQL Injection
  ---
  duration_ms: 2.795
  type: 'suite'
  ...
# Subtest: BAD_PATTERNS - XSS
    # Subtest: should detect script tag
    ok 1 - should detect script tag
      ---
      duration_ms: 0.4554
      type: 'test'
      ...
    # Subtest: should detect javascript URI
    ok 2 - should detect javascript URI
      ---
      duration_ms: 0.2414
      type: 'test'
      ...
    # Subtest: should detect onerror attribute
    ok 3 - should detect onerror attribute
      ---
      duration_ms: 0.3375
      type: 'test'
      ...
    # Subtest: should detect onload attribute
    ok 4 - should detect onload attribute
      ---
      duration_ms: 0.3995
      type: 'test'
      ...
    1..4
ok 107 - BAD_PATTERNS - XSS
  ---
  duration_ms: 1.7634
  type: 'suite'
  ...
# Subtest: BAD_PATTERNS - Command Injection
    # Subtest: should detect exec()
    ok 1 - should detect exec()
      ---
      duration_ms: 0.3096
      type: 'test'
      ...
    # Subtest: should detect spawn()
    ok 2 - should detect spawn()
      ---
      duration_ms: 0.3922
      type: 'test'
      ...
    # Subtest: should detect system()
    ok 3 - should detect system()
      ---
      duration_ms: 0.1994
      type: 'test'
      ...
    1..3
ok 108 - BAD_PATTERNS - Command Injection
  ---
  duration_ms: 1.1379
  type: 'suite'
  ...
# Subtest: BAD_PATTERNS - Path Traversal
    # Subtest: should detect forward slash traversal
    ok 1 - should detect forward slash traversal
      ---
      duration_ms: 0.1479
      type: 'test'
      ...
    # Subtest: should detect backslash traversal
    ok 2 - should detect backslash traversal
      ---
      duration_ms: 0.0947
      type: 'test'
      ...
    # Subtest: should detect /etc/passwd reference
    ok 3 - should detect /etc/passwd reference
      ---
      duration_ms: 0.1417
      type: 'test'
      ...
    1..3
ok 109 - BAD_PATTERNS - Path Traversal
  ---
  duration_ms: 0.4819
  type: 'suite'
  ...
# Subtest: BAD_PATTERNS - Hardcoded Secrets
    # Subtest: should detect hardcoded password
    ok 1 - should detect hardcoded password
      ---
      duration_ms: 0.2511
      type: 'test'
      ...
    # Subtest: should detect hardcoded API key
    ok 2 - should detect hardcoded API key
      ---
      duration_ms: 0.1891
      type: 'test'
      ...
    # Subtest: should detect generic hardcoded secret
    ok 3 - should detect generic hardcoded secret
      ---
      duration_ms: 0.1829
      type: 'test'
      ...
    1..3
ok 110 - BAD_PATTERNS - Hardcoded Secrets
  ---
  duration_ms: 0.7922
  type: 'suite'
  ...
# Subtest: validate_input_schema tool
    # Subtest: should be registered in validators
    ok 1 - should be registered in validators
      ---
      duration_ms: 2.3697
      type: 'test'
      ...
    # Subtest: should PASS for clean input
    ok 2 - should PASS for clean input
      ---
      duration_ms: 1.643
      type: 'test'
      ...
    # Subtest: should HALT on SQL injection in string field
    ok 3 - should HALT on SQL injection in string field
      ---
      duration_ms: 0.9816
      type: 'test'
      ...
    # Subtest: should HALT on XSS pattern
    ok 4 - should HALT on XSS pattern
      ---
      duration_ms: 0.6653
      type: 'test'
      ...
    # Subtest: should HALT on command injection
    ok 5 - should HALT on command injection
      ---
      duration_ms: 0.7122
      type: 'test'
      ...
    # Subtest: should HALT on path traversal
    ok 6 - should HALT on path traversal
      ---
      duration_ms: 0.6118
      type: 'test'
      ...
    # Subtest: should HALT on hardcoded password
    ok 7 - should HALT on hardcoded password
      ---
      duration_ms: 3.2012
      type: 'test'
      ...
    1..7
ok 111 - validate_input_schema tool
  ---
  duration_ms: 10.5456
  type: 'suite'
  ...
# Subtest: validate_input_schema - Schema Validation
    # Subtest: should enforce additionalProperties: false
    ok 1 - should enforce additionalProperties: false
      ---
      duration_ms: 1.0703
      type: 'test'
      ...
    # Subtest: should PASS when all properties are in schema
    ok 2 - should PASS when all properties are in schema
      ---
      duration_ms: 0.5222
      type: 'test'
      ...
    # Subtest: should detect missing required fields
    ok 3 - should detect missing required fields
      ---
      duration_ms: 1.0249
      type: 'test'
      ...
    # Subtest: should detect type mismatches
    ok 4 - should detect type mismatches
      ---
      duration_ms: 0.632
      type: 'test'
      ...
    # Subtest: should handle nested objects
    ok 5 - should handle nested objects
      ---
      duration_ms: 0.3677
      type: 'test'
      ...
    # Subtest: should handle arrays with string elements
    ok 6 - should handle arrays with string elements
      ---
      duration_ms: 0.364
      type: 'test'
      ...
    # Subtest: should handle empty objects
    ok 7 - should handle empty objects
      ---
      duration_ms: 0.3396
      type: 'test'
      ...
    # Subtest: should detect multiple security findings
    ok 8 - should detect multiple security findings
      ---
      duration_ms: 0.3014
      type: 'test'
      ...
    # Subtest: should handle input without schema gracefully
    ok 9 - should handle input without schema gracefully
      ---
      duration_ms: 0.3196
      type: 'test'
      ...
    # Subtest: should detect multiple additional properties
    ok 10 - should detect multiple additional properties
      ---
      duration_ms: 0.7224
      type: 'test'
      ...
    1..10
ok 112 - validate_input_schema - Schema Validation
  ---
  duration_ms: 6.1117
  type: 'suite'
  ...
# Subtest: memory handler tools
    # Subtest: save_observation
        # Subtest: should save an observation and confirm
        ok 1 - should save an observation and confirm
          ---
          duration_ms: 6.7741
          type: 'test'
          ...
        # Subtest: should persist the observation to the memory file
        ok 2 - should persist the observation to the memory file
          ---
          duration_ms: 13.7269
          type: 'test'
          ...
        # Subtest: should deduplicate observations with the same text
        ok 3 - should deduplicate observations with the same text
          ---
          duration_ms: 19.6708
          type: 'test'
          ...
        1..3
    ok 1 - save_observation
      ---
      duration_ms: 40.8433
      type: 'suite'
      ...
    # Subtest: search_observations
        # Subtest: should find observations matching the query (case-insensitive)
        ok 1 - should find observations matching the query (case-insensitive)
          ---
          duration_ms: 21.3601
          type: 'test'
          ...
        # Subtest: should return a "no observations found" message when nothing matches
        ok 2 - should return a "no observations found" message when nothing matches
          ---
          duration_ms: 11.6664
          type: 'test'
          ...
        # Subtest: should return no-match message when memory is empty
        ok 3 - should return no-match message when memory is empty
          ---
          duration_ms: 1.6807
          type: 'test'
          ...
        1..3
    ok 2 - search_observations
      ---
      duration_ms: 35.7194
      type: 'suite'
      ...
    # Subtest: save and search round-trip
        # Subtest: should find a freshly saved observation
        ok 1 - should find a freshly saved observation
          ---
          duration_ms: 16.8947
          type: 'test'
          ...
        # Subtest: should handle case-insensitive search across multiple saves
        ok 2 - should handle case-insensitive search across multiple saves
          ---
          duration_ms: 21.2532
          type: 'test'
          ...
        1..2
    ok 3 - save and search round-trip
      ---
      duration_ms: 38.5353
      type: 'suite'
      ...
    1..3
ok 113 - memory handler tools
  ---
  duration_ms: 118.204
  type: 'suite'
  ...
# Subtest: Memory file format
    # Subtest: should store observations as JSON array
    ok 1 - should store observations as JSON array
      ---
      duration_ms: 11.9528
      type: 'test'
      ...
    # Subtest: should handle empty memory file
    ok 2 - should handle empty memory file
      ---
      duration_ms: 2.8932
      type: 'test'
      ...
    # Subtest: should handle corrupt JSON gracefully
    ok 3 - should handle corrupt JSON gracefully
      ---
      duration_ms: 13.7445
      type: 'test'
      ...
    # Subtest: should append new observations to existing array
    ok 4 - should append new observations to existing array
      ---
      duration_ms: 16.233
      type: 'test'
      ...
    1..4
ok 114 - Memory file format
  ---
  duration_ms: 46.9235
  type: 'suite'
  ...
# Subtest: Observation search logic
    # Subtest: should filter observations by keyword (case-insensitive)
    ok 1 - should filter observations by keyword (case-insensitive)
      ---
      duration_ms: 0.3274
      type: 'test'
      ...
    # Subtest: should return empty array when no match
    ok 2 - should return empty array when no match
      ---
      duration_ms: 0.2719
      type: 'test'
      ...
    # Subtest: should match partial keywords
    ok 3 - should match partial keywords
      ---
      duration_ms: 0.2007
      type: 'test'
      ...
    1..3
ok 115 - Observation search logic
  ---
  duration_ms: 1.0998
  type: 'suite'
  ...
# Subtest: Observation timestamp format
    # Subtest: should use ISO 8601 format
    ok 1 - should use ISO 8601 format
      ---
      duration_ms: 0.2279
      type: 'test'
      ...
    1..1
ok 116 - Observation timestamp format
  ---
  duration_ms: 0.3617
  type: 'suite'
  ...
# Subtest: get_model_profile handler
    # Subtest: should return profile info for a known model alias
    ok 1 - should return profile info for a known model alias
      ---
      duration_ms: 1.6204
      type: 'test'
      ...
    # Subtest: should return error message for an unknown model
    ok 2 - should return error message for an unknown model
      ---
      duration_ms: 1.176
      type: 'test'
      ...
    1..2
ok 117 - get_model_profile handler
  ---
  duration_ms: 4.9193
  type: 'suite'
  ...
# Subtest: activate_role handler
    # Subtest: should return adapted role preset for a valid role and model
    ok 1 - should return adapted role preset for a valid role and model
      ---
      duration_ms: 1.8274
      type: 'test'
      ...
    # Subtest: should use default model family when model is omitted
    ok 2 - should use default model family when model is omitted
      ---
      duration_ms: 0.8251
      type: 'test'
      ...
    1..2
ok 118 - activate_role handler
  ---
  duration_ms: 2.955
  type: 'suite'
  ...
# Subtest: start_task_contract handler
    # Subtest: should create a contract and return formatted output
    ok 1 - should create a contract and return formatted output
      ---
      duration_ms: 3.7094
      type: 'test'
      ...
    1..1
ok 119 - start_task_contract handler
  ---
  duration_ms: 3.9619
  type: 'suite'
  ...
# Subtest: assert_step_evidence handler
    # Subtest: should record verified evidence with timestamp
    ok 1 - should record verified evidence with timestamp
      ---
      duration_ms: 31.2351
      type: 'test'
      ...
    1..1
ok 120 - assert_step_evidence handler
  ---
  duration_ms: 31.4815
  type: 'suite'
  ...
# Subtest: run_command handler
    # Subtest: should return HALT message for a missing command
    ok 1 - should return HALT message for a missing command
      ---
      duration_ms: 0.702
      type: 'test'
      ...
    # Subtest: should execute an existing command and substitute args
    ok 2 - should execute an existing command and substitute args
      ---
      duration_ms: 0.5881
      type: 'test'
      ...
    1..2
ok 121 - run_command handler
  ---
  duration_ms: 1.4669
  type: 'suite'
  ...
# Subtest: GAP-13: Anti-Delirium System
    # Subtest: should export registerAntiDeliriumTools
    ok 1 - should export registerAntiDeliriumTools
      ---
      duration_ms: 29.2554
      type: 'test'
      ...
    # Subtest: should have all 4 tools
    ok 2 - should have all 4 tools
      ---
      duration_ms: 0.7077
      type: 'test'
      ...
    # Subtest: should have rate limiting in all handlers
    ok 3 - should have rate limiting in all handlers
      ---
      duration_ms: 0.5249
      type: 'test'
      ...
    # Subtest: should have try-catch in all handlers
    ok 4 - should have try-catch in all handlers
      ---
      duration_ms: 0.4839
      type: 'test'
      ...
    1..4
ok 122 - GAP-13: Anti-Delirium System
  ---
  duration_ms: 32.4276
  type: 'suite'
  ...
# Subtest: GAP-1: Model-Specific Prompts
    # Subtest: should export registerPromptAdapterTools
    ok 1 - should export registerPromptAdapterTools
      ---
      duration_ms: 5.1058
      type: 'test'
      ...
    # Subtest: should have all 3 tools
    ok 2 - should have all 3 tools
      ---
      duration_ms: 1.8608
      type: 'test'
      ...
    # Subtest: should support all 5 model families
    ok 3 - should support all 5 model families
      ---
      duration_ms: 1.3682
      type: 'test'
      ...
    # Subtest: should have try-catch in all handlers
    ok 4 - should have try-catch in all handlers
      ---
      duration_ms: 1.5923
      type: 'test'
      ...
    1..4
ok 123 - GAP-1: Model-Specific Prompts
  ---
  duration_ms: 15.3896
  type: 'suite'
  ...
# Subtest: GAP-5: Weak LLM Scaffolding
    # Subtest: should export registerLLMScaffolderTools
    ok 1 - should export registerLLMScaffolderTools
      ---
      duration_ms: 4.5967
      type: 'test'
      ...
    # Subtest: should have all 4 tools
    ok 2 - should have all 4 tools
      ---
      duration_ms: 0.9253
      type: 'test'
      ...
    # Subtest: should have chain-of-thought templates
    ok 3 - should have chain-of-thought templates
      ---
      duration_ms: 0.5732
      type: 'test'
      ...
    # Subtest: should support model tiers
    ok 4 - should support model tiers
      ---
      duration_ms: 1.273
      type: 'test'
      ...
    1..4
ok 124 - GAP-5: Weak LLM Scaffolding
  ---
  duration_ms: 7.746
  type: 'suite'
  ...
# Subtest: GAP-3: Structured Output Enforcement
    # Subtest: should export registerOutputEnforcerTools
    ok 1 - should export registerOutputEnforcerTools
      ---
      duration_ms: 2.7059
      type: 'test'
      ...
    # Subtest: should have all 4 tools
    ok 2 - should have all 4 tools
      ---
      duration_ms: 0.6303
      type: 'test'
      ...
    # Subtest: should support multiple output formats
    ok 3 - should support multiple output formats
      ---
      duration_ms: 0.5151
      type: 'test'
      ...
    # Subtest: should support multiple IDEs
    ok 4 - should support multiple IDEs
      ---
      duration_ms: 0.5137
      type: 'test'
      ...
    1..4
ok 125 - GAP-3: Structured Output Enforcement
  ---
  duration_ms: 4.5887
  type: 'suite'
  ...
# Subtest: Phase 1 Integration: All modules in index.js
    # Subtest: should import all 4 new modules
    ok 1 - should import all 4 new modules
      ---
      duration_ms: 0.4488
      type: 'test'
      ...
    # Subtest: should register all 4 new modules
    ok 2 - should register all 4 new modules
      ---
      duration_ms: 0.4365
      type: 'test'
      ...
    1..2
ok 126 - Phase 1 Integration: All modules in index.js
  ---
  duration_ms: 1.0814
  type: 'suite'
  ...
# Subtest: GAP-2: Performance Metrics
    # Subtest: should export registerPerfMetricsTools
    ok 1 - should export registerPerfMetricsTools
      ---
      duration_ms: 20.3496
      type: 'test'
      ...
    # Subtest: should have all 4 tools
    ok 2 - should have all 4 tools
      ---
      duration_ms: 1.0081
      type: 'test'
      ...
    # Subtest: should have rate limiting
    ok 3 - should have rate limiting
      ---
      duration_ms: 0.5193
      type: 'test'
      ...
    # Subtest: should have try-catch
    ok 4 - should have try-catch
      ---
      duration_ms: 0.4299
      type: 'test'
      ...
    1..4
ok 127 - GAP-2: Performance Metrics
  ---
  duration_ms: 23.7206
  type: 'suite'
  ...
# Subtest: GAP-11: Performance Benchmarking
    # Subtest: should export registerPerfBenchmarkTools
    ok 1 - should export registerPerfBenchmarkTools
      ---
      duration_ms: 5.9212
      type: 'test'
      ...
    # Subtest: should have all 4 tools
    ok 2 - should have all 4 tools
      ---
      duration_ms: 0.4616
      type: 'test'
      ...
    # Subtest: should have rate limiting
    ok 3 - should have rate limiting
      ---
      duration_ms: 0.8305
      type: 'test'
      ...
    1..3
ok 128 - GAP-11: Performance Benchmarking
  ---
  duration_ms: 7.8675
  type: 'suite'
  ...
# Subtest: GAP-6: Context Window Manager
    # Subtest: should export registerContextManagerTools
    ok 1 - should export registerContextManagerTools
      ---
      duration_ms: 8.7069
      type: 'test'
      ...
    # Subtest: should have all 4 tools
    ok 2 - should have all 4 tools
      ---
      duration_ms: 4.131
      type: 'test'
      ...
    # Subtest: should use profiles for model limits
    ok 3 - should use profiles for model limits
      ---
      duration_ms: 0.8705
      type: 'test'
      ...
    1..3
ok 129 - GAP-6: Context Window Manager
  ---
  duration_ms: 14.2706
  type: 'suite'
  ...
# Subtest: GAP-15: Session Analytics
    # Subtest: should export registerSessionAnalyticsTools
    ok 1 - should export registerSessionAnalyticsTools
      ---
      duration_ms: 6.1115
      type: 'test'
      ...
    # Subtest: should have all 5 tools
    ok 2 - should have all 5 tools
      ---
      duration_ms: 0.5166
      type: 'test'
      ...
    # Subtest: should have rate limiting
    ok 3 - should have rate limiting
      ---
      duration_ms: 0.4629
      type: 'test'
      ...
    1..3
ok 130 - GAP-15: Session Analytics
  ---
  duration_ms: 7.3241
  type: 'suite'
  ...
# Subtest: Phase 2 Integration: All modules in index.js
    # Subtest: should import all 4 Phase 2 modules
    ok 1 - should import all 4 Phase 2 modules
      ---
      duration_ms: 0.4207
      type: 'test'
      ...
    # Subtest: should register all 4 Phase 2 modules
    ok 2 - should register all 4 Phase 2 modules
      ---
      duration_ms: 0.3478
      type: 'test'
      ...
    1..2
ok 131 - Phase 2 Integration: All modules in index.js
  ---
  duration_ms: 0.8999
  type: 'suite'
  ...
# Subtest: GAP-4: Task Checklists
    # Subtest: should export registerTaskChecklistsTools
    ok 1 - should export registerTaskChecklistsTools
      ---
      duration_ms: 26.1442
      type: 'test'
      ...
    # Subtest: should have all 3 tools
    ok 2 - should have all 3 tools
      ---
      duration_ms: 1.0516
      type: 'test'
      ...
    # Subtest: should support 8+ task types
    ok 3 - should support 8+ task types
      ---
      duration_ms: 0.619
      type: 'test'
      ...
    # Subtest: should have rate limiting
    ok 4 - should have rate limiting
      ---
      duration_ms: 1.0927
      type: 'test'
      ...
    1..4
ok 132 - GAP-4: Task Checklists
  ---
  duration_ms: 30.6485
  type: 'suite'
  ...
# Subtest: GAP-9: Error Recovery
    # Subtest: should export registerErrorRecoveryTools
    ok 1 - should export registerErrorRecoveryTools
      ---
      duration_ms: 4.8781
      type: 'test'
      ...
    # Subtest: should have all 4 tools
    ok 2 - should have all 4 tools
      ---
      duration_ms: 0.6851
      type: 'test'
      ...
    # Subtest: should support 5+ error categories
    ok 3 - should support 5+ error categories
      ---
      duration_ms: 0.5717
      type: 'test'
      ...
    # Subtest: should have rate limiting
    ok 4 - should have rate limiting
      ---
      duration_ms: 0.7573
      type: 'test'
      ...
    1..4
ok 133 - GAP-9: Error Recovery
  ---
  duration_ms: 7.5369
  type: 'suite'
  ...
# Subtest: GAP-12: Chain-of-Thought
    # Subtest: should export registerChainOfThoughtTools
    ok 1 - should export registerChainOfThoughtTools
      ---
      duration_ms: 3.1613
      type: 'test'
      ...
    # Subtest: should have all 4 tools
    ok 2 - should have all 4 tools
      ---
      duration_ms: 1.8248
      type: 'test'
      ...
    # Subtest: should support 4 domains
    ok 3 - should support 4 domains
      ---
      duration_ms: 1.0391
      type: 'test'
      ...
    # Subtest: should have rate limiting
    ok 4 - should have rate limiting
      ---
      duration_ms: 2.5125
      type: 'test'
      ...
    1..4
ok 134 - GAP-12: Chain-of-Thought
  ---
  duration_ms: 10.3266
  type: 'suite'
  ...
# Subtest: GAP-10: Output Formats
    # Subtest: should export registerOutputFormatsTools
    ok 1 - should export registerOutputFormatsTools
      ---
      duration_ms: 3.2008
      type: 'test'
      ...
    # Subtest: should have all 4 tools
    ok 2 - should have all 4 tools
      ---
      duration_ms: 2.7726
      type: 'test'
      ...
    # Subtest: should support 5+ task types
    ok 3 - should support 5+ task types
      ---
      duration_ms: 1.2057
      type: 'test'
      ...
    # Subtest: should have rate limiting
    ok 4 - should have rate limiting
      ---
      duration_ms: 0.8037
      type: 'test'
      ...
    1..4
ok 135 - GAP-10: Output Formats
  ---
  duration_ms: 8.3955
  type: 'suite'
  ...
# Subtest: Phase 3 Integration: All modules in index.js
    # Subtest: should import all 4 Phase 3 modules
    ok 1 - should import all 4 Phase 3 modules
      ---
      duration_ms: 0.6488
      type: 'test'
      ...
    # Subtest: should register all 4 Phase 3 modules
    ok 2 - should register all 4 Phase 3 modules
      ---
      duration_ms: 1.5643
      type: 'test'
      ...
    1..2
ok 136 - Phase 3 Integration: All modules in index.js
  ---
  duration_ms: 2.4741
  type: 'suite'
  ...
# Subtest: GAP-7: IDE Rules
    # Subtest: should export registerIDERulesTools
    ok 1 - should export registerIDERulesTools
      ---
      duration_ms: 27.8504
      type: 'test'
      ...
    # Subtest: should have all 4 tools
    ok 2 - should have all 4 tools
      ---
      duration_ms: 1.1616
      type: 'test'
      ...
    # Subtest: should support 5+ IDEs
    ok 3 - should support 5+ IDEs
      ---
      duration_ms: 1.3499
      type: 'test'
      ...
    # Subtest: should have rate limiting
    ok 4 - should have rate limiting
      ---
      duration_ms: 0.6138
      type: 'test'
      ...
    1..4
ok 137 - GAP-7: IDE Rules
  ---
  duration_ms: 33.8972
  type: 'suite'
  ...
# Subtest: GAP-8: Prompt Testing
    # Subtest: should export registerPromptTestingTools
    ok 1 - should export registerPromptTestingTools
      ---
      duration_ms: 5.4664
      type: 'test'
      ...
    # Subtest: should have all 4 tools
    ok 2 - should have all 4 tools
      ---
      duration_ms: 0.6907
      type: 'test'
      ...
    # Subtest: should have rate limiting
    ok 3 - should have rate limiting
      ---
      duration_ms: 0.6783
      type: 'test'
      ...
    1..3
ok 138 - GAP-8: Prompt Testing
  ---
  duration_ms: 7.3446
  type: 'suite'
  ...
# Subtest: GAP-14: Prompt Versioning
    # Subtest: should export registerPromptVersioningTools
    ok 1 - should export registerPromptVersioningTools
      ---
      duration_ms: 5.1483
      type: 'test'
      ...
    # Subtest: should have all 6 tools
    ok 2 - should have all 6 tools
      ---
      duration_ms: 0.6802
      type: 'test'
      ...
    # Subtest: should have rate limiting
    ok 3 - should have rate limiting
      ---
      duration_ms: 0.6053
      type: 'test'
      ...
    1..3
ok 139 - GAP-14: Prompt Versioning
  ---
  duration_ms: 6.722
  type: 'suite'
  ...
# Subtest: Phase 4 Integration: All modules in index.js
    # Subtest: should import all 3 Phase 4 modules
    ok 1 - should import all 3 Phase 4 modules
      ---
      duration_ms: 0.4194
      type: 'test'
      ...
    # Subtest: should register all 3 Phase 4 modules
    ok 2 - should register all 3 Phase 4 modules
      ---
      duration_ms: 0.363
      type: 'test'
      ...
    1..2
ok 140 - Phase 4 Integration: All modules in index.js
  ---
  duration_ms: 0.9094
  type: 'suite'
  ...
# Subtest: classifyContent
    # Subtest: should classify violence-related content
    ok 1 - should classify violence-related content
      ---
      duration_ms: 1.1534
      type: 'test'
      ...
    # Subtest: should classify hate speech content
    ok 2 - should classify hate speech content
      ---
      duration_ms: 0.2416
      type: 'test'
      ...
    # Subtest: should classify illegal activity
    ok 3 - should classify illegal activity
      ---
      duration_ms: 0.1971
      type: 'test'
      ...
    # Subtest: should classify child safety content
    ok 4 - should classify child safety content
      ---
      duration_ms: 0.1633
      type: 'test'
      ...
    # Subtest: should classify medical advice content
    ok 5 - should classify medical advice content
      ---
      duration_ms: 0.1747
      type: 'test'
      ...
    # Subtest: should classify financial advice content
    ok 6 - should classify financial advice content
      ---
      duration_ms: 0.1553
      type: 'test'
      ...
    # Subtest: should classify misinformation content
    ok 7 - should classify misinformation content
      ---
      duration_ms: 0.2617
      type: 'test'
      ...
    # Subtest: should return safe for unrelated content
    ok 8 - should return safe for unrelated content
      ---
      duration_ms: 0.8917
      type: 'test'
      ...
    # Subtest: should handle empty content
    ok 9 - should handle empty content
      ---
      duration_ms: 0.5007
      type: 'test'
      ...
    # Subtest: should handle null content
    ok 10 - should handle null content
      ---
      duration_ms: 0.5087
      type: 'test'
      ...
    # Subtest: should rank matches by score
    ok 11 - should rank matches by score
      ---
      duration_ms: 0.3604
      type: 'test'
      ...
    # Subtest: should assign confidence between 0 and 1
    ok 12 - should assign confidence between 0 and 1
      ---
      duration_ms: 0.2356
      type: 'test'
      ...
    1..12
ok 141 - classifyContent
  ---
  duration_ms: 6.9333
  type: 'suite'
  ...
# Subtest: TAXONOMY
    # Subtest: should have 22 or more categories
    ok 1 - should have 22 or more categories
      ---
      duration_ms: 0.2149
      type: 'test'
      ...
    # Subtest: should have unique names
    ok 2 - should have unique names
      ---
      duration_ms: 0.1484
      type: 'test'
      ...
    # Subtest: should have snake_case names
    ok 3 - should have snake_case names
      ---
      duration_ms: 0.3828
      type: 'test'
      ...
    # Subtest: should have all required fields
    ok 4 - should have all required fields
      ---
      duration_ms: 0.2249
      type: 'test'
      ...
    # Subtest: should have valid severity levels
    ok 5 - should have valid severity levels
      ---
      duration_ms: 0.2945
      type: 'test'
      ...
    # Subtest: should have non-empty in_scope arrays
    ok 6 - should have non-empty in_scope arrays
      ---
      duration_ms: 0.2817
      type: 'test'
      ...
    # Subtest: should have non-empty examples_unsafe arrays
    ok 7 - should have non-empty examples_unsafe arrays
      ---
      duration_ms: 0.3509
      type: 'test'
      ...
    1..7
ok 142 - TAXONOMY
  ---
  duration_ms: 2.2347
  type: 'suite'
  ...
# Subtest: SEVERITY
    # Subtest: should define S0-S4 levels
    ok 1 - should define S0-S4 levels
      ---
      duration_ms: 0.2172
      type: 'test'
      ...
    # Subtest: should have label and description for each level
    ok 2 - should have label and description for each level
      ---
      duration_ms: 0.3099
      type: 'test'
      ...
    # Subtest: should have VALID_SEVERITIES array matching keys
    ok 3 - should have VALID_SEVERITIES array matching keys
      ---
      duration_ms: 1.966
      type: 'test'
      ...
    # Subtest: should enforce consistent severity across taxonomy
    ok 4 - should enforce consistent severity across taxonomy
      ---
      duration_ms: 0.9671
      type: 'test'
      ...
    # Subtest: should have S0 as Safe (no restrictions)
    ok 5 - should have S0 as Safe (no restrictions)
      ---
      duration_ms: 1.2099
      type: 'test'
      ...
    # Subtest: should have S4 as Catastrophic (never allow)
    ok 6 - should have S4 as Catastrophic (never allow)
      ---
      duration_ms: 0.1606
      type: 'test'
      ...
    1..6
ok 143 - SEVERITY
  ---
  duration_ms: 6.1903
  type: 'suite'
  ...
# Subtest: mapToTaxonomy
    # Subtest: should map violence content
    ok 1 - should map violence content
      ---
      duration_ms: 0.9137
      type: 'test'
      ...
    # Subtest: should support custom categories
    ok 2 - should support custom categories
      ---
      duration_ms: 0.7097
      type: 'test'
      ...
    # Subtest: should return empty array for null content
    ok 3 - should return empty array for null content
      ---
      duration_ms: 0.1976
      type: 'test'
      ...
    # Subtest: should return empty array for empty string
    ok 4 - should return empty array for empty string
      ---
      duration_ms: 0.1601
      type: 'test'
      ...
    1..4
ok 144 - mapToTaxonomy
  ---
  duration_ms: 3.0191
  type: 'suite'
  ...
# Subtest: expandDefinition
    # Subtest: should expand a valid entry
    ok 1 - should expand a valid entry
      ---
      duration_ms: 0.4092
      type: 'test'
      ...
    # Subtest: should return null for null input
    ok 2 - should return null for null input
      ---
      duration_ms: 0.0881
      type: 'test'
      ...
    # Subtest: should fix invalid severity to S1
    ok 3 - should fix invalid severity to S1
      ---
      duration_ms: 0.1543
      type: 'test'
      ...
    1..3
ok 145 - expandDefinition
  ---
  duration_ms: 0.8721
  type: 'suite'
  ...
# Subtest: generateCrossCutting
    # Subtest: should generate enforcement actions
    ok 1 - should generate enforcement actions
      ---
      duration_ms: 0.3625
      type: 'test'
      ...
    # Subtest: should auto-block S4 categories
    ok 2 - should auto-block S4 categories
      ---
      duration_ms: 0.2465
      type: 'test'
      ...
    # Subtest: should not auto-block S0 categories
    ok 3 - should not auto-block S0 categories
      ---
      duration_ms: 7.0205
      type: 'test'
      ...
    # Subtest: should combine examples correctly
    ok 4 - should combine examples correctly
      ---
      duration_ms: 0.2355
      type: 'test'
      ...
    1..4
ok 146 - generateCrossCutting
  ---
  duration_ms: 8.1206
  type: 'suite'
  ...
# Subtest: generateMarkdownPolicy
    # Subtest: should produce valid Markdown
    ok 1 - should produce valid Markdown
      ---
      duration_ms: 2.6138
      type: 'test'
      ...
    # Subtest: should handle empty entries
    ok 2 - should handle empty entries
      ---
      duration_ms: 0.1294
      type: 'test'
      ...
    # Subtest: should include all taxonomy categories
    ok 3 - should include all taxonomy categories
      ---
      duration_ms: 2.0414
      type: 'test'
      ...
    # Subtest: should include severity and enforcement info
    ok 4 - should include severity and enforcement info
      ---
      duration_ms: 0.3274
      type: 'test'
      ...
    1..4
ok 147 - generateMarkdownPolicy
  ---
  duration_ms: 5.399
  type: 'suite'
  ...
# Subtest: generateJsonTaxonomy
    # Subtest: should produce valid JSON structure
    ok 1 - should produce valid JSON structure
      ---
      duration_ms: 0.469
      type: 'test'
      ...
    # Subtest: should include all categories
    ok 2 - should include all categories
      ---
      duration_ms: 0.2071
      type: 'test'
      ...
    # Subtest: should handle empty entries
    ok 3 - should handle empty entries
      ---
      duration_ms: 0.1034
      type: 'test'
      ...
    # Subtest: should be JSON-stringifyable
    ok 4 - should be JSON-stringifyable
      ---
      duration_ms: 0.3175
      type: 'test'
      ...
    1..4
ok 148 - generateJsonTaxonomy
  ---
  duration_ms: 1.3683
  type: 'suite'
  ...
# Subtest: generatePolicy
    # Subtest: should run full pipeline on violence content
    ok 1 - should run full pipeline on violence content
      ---
      duration_ms: 0.3711
      type: 'test'
      ...
    # Subtest: should handle content with no matches
    ok 2 - should handle content with no matches
      ---
      duration_ms: 0.154
      type: 'test'
      ...
    # Subtest: should accept custom title
    ok 3 - should accept custom title
      ---
      duration_ms: 0.1838
      type: 'test'
      ...
    # Subtest: should accept custom categories
    ok 4 - should accept custom categories
      ---
      duration_ms: 0.2439
      type: 'test'
      ...
    1..4
ok 149 - generatePolicy
  ---
  duration_ms: 1.114
  type: 'suite'
  ...
# Subtest: validatePolicy
    # Subtest: should validate a well-formed policy
    ok 1 - should validate a well-formed policy
      ---
      duration_ms: 0.329
      type: 'test'
      ...
    # Subtest: should reject empty string
    ok 2 - should reject empty string
      ---
      duration_ms: 0.1161
      type: 'test'
      ...
    # Subtest: should reject null input
    ok 3 - should reject null input
      ---
      duration_ms: 0.0912
      type: 'test'
      ...
    # Subtest: should detect missing Summary section
    ok 4 - should detect missing Summary section
      ---
      duration_ms: 0.189
      type: 'test'
      ...
    1..4
ok 150 - validatePolicy
  ---
  duration_ms: 0.8913
  type: 'suite'
  ...
# Subtest: edge cases
    # Subtest: should handle empty content in classify
    ok 1 - should handle empty content in classify
      ---
      duration_ms: 0.1852
      type: 'test'
      ...
    # Subtest: should handle undefined content
    ok 2 - should handle undefined content
      ---
      duration_ms: 0.1015
      type: 'test'
      ...
    # Subtest: should handle numeric content
    ok 3 - should handle numeric content
      ---
      duration_ms: 0.1419
      type: 'test'
      ...
    # Subtest: should handle unknown categories in mapping
    ok 4 - should handle unknown categories in mapping
      ---
      duration_ms: 0.1518
      type: 'test'
      ...
    # Subtest: should handle unknown category in expand
    ok 5 - should handle unknown category in expand
      ---
      duration_ms: 0.1259
      type: 'test'
      ...
    # Subtest: should handle very long content
    ok 6 - should handle very long content
      ---
      duration_ms: 2.1141
      type: 'test'
      ...
    # Subtest: should handle special characters
    ok 7 - should handle special characters
      ---
      duration_ms: 0.1662
      type: 'test'
      ...
    # Subtest: should handle Unicode content
    ok 8 - should handle Unicode content
      ---
      duration_ms: 0.1468
      type: 'test'
      ...
    1..8
ok 151 - edge cases
  ---
  duration_ms: 3.4412
  type: 'suite'
  ...
# Subtest: savePolicy
    # Subtest: should save policy to file
    ok 1 - should save policy to file
      ---
      duration_ms: 4.6265
      type: 'test'
      ...
    # Subtest: should handle invalid path gracefully
    ok 2 - should handle invalid path gracefully
      ---
      duration_ms: 2.9479
      type: 'test'
      ...
    1..2
ok 152 - savePolicy
  ---
  duration_ms: 7.7065
  type: 'suite'
  ...
# Subtest: PROFILES
    # Subtest: should keep core provider families
    ok 1 - should keep core provider families
      ---
      duration_ms: 0.7284
      type: 'test'
      ...
    # Subtest: should expose capability matrix in every profile
    ok 2 - should expose capability matrix in every profile
      ---
      duration_ms: 0.3136
      type: 'test'
      ...
    # Subtest: should resolve model aliases to a profile family
    ok 3 - should resolve model aliases to a profile family
      ---
      duration_ms: 0.2097
      type: 'test'
      ...
    # Subtest: should return null for unknown aliases
    ok 4 - should return null for unknown aliases
      ---
      duration_ms: 0.1202
      type: 'test'
      ...
    1..4
ok 153 - PROFILES
  ---
  duration_ms: 2.5212
  type: 'suite'
  ...
# Subtest: Project State handler tests
    # Subtest: get_project_state
        # Subtest: returns full state with all section headers when no section specified
        ok 1 - returns full state with all section headers when no section specified
          ---
          duration_ms: 2.2947
          type: 'test'
          ...
        # Subtest: returns specific section when section is provided
        ok 2 - returns specific section when section is provided
          ---
          duration_ms: 0.7357
          type: 'test'
          ...
        1..2
    ok 1 - get_project_state
      ---
      duration_ms: 3.9536
      type: 'suite'
      ...
    # Subtest: save_project_state
        # Subtest: appends to array sections
        ok 1 - appends to array sections
          ---
          duration_ms: 35.9716
          type: 'test'
          ...
        # Subtest: replaces scalar sections
        ok 2 - replaces scalar sections
          ---
          duration_ms: 22.2382
          type: 'test'
          ...
        1..2
    ok 2 - save_project_state
      ---
      duration_ms: 59.7366
      type: 'suite'
      ...
    # Subtest: checkpoint_task
        # Subtest: creates a labeled checkpoint with confirmation
        ok 1 - creates a labeled checkpoint with confirmation
          ---
          duration_ms: 10.9034
          type: 'test'
          ...
        # Subtest: shows checkpoint in list_checkpoints output
        ok 2 - shows checkpoint in list_checkpoints output
          ---
          duration_ms: 14.3915
          type: 'test'
          ...
        1..2
    ok 3 - checkpoint_task
      ---
      duration_ms: 25.7323
      type: 'suite'
      ...
    # Subtest: list_checkpoints
        # Subtest: reports no checkpoints when none exist
        ok 1 - reports no checkpoints when none exist
          ---
          duration_ms: 1.2977
          type: 'test'
          ...
        # Subtest: lists checkpoints with count and labels
        ok 2 - lists checkpoints with count and labels
          ---
          duration_ms: 21.2628
          type: 'test'
          ...
        1..2
    ok 4 - list_checkpoints
      ---
      duration_ms: 22.82
      type: 'suite'
      ...
    # Subtest: resume_task
        # Subtest: restores the most recent checkpoint when no label given
        ok 1 - restores the most recent checkpoint when no label given
          ---
          duration_ms: 43.3075
          type: 'test'
          ...
        # Subtest: restores a specific checkpoint by label
        ok 2 - restores a specific checkpoint by label
          ---
          duration_ms: 52.9536
          type: 'test'
          ...
        1..2
    ok 5 - resume_task
      ---
      duration_ms: 96.4494
      type: 'suite'
      ...
    1..5
ok 154 - Project State handler tests
  ---
  duration_ms: 211.687
  type: 'suite'
  ...
# Subtest: Project State schema
    # Subtest: should have all required sections in default state
    ok 1 - should have all required sections in default state
      ---
      duration_ms: 2.5402
      type: 'test'
      ...
    # Subtest: should return default state when file does not exist
    ok 2 - should return default state when file does not exist
      ---
      duration_ms: 0.4719
      type: 'test'
      ...
    # Subtest: should handle corrupt JSON gracefully
    ok 3 - should handle corrupt JSON gracefully
      ---
      duration_ms: 14.1058
      type: 'test'
      ...
    1..3
ok 155 - Project State schema
  ---
  duration_ms: 18.2375
  type: 'suite'
  ...
# Subtest: Project State save/load cycle
    # Subtest: should persist and reload scalar sections
    ok 1 - should persist and reload scalar sections
      ---
      duration_ms: 27.5334
      type: 'test'
      ...
    # Subtest: should dedupe array sections and trim values
    ok 2 - should dedupe array sections and trim values
      ---
      duration_ms: 13.0438
      type: 'test'
      ...
    # Subtest: should merge with defaults when loading partial state
    ok 3 - should merge with defaults when loading partial state
      ---
      duration_ms: 11.3824
      type: 'test'
      ...
    1..3
ok 156 - Project State save/load cycle
  ---
  duration_ms: 52.6068
  type: 'suite'
  ...
# Subtest: Checkpoint behavior via real persistence
    # Subtest: should persist checkpoints without nesting checkpoint history in snapshot
    ok 1 - should persist checkpoints without nesting checkpoint history in snapshot
      ---
      duration_ms: 14.2092
      type: 'test'
      ...
    1..1
ok 157 - Checkpoint behavior via real persistence
  ---
  duration_ms: 14.5876
  type: 'suite'
  ...
# Subtest: VALID_SECTIONS
    # Subtest: should expose expected public state sections
    ok 1 - should expose expected public state sections
      ---
      duration_ms: 0.3147
      type: 'test'
      ...
    1..1
ok 158 - VALID_SECTIONS
  ---
  duration_ms: 0.4659
  type: 'suite'
  ...
# Subtest: RFC 2119 Keywords
    # Subtest: should export RFC_SHORTCUTS with all required keywords
    ok 1 - should export RFC_SHORTCUTS with all required keywords
      ---
      duration_ms: 1.2058
      type: 'test'
      ...
    # Subtest: should map NEVER to MUST NOT
    ok 2 - should map NEVER to MUST NOT
      ---
      duration_ms: 0.2244
      type: 'test'
      ...
    # Subtest: should map AVOID to SHOULD NOT
    ok 3 - should map AVOID to SHOULD NOT
      ---
      duration_ms: 0.1327
      type: 'test'
      ...
    # Subtest: should export RFC_MEANINGS with descriptions
    ok 4 - should export RFC_MEANINGS with descriptions
      ---
      duration_ms: 0.2005
      type: 'test'
      ...
    1..4
ok 159 - RFC 2119 Keywords
  ---
  duration_ms: 3.0167
  type: 'suite'
  ...
# Subtest: Structural Tags
    # Subtest: should export STRUCTURAL_TAGS with all required tags
    ok 1 - should export STRUCTURAL_TAGS with all required tags
      ---
      duration_ms: 0.193
      type: 'test'
      ...
    # Subtest: should have at least 6 structural tags
    ok 2 - should have at least 6 structural tags
      ---
      duration_ms: 0.1563
      type: 'test'
      ...
    # Subtest: should export ORNAMENTAL_TAGS as array
    ok 3 - should export ORNAMENTAL_TAGS as array
      ---
      duration_ms: 0.2127
      type: 'test'
      ...
    # Subtest: should contain <north-star> in ORNAMENTAL_TAGS
    ok 4 - should contain <north-star> in ORNAMENTAL_TAGS
      ---
      duration_ms: 0.2922
      type: 'test'
      ...
    1..4
ok 160 - Structural Tags
  ---
  duration_ms: 1.2536
  type: 'suite'
  ...
# Subtest: Density Rules
    # Subtest: should export DENSITY_MAX_WORDS as 12
    ok 1 - should export DENSITY_MAX_WORDS as 12
      ---
      duration_ms: 0.8625
      type: 'test'
      ...
    # Subtest: should export DENSITY_MIN_CONTENT as 3
    ok 2 - should export DENSITY_MIN_CONTENT as 3
      ---
      duration_ms: 0.3493
      type: 'test'
      ...
    1..2
ok 161 - Density Rules
  ---
  duration_ms: 1.5626
  type: 'suite'
  ...
# Subtest: checkCriticalPlacement
    # Subtest: should return balanced=true when <critical> at start and </critical> at end
    ok 1 - should return balanced=true when <critical> at start and </critical> at end
      ---
      duration_ms: 0.3334
      type: 'test'
      ...
    # Subtest: should return balanced=false when <critical> only at start
    ok 2 - should return balanced=false when <critical> only at start
      ---
      duration_ms: 0.141
      type: 'test'
      ...
    # Subtest: should return balanced=false when <critical> missing
    ok 3 - should return balanced=false when <critical> missing
      ---
      duration_ms: 0.1119
      type: 'test'
      ...
    # Subtest: should handle empty or short text
    ok 4 - should handle empty or short text
      ---
      duration_ms: 0.0812
      type: 'test'
      ...
    # Subtest: should handle text with <critical> in middle
    ok 5 - should handle text with <critical> in middle
      ---
      duration_ms: 0.0789
      type: 'test'
      ...
    1..5
ok 162 - checkCriticalPlacement
  ---
  duration_ms: 0.9489
  type: 'suite'
  ...
# Subtest: validateDensity
    # Subtest: should return no violations for well-formed bullets
    ok 1 - should return no violations for well-formed bullets
      ---
      duration_ms: 0.6989
      type: 'test'
      ...
    # Subtest: should detect bullets exceeding max words
    ok 2 - should detect bullets exceeding max words
      ---
      duration_ms: 0.1761
      type: 'test'
      ...
    # Subtest: should detect bullets with too few words
    ok 3 - should detect bullets with too few words
      ---
      duration_ms: 0.1093
      type: 'test'
      ...
    # Subtest: should detect filler phrases
    ok 4 - should detect filler phrases
      ---
      duration_ms: 0.0957
      type: 'test'
      ...
    # Subtest: should skip headers and empty lines
    ok 5 - should skip headers and empty lines
      ---
      duration_ms: 0.156
      type: 'test'
      ...
    1..5
ok 163 - validateDensity
  ---
  duration_ms: 1.4626
  type: 'suite'
  ...
# Subtest: validateRFC2119Compliance
    # Subtest: should detect informal language patterns
    ok 1 - should detect informal language patterns
      ---
      duration_ms: 0.9436
      type: 'test'
      ...
    # Subtest: should detect informal "do not"
    ok 2 - should detect informal "do not"
      ---
      duration_ms: 0.1642
      type: 'test'
      ...
    # Subtest: should detect informal "don't"
    ok 3 - should detect informal "don't"
      ---
      duration_ms: 0.1497
      type: 'test'
      ...
    # Subtest: should detect informal "always"
    ok 4 - should detect informal "always"
      ---
      duration_ms: 0.1031
      type: 'test'
      ...
    # Subtest: should skip markdown headers
    ok 5 - should skip markdown headers
      ---
      duration_ms: 0.0781
      type: 'test'
      ...
    # Subtest: should skip blockquotes
    ok 6 - should skip blockquotes
      ---
      duration_ms: 0.0994
      type: 'test'
      ...
    1..6
ok 164 - validateRFC2119Compliance
  ---
  duration_ms: 1.7838
  type: 'suite'
  ...
# Subtest: validateStructuralTags
    # Subtest: should return valid=true for clean text
    ok 1 - should return valid=true for clean text
      ---
      duration_ms: 0.3639
      type: 'test'
      ...
    # Subtest: should detect ornamental tags
    ok 2 - should detect ornamental tags
      ---
      duration_ms: 0.3078
      type: 'test'
      ...
    # Subtest: should detect unbalanced tags
    ok 3 - should detect unbalanced tags
      ---
      duration_ms: 0.1327
      type: 'test'
      ...
    # Subtest: should allow valid structural tags
    ok 4 - should allow valid structural tags
      ---
      duration_ms: 0.2626
      type: 'test'
      ...
    1..4
ok 165 - validateStructuralTags
  ---
  duration_ms: 1.3947
  type: 'suite'
  ...
# Subtest: analyzePromptConventions
    # Subtest: should return passed=true for fully compliant text
    ok 1 - should return passed=true for fully compliant text
      ---
      duration_ms: 0.3281
      type: 'test'
      ...
    # Subtest: should return passed=false when critical not balanced
    ok 2 - should return passed=false when critical not balanced
      ---
      duration_ms: 0.2139
      type: 'test'
      ...
    # Subtest: should return passed=false when RFC non-compliant
    ok 3 - should return passed=false when RFC non-compliant
      ---
      duration_ms: 0.1442
      type: 'test'
      ...
    # Subtest: should return passed=false when ornamental tags present
    ok 4 - should return passed=false when ornamental tags present
      ---
      duration_ms: 0.1411
      type: 'test'
      ...
    1..4
ok 166 - analyzePromptConventions
  ---
  duration_ms: 1.7088
  type: 'suite'
  ...
# Subtest: detectPromptInjection
    # Subtest: clean text (should PASS)
        # Subtest: returns PASS for normal conversation
        ok 1 - returns PASS for normal conversation
          ---
          duration_ms: 4.3771
          type: 'test'
          ...
        # Subtest: returns PASS for code discussion
        ok 2 - returns PASS for code discussion
          ---
          duration_ms: 2.4224
          type: 'test'
          ...
        # Subtest: returns PASS for technical question
        ok 3 - returns PASS for technical question
          ---
          duration_ms: 0.3001
          type: 'test'
          ...
        1..3
    ok 1 - clean text (should PASS)
      ---
      duration_ms: 7.8969
      type: 'suite'
      ...
    # Subtest: system override patterns
        # Subtest: detects "ignore previous instructions"
        ok 1 - detects "ignore previous instructions"
          ---
          duration_ms: 3.9807
          type: 'test'
          ...
        # Subtest: detects "ignore all prompts"
        ok 2 - detects "ignore all prompts"
          ---
          duration_ms: 0.6562
          type: 'test'
          ...
        # Subtest: detects "disregard previous"
        ok 3 - detects "disregard previous"
          ---
          duration_ms: 0.3273
          type: 'test'
          ...
        # Subtest: detects "forget everything you know"
        ok 4 - detects "forget everything you know"
          ---
          duration_ms: 0.4368
          type: 'test'
          ...
        # Subtest: detects "override your instructions"
        ok 5 - detects "override your instructions"
          ---
          duration_ms: 0.8441
          type: 'test'
          ...
        # Subtest: detects "new instructions:"
        ok 6 - detects "new instructions:"
          ---
          duration_ms: 0.4724
          type: 'test'
          ...
        1..6
    ok 2 - system override patterns
      ---
      duration_ms: 7.5498
      type: 'suite'
      ...
    # Subtest: role play escape patterns
        # Subtest: detects "you are now a"
        ok 1 - detects "you are now a"
          ---
          duration_ms: 0.4833
          type: 'test'
          ...
        # Subtest: detects "act as if"
        ok 2 - detects "act as if"
          ---
          duration_ms: 0.1552
          type: 'test'
          ...
        # Subtest: detects "pretend to be"
        ok 3 - detects "pretend to be"
          ---
          duration_ms: 0.1866
          type: 'test'
          ...
        # Subtest: detects "your new role is"
        ok 4 - detects "your new role is"
          ---
          duration_ms: 0.1968
          type: 'test'
          ...
        # Subtest: detects "from now on you are"
        ok 5 - detects "from now on you are"
          ---
          duration_ms: 0.1263
          type: 'test'
          ...
        # Subtest: detects "roleplay as"
        ok 6 - detects "roleplay as"
          ---
          duration_ms: 0.2636
          type: 'test'
          ...
        # Subtest: detects "imagine you are"
        ok 7 - detects "imagine you are"
          ---
          duration_ms: 0.1467
          type: 'test'
          ...
        1..7
    ok 3 - role play escape patterns
      ---
      duration_ms: 2.4451
      type: 'suite'
      ...
    # Subtest: delimiter injection patterns
        # Subtest: detects --- delimiter
        ok 1 - detects --- delimiter
          ---
          duration_ms: 0.2835
          type: 'test'
          ...
        # Subtest: detects === delimiter
        ok 2 - detects === delimiter
          ---
          duration_ms: 0.191
          type: 'test'
          ...
        # Subtest: detects \#\#\# delimiter
        ok 3 - detects \#\#\# delimiter
          ---
          duration_ms: 0.1444
          type: 'test'
          ...
        # Subtest: detects im_start token with angle brackets
        ok 4 - detects im_start token with angle brackets
          ---
          duration_ms: 0.1928
          type: 'test'
          ...
        # Subtest: detects system token
        ok 5 - detects system token
          ---
          duration_ms: 0.2745
          type: 'test'
          ...
        # Subtest: detects INST token with brackets
        ok 6 - detects INST token with brackets
          ---
          duration_ms: 0.1521
          type: 'test'
          ...
        # Subtest: detects SYS token with angle brackets
        ok 7 - detects SYS token with angle brackets
          ---
          duration_ms: 0.1526
          type: 'test'
          ...
        # Subtest: detects s token with angle brackets
        ok 8 - detects s token with angle brackets
          ---
          duration_ms: 0.1665
          type: 'test'
          ...
        1..8
    ok 4 - delimiter injection patterns
      ---
      duration_ms: 1.9081
      type: 'suite'
      ...
    # Subtest: instruction override patterns
        # Subtest: detects "new instructions:"
        ok 1 - detects "new instructions:"
          ---
          duration_ms: 0.2174
          type: 'test'
          ...
        # Subtest: detects "system:"
        ok 2 - detects "system:"
          ---
          duration_ms: 0.1202
          type: 'test'
          ...
        # Subtest: detects "admin mode"
        ok 3 - detects "admin mode"
          ---
          duration_ms: 0.115
          type: 'test'
          ...
        # Subtest: detects "developer mode"
        ok 4 - detects "developer mode"
          ---
          duration_ms: 0.1048
          type: 'test'
          ...
        # Subtest: detects "debug mode"
        ok 5 - detects "debug mode"
          ---
          duration_ms: 0.1631
          type: 'test'
          ...
        # Subtest: detects "root access"
        ok 6 - detects "root access"
          ---
          duration_ms: 0.1345
          type: 'test'
          ...
        1..6
    ok 5 - instruction override patterns
      ---
      duration_ms: 1.0319
      type: 'suite'
      ...
    # Subtest: prompt extraction patterns
        # Subtest: detects "repeat your instructions"
        ok 1 - detects "repeat your instructions"
          ---
          duration_ms: 0.36
          type: 'test'
          ...
        # Subtest: detects "what are your instructions"
        ok 2 - detects "what are your instructions"
          ---
          duration_ms: 0.1559
          type: 'test'
          ...
        # Subtest: detects "show me your prompt"
        ok 3 - detects "show me your prompt"
          ---
          duration_ms: 0.1865
          type: 'test'
          ...
        # Subtest: detects "output your system prompt"
        ok 4 - detects "output your system prompt"
          ---
          duration_ms: 0.1236
          type: 'test'
          ...
        # Subtest: detects "print your prompt"
        ok 5 - detects "print your prompt"
          ---
          duration_ms: 0.1091
          type: 'test'
          ...
        # Subtest: detects "reveal your instructions"
        ok 6 - detects "reveal your instructions"
          ---
          duration_ms: 0.1288
          type: 'test'
          ...
        # Subtest: detects "tell me your prompt"
        ok 7 - detects "tell me your prompt"
          ---
          duration_ms: 0.1312
          type: 'test'
          ...
        1..7
    ok 6 - prompt extraction patterns
      ---
      duration_ms: 1.4783
      type: 'suite'
      ...
    # Subtest: encoding trick patterns
        # Subtest: detects "base64 encode this"
        ok 1 - detects "base64 encode this"
          ---
          duration_ms: 0.5189
          type: 'test'
          ...
        # Subtest: detects "rot13 decode the"
        ok 2 - detects "rot13 decode the"
          ---
          duration_ms: 0.2148
          type: 'test'
          ...
        # Subtest: detects "hex encode this"
        ok 3 - detects "hex encode this"
          ---
          duration_ms: 0.4366
          type: 'test'
          ...
        # Subtest: detects "decode this base64"
        ok 4 - detects "decode this base64"
          ---
          duration_ms: 0.1545
          type: 'test'
          ...
        1..4
    ok 7 - encoding trick patterns
      ---
      duration_ms: 1.5012
      type: 'suite'
      ...
    # Subtest: context manipulation patterns
        # Subtest: detects "from now on"
        ok 1 - detects "from now on"
          ---
          duration_ms: 0.3873
          type: 'test'
          ...
        # Subtest: detects "starting now"
        ok 2 - detects "starting now"
          ---
          duration_ms: 0.1451
          type: 'test'
          ...
        # Subtest: detects "reset context"
        ok 3 - detects "reset context"
          ---
          duration_ms: 0.1201
          type: 'test'
          ...
        # Subtest: detects "new context:"
        ok 4 - detects "new context:"
          ---
          duration_ms: 0.3674
          type: 'test'
          ...
        # Subtest: detects "clear memory"
        ok 5 - detects "clear memory"
          ---
          duration_ms: 0.2036
          type: 'test'
          ...
        1..5
    ok 8 - context manipulation patterns
      ---
      duration_ms: 2.8339
      type: 'suite'
      ...
    # Subtest: edge cases
        # Subtest: handles empty string
        ok 1 - handles empty string
          ---
          duration_ms: 0.282
          type: 'test'
          ...
        # Subtest: handles null input
        ok 2 - handles null input
          ---
          duration_ms: 0.089
          type: 'test'
          ...
        # Subtest: handles undefined input
        ok 3 - handles undefined input
          ---
          duration_ms: 0.3767
          type: 'test'
          ...
        # Subtest: handles very long text
        ok 4 - handles very long text
          ---
          duration_ms: 3.2986
          type: 'test'
          ...
        # Subtest: handles text with special characters
        ok 5 - handles text with special characters
          ---
          duration_ms: 0.2614
          type: 'test'
          ...
        1..5
    ok 9 - edge cases
      ---
      duration_ms: 6.0962
      type: 'suite'
      ...
    # Subtest: heuristic scoring
        # Subtest: scores with many imperative verbs
        ok 1 - scores with many imperative verbs
          ---
          duration_ms: 0.2166
          type: 'test'
          ...
        # Subtest: scores with special characters
        ok 2 - scores with special characters
          ---
          duration_ms: 0.1719
          type: 'test'
          ...
        # Subtest: scores with suspicious tokens
        ok 3 - scores with suspicious tokens
          ---
          duration_ms: 0.2418
          type: 'test'
          ...
        # Subtest: combines multiple signals
        ok 4 - combines multiple signals
          ---
          duration_ms: 0.2027
          type: 'test'
          ...
        1..4
    ok 10 - heuristic scoring
      ---
      duration_ms: 1.0967
      type: 'suite'
      ...
    # Subtest: output format
        # Subtest: returns valid JSON structure
        ok 1 - returns valid JSON structure
          ---
          duration_ms: 0.2315
          type: 'test'
          ...
        # Subtest: verdict is PASS, WARN, or HALT
        ok 2 - verdict is PASS, WARN, or HALT
          ---
          duration_ms: 0.3168
          type: 'test'
          ...
        # Subtest: score is between 0 and 100
        ok 3 - score is between 0 and 100
          ---
          duration_ms: 0.1494
          type: 'test'
          ...
        # Subtest: regex layer has matches and count
        ok 4 - regex layer has matches and count
          ---
          duration_ms: 0.2204
          type: 'test'
          ...
        # Subtest: heuristic layer has all fields
        ok 5 - heuristic layer has all fields
          ---
          duration_ms: 0.1822
          type: 'test'
          ...
        1..5
    ok 11 - output format
      ---
      duration_ms: 1.3096
      type: 'suite'
      ...
    # Subtest: combined attacks
        # Subtest: detects multiple attack vectors
        ok 1 - detects multiple attack vectors
          ---
          duration_ms: 0.3804
          type: 'test'
          ...
        # Subtest: detects stealthy attacks
        ok 2 - detects stealthy attacks
          ---
          duration_ms: 0.1805
          type: 'test'
          ...
        1..2
    ok 12 - combined attacks
      ---
      duration_ms: 0.6529
      type: 'suite'
      ...
    # Subtest: false positive resistance
        # Subtest: does not flag legitimate coding questions
        ok 1 - does not flag legitimate coding questions
          ---
          duration_ms: 0.1707
          type: 'test'
          ...
        # Subtest: does not flag natural language about AI
        ok 2 - does not flag natural language about AI
          ---
          duration_ms: 0.1098
          type: 'test'
          ...
        # Subtest: does not flag base64 discussions
        ok 3 - does not flag base64 discussions
          ---
          duration_ms: 0.1601
          type: 'test'
          ...
        1..3
    ok 13 - false positive resistance
      ---
      duration_ms: 0.5432
      type: 'suite'
      ...
    1..13
ok 167 - detectPromptInjection
  ---
  duration_ms: 37.8651
  type: 'suite'
  ...
# Subtest: RAG Evaluation Metrics
    # Subtest: Faithfulness
        # Subtest: returns 1.0 when answer is fully supported by context
        ok 1 - returns 1.0 when answer is fully supported by context
          ---
          duration_ms: 1.2513
          type: 'test'
          ...
        # Subtest: returns 0.0 when answer has no overlap with context
        ok 2 - returns 0.0 when answer has no overlap with context
          ---
          duration_ms: 0.2679
          type: 'test'
          ...
        # Subtest: returns partial score for partial context coverage
        ok 3 - returns partial score for partial context coverage
          ---
          duration_ms: 0.2537
          type: 'test'
          ...
        # Subtest: returns 0 for empty answer
        ok 4 - returns 0 for empty answer
          ---
          duration_ms: 0.2005
          type: 'test'
          ...
        # Subtest: returns 0 for empty contexts
        ok 5 - returns 0 for empty contexts
          ---
          duration_ms: 1.0125
          type: 'test'
          ...
        1..5
    ok 1 - Faithfulness
      ---
      duration_ms: 4.4083
      type: 'suite'
      ...
    # Subtest: Answer Relevance
        # Subtest: returns high score when answer addresses question keywords
        ok 1 - returns high score when answer addresses question keywords
          ---
          duration_ms: 0.8296
          type: 'test'
          ...
        # Subtest: returns low score when answer ignores question
        ok 2 - returns low score when answer ignores question
          ---
          duration_ms: 0.207
          type: 'test'
          ...
        # Subtest: returns 0 for empty question
        ok 3 - returns 0 for empty question
          ---
          duration_ms: 0.4849
          type: 'test'
          ...
        # Subtest: returns 0 for empty answer
        ok 4 - returns 0 for empty answer
          ---
          duration_ms: 0.7357
          type: 'test'
          ...
        1..4
    ok 2 - Answer Relevance
      ---
      duration_ms: 3.0943
      type: 'suite'
      ...
    # Subtest: Context Precision
        # Subtest: returns high score when contexts contain question keywords
        ok 1 - returns high score when contexts contain question keywords
          ---
          duration_ms: 0.5311
          type: 'test'
          ...
        # Subtest: returns low score when contexts are irrelevant
        ok 2 - returns low score when contexts are irrelevant
          ---
          duration_ms: 0.3034
          type: 'test'
          ...
        # Subtest: returns 0 for empty contexts
        ok 3 - returns 0 for empty contexts
          ---
          duration_ms: 0.1088
          type: 'test'
          ...
        1..3
    ok 3 - Context Precision
      ---
      duration_ms: 1.1087
      type: 'suite'
      ...
    # Subtest: Context Recall
        # Subtest: returns high score when context covers ground truth
        ok 1 - returns high score when context covers ground truth
          ---
          duration_ms: 0.2688
          type: 'test'
          ...
        # Subtest: returns low score when context misses ground truth
        ok 2 - returns low score when context misses ground truth
          ---
          duration_ms: 0.2545
          type: 'test'
          ...
        # Subtest: returns 0 for empty ground truth
        ok 3 - returns 0 for empty ground truth
          ---
          duration_ms: 0.1892
          type: 'test'
          ...
        # Subtest: returns 0 for empty contexts
        ok 4 - returns 0 for empty contexts
          ---
          duration_ms: 0.4368
          type: 'test'
          ...
        1..4
    ok 4 - Context Recall
      ---
      duration_ms: 3.0486
      type: 'suite'
      ...
    # Subtest: Overall Quality
        # Subtest: calculates weighted average of all metrics
        ok 1 - calculates weighted average of all metrics
          ---
          duration_ms: 0.236
          type: 'test'
          ...
        # Subtest: handles partial metrics (no ground truth)
        ok 2 - handles partial metrics (no ground truth)
          ---
          duration_ms: 0.1171
          type: 'test'
          ...
        # Subtest: returns 0 for empty metrics
        ok 3 - returns 0 for empty metrics
          ---
          duration_ms: 0.0888
          type: 'test'
          ...
        1..3
    ok 5 - Overall Quality
      ---
      duration_ms: 0.5986
      type: 'suite'
      ...
    1..5
ok 168 - RAG Evaluation Metrics
  ---
  duration_ms: 13.6228
  type: 'suite'
  ...
# Subtest: MCP Tool Registration
    # Subtest: is a function
    ok 1 - is a function
      ---
      duration_ms: 0.1263
      type: 'test'
      ...
    # Subtest: registers both expected tools
    ok 2 - registers both expected tools
      ---
      duration_ms: 0.6627
      type: 'test'
      ...
    1..2
ok 169 - MCP Tool Registration
  ---
  duration_ms: 0.9075
  type: 'suite'
  ...
# Subtest: Dataset Validation
    # Subtest: validates a correct dataset
    ok 1 - validates a correct dataset
      ---
      duration_ms: 4.1088
      type: 'test'
      ...
    # Subtest: rejects invalid dataset (missing required fields)
    ok 2 - rejects invalid dataset (missing required fields)
      ---
      duration_ms: 1.5869
      type: 'test'
      ...
    # Subtest: rejects invalid JSON
    ok 3 - rejects invalid JSON
      ---
      duration_ms: 0.4421
      type: 'test'
      ...
    # Subtest: rejects invalid difficulty enum
    ok 4 - rejects invalid difficulty enum
      ---
      duration_ms: 0.7727
      type: 'test'
      ...
    1..4
ok 170 - Dataset Validation
  ---
  duration_ms: 7.1054
  type: 'suite'
  ...
# Subtest: E2E Tool Execution
    # Subtest: evaluate_rag_quality returns all metrics
    ok 1 - evaluate_rag_quality returns all metrics
      ---
      duration_ms: 0.4596
      type: 'test'
      ...
    # Subtest: evaluate_rag_quality works without ground truth
    ok 2 - evaluate_rag_quality works without ground truth
      ---
      duration_ms: 1.102
      type: 'test'
      ...
    # Subtest: evaluate_rag_quality handles empty contexts
    ok 3 - evaluate_rag_quality handles empty contexts
      ---
      duration_ms: 0.4569
      type: 'test'
      ...
    # Subtest: evaluate_rag_quality handles duplicate contexts
    ok 4 - evaluate_rag_quality handles duplicate contexts
      ---
      duration_ms: 0.4139
      type: 'test'
      ...
    1..4
ok 171 - E2E Tool Execution
  ---
  duration_ms: 2.724
  type: 'suite'
  ...
# Subtest: rateLimiter
    # Subtest: should return null on first call
    ok 1 - should return null on first call
      ---
      duration_ms: 1.0471
      type: 'test'
      ...
    # Subtest: should allow calls within limit
    ok 2 - should allow calls within limit
      ---
      duration_ms: 0.4105
      type: 'test'
      ...
    # Subtest: should block after max calls
    ok 3 - should block after max calls
      ---
      duration_ms: 0.4749
      type: 'test'
      ...
    # Subtest: should track different tools independently
    ok 4 - should track different tools independently
      ---
      duration_ms: 0.7491
      type: 'test'
      ...
    # Subtest: should reset after window expires
    ok 5 - should reset after window expires
      ---
      duration_ms: 161.2019
      type: 'test'
      ...
    1..5
ok 172 - rateLimiter
  ---
  duration_ms: 167.5859
  type: 'suite'
  ...
# Subtest: registerResources
    # Subtest: should be a function
    ok 1 - should be a function
      ---
      duration_ms: 2.1873
      type: 'test'
      ...
    # Subtest: should register the ai-rules-list index resource
    ok 2 - should register the ai-rules-list index resource
      ---
      duration_ms: 1.6337
      type: 'test'
      ...
    # Subtest: should register a resource for each rule file on disk
    ok 3 - should register a resource for each rule file on disk
      ---
      duration_ms: 0.6936
      type: 'test'
      ...
    # Subtest: should register the project-state resource
    ok 4 - should register the project-state resource
      ---
      duration_ms: 4.1149
      type: 'test'
      ...
    # Subtest: should register the session-memory resource
    ok 5 - should register the session-memory resource
      ---
      duration_ms: 0.6891
      type: 'test'
      ...
    # Subtest: should register at least 14 rule file resources plus the index
    ok 6 - should register at least 14 rule file resources plus the index
      ---
      duration_ms: 0.5642
      type: 'test'
      ...
    # Subtest: should register all 4 fixed resources (index + 2 state + memory)
    ok 7 - should register all 4 fixed resources (index + 2 state + memory)
      ---
      duration_ms: 0.2812
      type: 'test'
      ...
    1..7
ok 173 - registerResources
  ---
  duration_ms: 12.3729
  type: 'suite'
  ...
# Subtest: ai-rules-list resource handler
    # Subtest: should return markdown listing of rule files
    ok 1 - should return markdown listing of rule files
      ---
      duration_ms: 1.651
      type: 'test'
      ...
    # Subtest: should use text/markdown mime type
    ok 2 - should use text/markdown mime type
      ---
      duration_ms: 0.6419
      type: 'test'
      ...
    # Subtest: should use ai-rules://list as uri
    ok 3 - should use ai-rules://list as uri
      ---
      duration_ms: 0.714
      type: 'test'
      ...
    1..3
ok 174 - ai-rules-list resource handler
  ---
  duration_ms: 3.4777
  type: 'suite'
  ...
# Subtest: ROLE_PRESETS
    # Subtest: should include key operational roles
    ok 1 - should include key operational roles
      ---
      duration_ms: 0.6172
      type: 'test'
      ...
    # Subtest: should define required gate arrays
    ok 2 - should define required gate arrays
      ---
      duration_ms: 0.2379
      type: 'test'
      ...
    1..2
ok 175 - ROLE_PRESETS
  ---
  duration_ms: 1.961
  type: 'suite'
  ...
# Subtest: adaptPreset
    # Subtest: should tighten budgets for weaker-scaffold models
    ok 1 - should tighten budgets for weaker-scaffold models
      ---
      duration_ms: 0.2639
      type: 'test'
      ...
    # Subtest: should preserve broader autonomy for stronger profiles
    ok 2 - should preserve broader autonomy for stronger profiles
      ---
      duration_ms: 0.4079
      type: 'test'
      ...
    1..2
ok 176 - adaptPreset
  ---
  duration_ms: 0.946
  type: 'suite'
  ...
# Subtest: registerRolesTools
    # Subtest: should register activate_role tool
    ok 1 - should register activate_role tool
      ---
      duration_ms: 0.9476
      type: 'test'
      ...
    1..1
ok 177 - registerRolesTools
  ---
  duration_ms: 1.07
  type: 'suite'
  ...
# Subtest: list_rules
    # Subtest: should return a formatted list of available rule files
    ok 1 - should return a formatted list of available rule files
      ---
      duration_ms: 2.2639
      type: 'test'
      ...
    # Subtest: should list all 12 bundled rule files
    ok 2 - should list all 12 bundled rule files
      ---
      duration_ms: 0.6817
      type: 'test'
      ...
    # Subtest: should use stable alphabetical sort order
    ok 3 - should use stable alphabetical sort order
      ---
      duration_ms: 0.398
      type: 'test'
      ...
    1..3
ok 178 - list_rules
  ---
  duration_ms: 4.3271
  type: 'suite'
  ...
# Subtest: get_rules
    # Subtest: should return full content for a known TOPIC_MAP keyword
    ok 1 - should return full content for a known TOPIC_MAP keyword
      ---
      duration_ms: 1.3984
      type: 'test'
      ...
    # Subtest: should return description-only summary in summary mode
    ok 2 - should return description-only summary in summary mode
      ---
      duration_ms: 0.9502
      type: 'test'
      ...
    # Subtest: should return an error message for a nonexistent topic
    ok 3 - should return an error message for a nonexistent topic
      ---
      duration_ms: 0.638
      type: 'test'
      ...
    # Subtest: should resolve TOPIC_MAP aliases (e.g. "debug" → 05-debugging-mastery.md)
    ok 4 - should resolve TOPIC_MAP aliases (e.g. "debug" → 05-debugging-mastery.md)
      ---
      duration_ms: 0.8562
      type: 'test'
      ...
    # Subtest: should default to full mode when mode is omitted
    ok 5 - should default to full mode when mode is omitted
      ---
      duration_ms: 0.8184
      type: 'test'
      ...
    1..5
ok 179 - get_rules
  ---
  duration_ms: 5.174
  type: 'suite'
  ...
# Subtest: get_context
    # Subtest: should return a not-found message for a module without CONTEXT.md
    ok 1 - should return a not-found message for a module without CONTEXT.md
      ---
      duration_ms: 1.5202
      type: 'test'
      ...
    # Subtest: should strip path traversal sequences from module_path
    ok 2 - should strip path traversal sequences from module_path
      ---
      duration_ms: 7251.9035
      type: 'test'
      ...
    # Subtest: should search multiple candidate paths for CONTEXT.md
    ok 3 - should search multiple candidate paths for CONTEXT.md
      ---
      duration_ms: 0.91
      type: 'test'
      ...
    1..3
ok 180 - get_context
  ---
  duration_ms: 7254.6472
  type: 'suite'
  ...
# Subtest: get_rules_bundle
    # Subtest: should return an index listing in index mode
    ok 1 - should return an index listing in index mode
      ---
      duration_ms: 0.6634
      type: 'test'
      ...
    # Subtest: should concatenate all rule content in full mode
    ok 2 - should concatenate all rule content in full mode
      ---
      duration_ms: 4.3698
      type: 'test'
      ...
    # Subtest: should fall through to full mode when mode is omitted at handler level
    ok 3 - should fall through to full mode when mode is omitted at handler level
      ---
      duration_ms: 3.4588
      type: 'test'
      ...
    # Subtest: should contain all 12 rule files in full mode
    ok 4 - should contain all 12 rule files in full mode
      ---
      duration_ms: 3.6842
      type: 'test'
      ...
    1..4
ok 181 - get_rules_bundle
  ---
  duration_ms: 12.3249
  type: 'suite'
  ...
# Subtest: checkRateLimit
    # Subtest: should return null for normal calls
    ok 1 - should return null for normal calls
      ---
      duration_ms: 0.8269
      type: 'test'
      ...
    # Subtest: should return HALT after exceeding global limit
    ok 2 - should return HALT after exceeding global limit
      ---
      duration_ms: 0.4526
      type: 'test'
      ...
    1..2
ok 182 - checkRateLimit
  ---
  duration_ms: 2.3837
  type: 'suite'
  ...
# Subtest: trackOutput / isDuplicateOutput
    # Subtest: should return isDuplicate=false for first call
    ok 1 - should return isDuplicate=false for first call
      ---
      duration_ms: 0.8408
      type: 'test'
      ...
    # Subtest: should return isDuplicate=true for duplicate output
    ok 2 - should return isDuplicate=true for duplicate output
      ---
      duration_ms: 0.1988
      type: 'test'
      ...
    # Subtest: should return isDuplicate=false for different outputs
    ok 3 - should return isDuplicate=false for different outputs
      ---
      duration_ms: 0.3161
      type: 'test'
      ...
    1..3
ok 183 - trackOutput / isDuplicateOutput
  ---
  duration_ms: 1.5672
  type: 'suite'
  ...
# Subtest: trackToolCall
    # Subtest: should return isLoop=false for first calls
    ok 1 - should return isLoop=false for first calls
      ---
      duration_ms: 0.8278
      type: 'test'
      ...
    # Subtest: should return isLoop=true after 3 identical consecutive calls
    ok 2 - should return isLoop=true after 3 identical consecutive calls
      ---
      duration_ms: 0.4195
      type: 'test'
      ...
    # Subtest: should reset consecutive count on different params
    ok 3 - should reset consecutive count on different params
      ---
      duration_ms: 0.4275
      type: 'test'
      ...
    1..3
ok 184 - trackToolCall
  ---
  duration_ms: 1.9079
  type: 'suite'
  ...
# Subtest: validateOutput
    # Subtest: should return valid=true for normal text
    ok 1 - should return valid=true for normal text
      ---
      duration_ms: 1.3546
      type: 'test'
      ...
    # Subtest: should flag empty/trivial output
    ok 2 - should flag empty/trivial output
      ---
      duration_ms: 0.6263
      type: 'test'
      ...
    # Subtest: should flag excessive word repetition
    ok 3 - should flag excessive word repetition
      ---
      duration_ms: 0.2657
      type: 'test'
      ...
    # Subtest: should flag hallucination markers
    ok 4 - should flag hallucination markers
      ---
      duration_ms: 0.2909
      type: 'test'
      ...
    # Subtest: should flag uncertainty markers
    ok 5 - should flag uncertainty markers
      ---
      duration_ms: 0.1652
      type: 'test'
      ...
    1..5
ok 185 - validateOutput
  ---
  duration_ms: 2.9391
  type: 'suite'
  ...
# Subtest: SAST rule format
    # Subtest: exports a non-empty rules array
    ok 1 - exports a non-empty rules array
      ---
      duration_ms: 0.9285
      type: 'test'
      ...
    # Subtest: has all 7 required categories
    ok 2 - has all 7 required categories
      ---
      duration_ms: 0.212
      type: 'test'
      ...
    # Subtest: every rule passes schema validation
    ok 3 - every rule passes schema validation
      ---
      duration_ms: 3.6996
      type: 'test'
      ...
    # Subtest: rule IDs are unique
    ok 4 - rule IDs are unique
      ---
      duration_ms: 0.1953
      type: 'test'
      ...
    # Subtest: every rule has valid severity
    ok 5 - every rule has valid severity
      ---
      duration_ms: 0.2801
      type: 'test'
      ...
    # Subtest: every rule has non-empty references
    ok 6 - every rule has non-empty references
      ---
      duration_ms: 0.251
      type: 'test'
      ...
    # Subtest: every rule has a fix recommendation
    ok 7 - every rule has a fix recommendation
      ---
      duration_ms: 0.1368
      type: 'test'
      ...
    # Subtest: RULES_BY_ID is a working lookup map
    ok 8 - RULES_BY_ID is a working lookup map
      ---
      duration_ms: 0.2412
      type: 'test'
      ...
    # Subtest: validateRule returns valid for a correct rule
    ok 9 - validateRule returns valid for a correct rule
      ---
      duration_ms: 1.1653
      type: 'test'
      ...
    # Subtest: validateRule catches missing required fields
    ok 10 - validateRule catches missing required fields
      ---
      duration_ms: 1.1169
      type: 'test'
      ...
    1..10
ok 186 - SAST rule format
  ---
  duration_ms: 9.7643
  type: 'suite'
  ...
# Subtest: SQL Injection rules (SEC001–SEC005)
    # Subtest: SEC001 detects SELECT with template literal
    ok 1 - SEC001 detects SELECT with template literal
      ---
      duration_ms: 1.3278
      type: 'test'
      ...
    # Subtest: SEC002 detects SELECT with string concatenation
    ok 2 - SEC002 detects SELECT with string concatenation
      ---
      duration_ms: 0.7229
      type: 'test'
      ...
    # Subtest: SEC003 detects INSERT with template literal
    ok 3 - SEC003 detects INSERT with template literal
      ---
      duration_ms: 0.1669
      type: 'test'
      ...
    # Subtest: SEC004 detects INSERT with concatenation
    ok 4 - SEC004 detects INSERT with concatenation
      ---
      duration_ms: 0.1483
      type: 'test'
      ...
    # Subtest: SEC005 detects UNION SELECT
    ok 5 - SEC005 detects UNION SELECT
      ---
      duration_ms: 0.1252
      type: 'test'
      ...
    # Subtest: does NOT flag parameterized queries
    ok 6 - does NOT flag parameterized queries
      ---
      duration_ms: 0.1069
      type: 'test'
      ...
    # Subtest: does NOT flag harmless comments mentioning SQL
    ok 7 - does NOT flag harmless comments mentioning SQL
      ---
      duration_ms: 0.1253
      type: 'test'
      ...
    1..7
ok 187 - SQL Injection rules (SEC001–SEC005)
  ---
  duration_ms: 3.0168
  type: 'suite'
  ...
# Subtest: XSS rules (SEC010–SEC013)
    # Subtest: SEC010 detects innerHTML assignment
    ok 1 - SEC010 detects innerHTML assignment
      ---
      duration_ms: 0.7726
      type: 'test'
      ...
    # Subtest: SEC011 detects dangerouslySetInnerHTML
    ok 2 - SEC011 detects dangerouslySetInnerHTML
      ---
      duration_ms: 0.1584
      type: 'test'
      ...
    # Subtest: SEC012 detects document.write
    ok 3 - SEC012 detects document.write
      ---
      duration_ms: 0.205
      type: 'test'
      ...
    # Subtest: SEC013 detects javascript: URI
    ok 4 - SEC013 detects javascript: URI
      ---
      duration_ms: 0.166
      type: 'test'
      ...
    # Subtest: does NOT flag textContent usage
    ok 5 - does NOT flag textContent usage
      ---
      duration_ms: 0.1994
      type: 'test'
      ...
    1..5
ok 188 - XSS rules (SEC010–SEC013)
  ---
  duration_ms: 1.7295
  type: 'suite'
  ...
# Subtest: Command Injection rules (SEC020–SEC023)
    # Subtest: SEC020 detects exec()
    ok 1 - SEC020 detects exec()
      ---
      duration_ms: 0.3175
      type: 'test'
      ...
    # Subtest: SEC021 detects spawn()
    ok 2 - SEC021 detects spawn()
      ---
      duration_ms: 0.1561
      type: 'test'
      ...
    # Subtest: SEC022 detects system()
    ok 3 - SEC022 detects system()
      ---
      duration_ms: 0.1543
      type: 'test'
      ...
    # Subtest: SEC023 detects execSync()
    ok 4 - SEC023 detects execSync()
      ---
      duration_ms: 0.1139
      type: 'test'
      ...
    # Subtest: does NOT flag readFile calls
    ok 5 - does NOT flag readFile calls
      ---
      duration_ms: 0.103
      type: 'test'
      ...
    1..5
ok 189 - Command Injection rules (SEC020–SEC023)
  ---
  duration_ms: 1.1553
  type: 'suite'
  ...
# Subtest: Path Traversal rules (SEC030–SEC033)
    # Subtest: SEC030 detects ../ sequence
    ok 1 - SEC030 detects ../ sequence
      ---
      duration_ms: 0.2763
      type: 'test'
      ...
    # Subtest: SEC031 detects ..\\ sequence
    ok 2 - SEC031 detects ..\\ sequence
      ---
      duration_ms: 0.1429
      type: 'test'
      ...
    # Subtest: SEC032 detects readFileSync with user input
    ok 3 - SEC032 detects readFileSync with user input
      ---
      duration_ms: 0.1375
      type: 'test'
      ...
    # Subtest: SEC033 detects /etc/passwd reference
    ok 4 - SEC033 detects /etc/passwd reference
      ---
      duration_ms: 0.1973
      type: 'test'
      ...
    # Subtest: does NOT flag normal path operations
    ok 5 - does NOT flag normal path operations
      ---
      duration_ms: 0.1215
      type: 'test'
      ...
    1..5
ok 190 - Path Traversal rules (SEC030–SEC033)
  ---
  duration_ms: 1.0776
  type: 'suite'
  ...
# Subtest: Hardcoded Secrets rules (SEC040–SEC044)
    # Subtest: SEC040 detects hardcoded password
    ok 1 - SEC040 detects hardcoded password
      ---
      duration_ms: 0.299
      type: 'test'
      ...
    # Subtest: SEC041 detects hardcoded API key
    ok 2 - SEC041 detects hardcoded API key
      ---
      duration_ms: 0.1589
      type: 'test'
      ...
    # Subtest: SEC042 detects hardcoded secret
    ok 3 - SEC042 detects hardcoded secret
      ---
      duration_ms: 0.3544
      type: 'test'
      ...
    # Subtest: SEC043 detects hardcoded token
    ok 4 - SEC043 detects hardcoded token
      ---
      duration_ms: 0.2587
      type: 'test'
      ...
    # Subtest: SEC044 detects hardcoded private key
    ok 5 - SEC044 detects hardcoded private key
      ---
      duration_ms: 0.1197
      type: 'test'
      ...
    # Subtest: does NOT flag environment variable references
    ok 6 - does NOT flag environment variable references
      ---
      duration_ms: 0.1285
      type: 'test'
      ...
    # Subtest: does NOT flag variable assignments without string values
    ok 7 - does NOT flag variable assignments without string values
      ---
      duration_ms: 0.0996
      type: 'test'
      ...
    1..7
ok 191 - Hardcoded Secrets rules (SEC040–SEC044)
  ---
  duration_ms: 3.6895
  type: 'suite'
  ...
# Subtest: Weak Crypto rules (SEC050–SEC053)
    # Subtest: SEC050 detects md5 keyword
    ok 1 - SEC050 detects md5 keyword
      ---
      duration_ms: 0.1914
      type: 'test'
      ...
    # Subtest: SEC051 detects sha1 keyword
    ok 2 - SEC051 detects sha1 keyword
      ---
      duration_ms: 0.0983
      type: 'test'
      ...
    # Subtest: SEC052 detects createHash("md5")
    ok 3 - SEC052 detects createHash("md5")
      ---
      duration_ms: 0.0854
      type: 'test'
      ...
    # Subtest: SEC053 detects createHash("sha1")
    ok 4 - SEC053 detects createHash("sha1")
      ---
      duration_ms: 0.0961
      type: 'test'
      ...
    # Subtest: does NOT flag createHash("sha256")
    ok 5 - does NOT flag createHash("sha256")
      ---
      duration_ms: 0.0739
      type: 'test'
      ...
    # Subtest: does NOT flag sha256 keyword
    ok 6 - does NOT flag sha256 keyword
      ---
      duration_ms: 0.1262
      type: 'test'
      ...
    1..6
ok 192 - Weak Crypto rules (SEC050–SEC053)
  ---
  duration_ms: 1.1423
  type: 'suite'
  ...
# Subtest: Insecure Deserialization rules (SEC060–SEC063)
    # Subtest: SEC060 detects eval()
    ok 1 - SEC060 detects eval()
      ---
      duration_ms: 0.1695
      type: 'test'
      ...
    # Subtest: SEC061 detects JSON.parse on request body
    ok 2 - SEC061 detects JSON.parse on request body
      ---
      duration_ms: 0.1296
      type: 'test'
      ...
    # Subtest: SEC062 detects any JSON.parse
    ok 3 - SEC062 detects any JSON.parse
      ---
      duration_ms: 0.1232
      type: 'test'
      ...
    # Subtest: SEC063 detects new Function()
    ok 4 - SEC063 detects new Function()
      ---
      duration_ms: 0.124
      type: 'test'
      ...
    # Subtest: does NOT flag safe JSON.parse with try/catch
    ok 5 - does NOT flag safe JSON.parse with try/catch
      ---
      duration_ms: 0.1606
      type: 'test'
      ...
    1..5
ok 193 - Insecure Deserialization rules (SEC060–SEC063)
  ---
  duration_ms: 0.8994
  type: 'suite'
  ...
# Subtest: Scanner output structure
    # Subtest: returns scanned: true with findings
    ok 1 - returns scanned: true with findings
      ---
      duration_ms: 0.1732
      type: 'test'
      ...
    # Subtest: each finding has required fields
    ok 2 - each finding has required fields
      ---
      duration_ms: 0.1438
      type: 'test'
      ...
    # Subtest: tracks correct line numbers
    ok 3 - tracks correct line numbers
      ---
      duration_ms: 0.1474
      type: 'test'
      ...
    # Subtest: summary counts match findings
    ok 4 - summary counts match findings
      ---
      duration_ms: 0.152
      type: 'test'
      ...
    # Subtest: empty file returns scanned: false
    ok 5 - empty file returns scanned: false
      ---
      duration_ms: 0.1099
      type: 'test'
      ...
    # Subtest: returns correct rule count
    ok 6 - returns correct rule count
      ---
      duration_ms: 0.1041
      type: 'test'
      ...
    1..6
ok 194 - Scanner output structure
  ---
  duration_ms: 1.0117
  type: 'suite'
  ...
# Subtest: CWE references
    # Subtest: SQL injection rules reference CWE-89
    ok 1 - SQL injection rules reference CWE-89
      ---
      duration_ms: 0.2415
      type: 'test'
      ...
    # Subtest: XSS rules reference CWE-79
    ok 2 - XSS rules reference CWE-79
      ---
      duration_ms: 0.1372
      type: 'test'
      ...
    # Subtest: command injection rules reference CWE-78
    ok 3 - command injection rules reference CWE-78
      ---
      duration_ms: 0.1329
      type: 'test'
      ...
    # Subtest: path traversal rules reference CWE-22
    ok 4 - path traversal rules reference CWE-22
      ---
      duration_ms: 0.1362
      type: 'test'
      ...
    # Subtest: hardcoded secrets rules reference CWE-798
    ok 5 - hardcoded secrets rules reference CWE-798
      ---
      duration_ms: 0.1311
      type: 'test'
      ...
    # Subtest: weak crypto rules reference CWE-328
    ok 6 - weak crypto rules reference CWE-328
      ---
      duration_ms: 0.1292
      type: 'test'
      ...
    # Subtest: insecure deserialization rules reference CWE-95 or CWE-502
    ok 7 - insecure deserialization rules reference CWE-95 or CWE-502
      ---
      duration_ms: 0.1274
      type: 'test'
      ...
    1..7
ok 195 - CWE references
  ---
  duration_ms: 1.2778
  type: 'suite'
  ...
# Subtest: Edge cases
    # Subtest: null code returns scanned: false
    ok 1 - null code returns scanned: false
      ---
      duration_ms: 0.281
      type: 'test'
      ...
    # Subtest: undefined code returns scanned: false
    ok 2 - undefined code returns scanned: false
      ---
      duration_ms: 0.0891
      type: 'test'
      ...
    # Subtest: binary file detection by extension
    ok 3 - binary file detection by extension
      ---
      duration_ms: 0.4287
      type: 'test'
      ...
    # Subtest: rule filter works with specific IDs
    ok 4 - rule filter works with specific IDs
      ---
      duration_ms: 0.3283
      type: 'test'
      ...
    # Subtest: rule filter with empty array returns no findings
    ok 5 - rule filter with empty array returns no findings
      ---
      duration_ms: 0.149
      type: 'test'
      ...
    # Subtest: scanFile returns file not found for missing path
    ok 6 - scanFile returns file not found for missing path
      ---
      duration_ms: 1.1462
      type: 'test'
      ...
    # Subtest: multi-line code tracks multiple findings
    ok 7 - multi-line code tracks multiple findings
      ---
      duration_ms: 0.2207
      type: 'test'
      ...
    # Subtest: case insensitive matching for crypto patterns
    ok 8 - case insensitive matching for crypto patterns
      ---
      duration_ms: 0.1208
      type: 'test'
      ...
    # Subtest: handles Windows-style paths
    ok 9 - handles Windows-style paths
      ---
      duration_ms: 0.1183
      type: 'test'
      ...
    # Subtest: handles very long lines without crashing
    ok 10 - handles very long lines without crashing
      ---
      duration_ms: 0.1404
      type: 'test'
      ...
    # Subtest: categories list matches RULES_BY_CATEGORY keys
    ok 11 - categories list matches RULES_BY_CATEGORY keys
      ---
      duration_ms: 0.2161
      type: 'test'
      ...
    1..11
ok 196 - Edge cases
  ---
  duration_ms: 3.5827
  type: 'suite'
  ...
# Subtest: Schemas
    # Subtest: rule-frontmatter.json exists and is valid JSON
    ok 1 - rule-frontmatter.json exists and is valid JSON
      ---
      duration_ms: 1.7062
      type: 'test'
      ...
    # Subtest: failure-classification.json exists and is valid JSON
    ok 2 - failure-classification.json exists and is valid JSON
      ---
      duration_ms: 0.4797
      type: 'test'
      ...
    # Subtest: session-state.json exists and is valid JSON
    ok 3 - session-state.json exists and is valid JSON
      ---
      duration_ms: 1.4066
      type: 'test'
      ...
    # Subtest: eval-dataset.json exists and is valid JSON
    ok 4 - eval-dataset.json exists and is valid JSON
      ---
      duration_ms: 0.417
      type: 'test'
      ...
    # Subtest: policy-taxonomy.json exists and is valid JSON
    ok 5 - policy-taxonomy.json exists and is valid JSON
      ---
      duration_ms: 0.3659
      type: 'test'
      ...
    # Subtest: all schemas validate with valid data
    ok 6 - all schemas validate with valid data
      ---
      duration_ms: 0.9277
      type: 'test'
      ...
    1..6
ok 197 - Schemas
  ---
  duration_ms: 6.5429
  type: 'suite'
  ...
# Subtest: validate-skill.js
    # Subtest: should validate a valid SKILL.md
    ok 1 - should validate a valid SKILL.md
      ---
      duration_ms: 9.8262
      type: 'test'
      ...
    # Subtest: should reject missing name
    ok 2 - should reject missing name
      ---
      duration_ms: 8.3975
      type: 'test'
      ...
    # Subtest: should reject non-kebab-case name
    ok 3 - should reject non-kebab-case name
      ---
      duration_ms: 11.8382
      type: 'test'
      ...
    # Subtest: should reject short description
    ok 4 - should reject short description
      ---
      duration_ms: 9.1451
      type: 'test'
      ...
    # Subtest: should reject missing tags
    ok 5 - should reject missing tags
      ---
      duration_ms: 11.6427
      type: 'test'
      ...
    # Subtest: should handle missing file
    ok 6 - should handle missing file
      ---
      duration_ms: 0.2812
      type: 'test'
      ...
    # Subtest: should handle file with no frontmatter
    ok 7 - should handle file with no frontmatter
      ---
      duration_ms: 8.4174
      type: 'test'
      ...
    1..7
ok 198 - validate-skill.js
  ---
  duration_ms: 75.4512
  type: 'suite'
  ...
# Subtest: discover-skills.js
    # Subtest: should discover skills in directory
    ok 1 - should discover skills in directory
      ---
      duration_ms: 25.6012
      type: 'test'
      ...
    # Subtest: should parse skill metadata
    ok 2 - should parse skill metadata
      ---
      duration_ms: 13.1759
      type: 'test'
      ...
    # Subtest: should handle non-existent directory
    ok 3 - should handle non-existent directory
      ---
      duration_ms: 0.2139
      type: 'test'
      ...
    # Subtest: should skip directories without SKILL.md
    ok 4 - should skip directories without SKILL.md
      ---
      duration_ms: 2.2242
      type: 'test'
      ...
    # Subtest: should sort skills by name
    ok 5 - should sort skills by name
      ---
      duration_ms: 16.6421
      type: 'test'
      ...
    1..5
ok 199 - discover-skills.js
  ---
  duration_ms: 64.8357
  type: 'suite'
  ...
# Subtest: render-skill-card.js
    # Subtest: should render card from valid skill
    ok 1 - should render card from valid skill
      ---
      duration_ms: 2.382
      type: 'test'
      ...
    # Subtest: should detect VERIFY marker
    ok 2 - should detect VERIFY marker
      ---
      duration_ms: 8.7986
      type: 'test'
      ...
    # Subtest: should detect SELECT marker
    ok 3 - should detect SELECT marker
      ---
      duration_ms: 10.4388
      type: 'test'
      ...
    # Subtest: should handle missing file
    ok 4 - should handle missing file
      ---
      duration_ms: 0.2298
      type: 'test'
      ...
    # Subtest: should use directory name as fallback for name
    ok 5 - should use directory name as fallback for name
      ---
      duration_ms: 8.4018
      type: 'test'
      ...
    1..5
ok 200 - render-skill-card.js
  ---
  duration_ms: 34.7961
  type: 'suite'
  ...
# Subtest: agent-cli.js
    # Subtest: should show help with --help
    ok 1 - should show help with --help
      ---
      duration_ms: 136.5238
      type: 'test'
      ...
    # Subtest: should run validate command
    ok 2 - should run validate command
      ---
      duration_ms: 78.4665
      type: 'test'
      ...
    # Subtest: should run discover command with JSON output
    ok 3 - should run discover command with JSON output
      ---
      duration_ms: 55.8556
      type: 'test'
      ...
    # Subtest: should run render-card command
    ok 4 - should run render-card command
      ---
      duration_ms: 57.4339
      type: 'test'
      ...
    # Subtest: should reject unknown command
    ok 5 - should reject unknown command
      ---
      duration_ms: 54.1865
      type: 'test'
      ...
    # Subtest: should run validate with JSON output
    ok 6 - should run validate with JSON output
      ---
      duration_ms: 55.478
      type: 'test'
      ...
    # Subtest: should handle --verbose flag
    ok 7 - should handle --verbose flag
      ---
      duration_ms: 57.9177
      type: 'test'
      ...
    1..7
ok 201 - agent-cli.js
  ---
  duration_ms: 496.1991
  type: 'suite'
  ...
# Subtest: Edge Cases
    # Subtest: validate-skill handles very long name
    ok 1 - validate-skill handles very long name
      ---
      duration_ms: 6.4613
      type: 'test'
      ...
    # Subtest: validate-skill handles exactly 50 char description
    ok 2 - validate-skill handles exactly 50 char description
      ---
      duration_ms: 6.7274
      type: 'test'
      ...
    # Subtest: validate-skill handles exactly 2 tags
    ok 3 - validate-skill handles exactly 2 tags
      ---
      duration_ms: 7.1435
      type: 'test'
      ...
    # Subtest: validate-skill rejects single tag
    ok 4 - validate-skill rejects single tag
      ---
      duration_ms: 7.7347
      type: 'test'
      ...
    # Subtest: validate-skill handles Windows line endings
    ok 5 - validate-skill handles Windows line endings
      ---
      duration_ms: 6.7037
      type: 'test'
      ...
    # Subtest: discover-skills handles corrupted SKILL.md
    ok 6 - discover-skills handles corrupted SKILL.md
      ---
      duration_ms: 6.8506
      type: 'test'
      ...
    # Subtest: render-skill-card handles empty file
    ok 7 - render-skill-card handles empty file
      ---
      duration_ms: 0.9748
      type: 'test'
      ...
    1..7
ok 202 - Edge Cases
  ---
  duration_ms: 47.1791
  type: 'suite'
  ...
# Subtest: Tier 1 — Always Delete
    # Subtest: should remove articles (a, an, the)
    ok 1 - should remove articles (a, an, the)
      ---
      duration_ms: 3.148
      type: 'test'
      ...
    # Subtest: should remove copulas (is, are, was, were)
    ok 2 - should remove copulas (is, are, was, were)
      ---
      duration_ms: 0.7737
      type: 'test'
      ...
    # Subtest: should remove expletive subjects (There is, It is)
    ok 3 - should remove expletive subjects (There is, It is)
      ---
      duration_ms: 0.2178
      type: 'test'
      ...
    # Subtest: should remove intensifiers (very, really, quite)
    ok 4 - should remove intensifiers (very, really, quite)
      ---
      duration_ms: 0.1665
      type: 'test'
      ...
    # Subtest: should compress filler phrases
    ok 5 - should compress filler phrases
      ---
      duration_ms: 0.2981
      type: 'test'
      ...
    # Subtest: should remove complementizer "that" before noun phrases
    ok 6 - should remove complementizer "that" before noun phrases
      ---
      duration_ms: 0.1705
      type: 'test'
      ...
    # Subtest: should achieve meaningful compression ratio on prose
    ok 7 - should achieve meaningful compression ratio on prose
      ---
      duration_ms: 0.3032
      type: 'test'
      ...
    1..7
ok 203 - Tier 1 — Always Delete
  ---
  duration_ms: 6.5113
  type: 'suite'
  ...
# Subtest: Tier 2 — Delete If Context Clear
    # Subtest: should remove auxiliary verbs when safe
    ok 1 - should remove auxiliary verbs when safe
      ---
      duration_ms: 1.1217
      type: 'test'
      ...
    # Subtest: should remove modal verbs can/could/may
    ok 2 - should remove modal verbs can/could/may
      ---
      duration_ms: 0.4922
      type: 'test'
      ...
    # Subtest: should remove relative pronouns (which, who, whom)
    ok 3 - should remove relative pronouns (which, who, whom)
      ---
      duration_ms: 0.6147
      type: 'test'
      ...
    # Subtest: should remove safe prepositions
    ok 4 - should remove safe prepositions
      ---
      duration_ms: 0.196
      type: 'test'
      ...
    # Subtest: should be more aggressive than Tier 1 alone
    ok 5 - should be more aggressive than Tier 1 alone
      ---
      duration_ms: 0.2296
      type: 'test'
      ...
    1..5
ok 204 - Tier 2 — Delete If Context Clear
  ---
  duration_ms: 3.1951
  type: 'suite'
  ...
# Subtest: Tier 3 — Delete If Obvious
    # Subtest: should remove redundant adverbs (also, additionally, furthermore)
    ok 1 - should remove redundant adverbs (also, additionally, furthermore)
      ---
      duration_ms: 0.4594
      type: 'test'
      ...
    # Subtest: should remove remaining prepositions
    ok 2 - should remove remaining prepositions
      ---
      duration_ms: 0.1543
      type: 'test'
      ...
    # Subtest: should be most aggressive tier
    ok 3 - should be most aggressive tier
      ---
      duration_ms: 0.2792
      type: 'test'
      ...
    1..3
ok 205 - Tier 3 — Delete If Obvious
  ---
  duration_ms: 1.0092
  type: 'suite'
  ...
# Subtest: Preservation — Technical Terms, Negation, Requirements
    # Subtest: should preserve negation: not, no, never
    ok 1 - should preserve negation: not, no, never
      ---
      duration_ms: 0.2825
      type: 'test'
      ...
    # Subtest: should preserve requirements: must, shall, required
    ok 2 - should preserve requirements: must, shall, required
      ---
      duration_ms: 0.1408
      type: 'test'
      ...
    # Subtest: should preserve causality: because, therefore, thus
    ok 3 - should preserve causality: because, therefore, thus
      ---
      duration_ms: 0.1291
      type: 'test'
      ...
    # Subtest: should preserve uncertainty markers: might, could, uncertain
    ok 4 - should preserve uncertainty markers: might, could, uncertain
      ---
      duration_ms: 0.2365
      type: 'test'
      ...
    # Subtest: should preserve main verbs
    ok 5 - should preserve main verbs
      ---
      duration_ms: 0.1349
      type: 'test'
      ...
    # Subtest: should preserve nouns
    ok 6 - should preserve nouns
      ---
      duration_ms: 0.1413
      type: 'test'
      ...
    1..6
ok 206 - Preservation — Technical Terms, Negation, Requirements
  ---
  duration_ms: 1.2636
  type: 'suite'
  ...
# Subtest: Edge Cases
    # Subtest: should handle empty string
    ok 1 - should handle empty string
      ---
      duration_ms: 0.2597
      type: 'test'
      ...
    # Subtest: should handle null/undefined input
    ok 2 - should handle null/undefined input
      ---
      duration_ms: 0.7512
      type: 'test'
      ...
    # Subtest: should handle very short text
    ok 3 - should handle very short text
      ---
      duration_ms: 0.1507
      type: 'test'
      ...
    # Subtest: should handle single word
    ok 4 - should handle single word
      ---
      duration_ms: 0.1164
      type: 'test'
      ...
    # Subtest: should preserve code blocks intact
    ok 5 - should preserve code blocks intact
      ---
      duration_ms: 0.2544
      type: 'test'
      ...
    # Subtest: should preserve inline code
    ok 6 - should preserve inline code
      ---
      duration_ms: 0.1312
      type: 'test'
      ...
    # Subtest: should handle text with only stop words
    ok 7 - should handle text with only stop words
      ---
      duration_ms: 0.1389
      type: 'test'
      ...
    # Subtest: should not produce double spaces
    ok 8 - should not produce double spaces
      ---
      duration_ms: 0.1305
      type: 'test'
      ...
    # Subtest: should handle text with newlines and multiple paragraphs
    ok 9 - should handle text with newlines and multiple paragraphs
      ---
      duration_ms: 0.1252
      type: 'test'
      ...
    1..9
ok 207 - Edge Cases
  ---
  duration_ms: 2.3367
  type: 'suite'
  ...
# Subtest: Compression Ratio
    # Subtest: should achieve >20% compression on typical prose at Tier 1
    ok 1 - should achieve >20% compression on typical prose at Tier 1
      ---
      duration_ms: 0.2003
      type: 'test'
      ...
    # Subtest: should achieve >35% compression at Tier 2
    ok 2 - should achieve >35% compression at Tier 2
      ---
      duration_ms: 0.3221
      type: 'test'
      ...
    # Subtest: should achieve >40% compression at Tier 3
    ok 3 - should achieve >40% compression at Tier 3
      ---
      duration_ms: 0.1834
      type: 'test'
      ...
    # Subtest: should provide accurate word counts in stats
    ok 4 - should provide accurate word counts in stats
      ---
      duration_ms: 0.2217
      type: 'test'
      ...
    1..4
ok 208 - Compression Ratio
  ---
  duration_ms: 1.071
  type: 'suite'
  ...
# Subtest: Utility Functions
    # Subtest: getCompressionStats
        # Subtest: should calculate correct savings
        ok 1 - should calculate correct savings
          ---
          duration_ms: 0.8559
          type: 'test'
          ...
        # Subtest: should handle empty inputs
        ok 2 - should handle empty inputs
          ---
          duration_ms: 0.134
          type: 'test'
          ...
        1..2
    ok 1 - getCompressionStats
      ---
      duration_ms: 1.1061
      type: 'suite'
      ...
    # Subtest: classifyTokens
        # Subtest: should classify articles as tier 1
        ok 1 - should classify articles as tier 1
          ---
          duration_ms: 0.6244
          type: 'test'
          ...
        # Subtest: should classify modals as tier 2
        ok 2 - should classify modals as tier 2
          ---
          duration_ms: 0.4066
          type: 'test'
          ...
        # Subtest: should classify adverbs as tier 3
        ok 3 - should classify adverbs as tier 3
          ---
          duration_ms: 0.1304
          type: 'test'
          ...
        # Subtest: should classify preserved words correctly
        ok 4 - should classify preserved words correctly
          ---
          duration_ms: 0.1168
          type: 'test'
          ...
        # Subtest: should handle empty input
        ok 5 - should handle empty input
          ---
          duration_ms: 0.7221
          type: 'test'
          ...
        1..5
    ok 2 - classifyTokens
      ---
      duration_ms: 2.1807
      type: 'suite'
      ...
    # Subtest: shouldPreserve
        # Subtest: should preserve negation words
        ok 1 - should preserve negation words
          ---
          duration_ms: 0.1446
          type: 'test'
          ...
        # Subtest: should preserve requirement words
        ok 2 - should preserve requirement words
          ---
          duration_ms: 0.0917
          type: 'test'
          ...
        # Subtest: should not preserve non-preserve words
        ok 3 - should not preserve non-preserve words
          ---
          duration_ms: 0.098
          type: 'test'
          ...
        1..3
    ok 3 - shouldPreserve
      ---
      duration_ms: 0.4571
      type: 'suite'
      ...
    1..3
ok 209 - Utility Functions
  ---
  duration_ms: 4.0489
  type: 'suite'
  ...
# Subtest: Backward Compatibility
    # Subtest: should accept legacy `level` option
    ok 1 - should accept legacy `level` option
      ---
      duration_ms: 0.1803
      type: 'test'
      ...
    # Subtest: should default to tier 1 when no options given
    ok 2 - should default to tier 1 when no options given
      ---
      duration_ms: 0.1103
      type: 'test'
      ...
    # Subtest: should return correct stats structure
    ok 3 - should return correct stats structure
      ---
      duration_ms: 0.104
      type: 'test'
      ...
    1..3
ok 210 - Backward Compatibility
  ---
  duration_ms: 0.5118
  type: 'suite'
  ...
# Subtest: Session Memory Tools
    # Subtest: save_session_state
        # Subtest: should save session state correctly
        ok 1 - should save session state correctly
          ---
          duration_ms: 60.1235
          type: 'test'
          ...
        # Subtest: should handle optional fields with defaults
        ok 2 - should handle optional fields with defaults
          ---
          duration_ms: 10.8112
          type: 'test'
          ...
        # Subtest: should overwrite previous session state
        ok 3 - should overwrite previous session state
          ---
          duration_ms: 16.9152
          type: 'test'
          ...
        1..3
    ok 1 - save_session_state
      ---
      duration_ms: 89.392
      type: 'suite'
      ...
    # Subtest: get_session_state
        # Subtest: should return latest session state
        ok 1 - should return latest session state
          ---
          duration_ms: 11.231
          type: 'test'
          ...
        # Subtest: should return message when no state exists
        ok 2 - should return message when no state exists
          ---
          duration_ms: 0.8764
          type: 'test'
          ...
        1..2
    ok 2 - get_session_state
      ---
      duration_ms: 12.4714
      type: 'suite'
      ...
    # Subtest: create_handoff
        # Subtest: should create handoff document correctly
        ok 1 - should create handoff document correctly
          ---
          duration_ms: 12.3442
          type: 'test'
          ...
        # Subtest: should append multiple handoffs
        ok 2 - should append multiple handoffs
          ---
          duration_ms: 19.4369
          type: 'test'
          ...
        # Subtest: should handle optional watch_outs
        ok 3 - should handle optional watch_outs
          ---
          duration_ms: 9.5128
          type: 'test'
          ...
        1..3
    ok 3 - create_handoff
      ---
      duration_ms: 41.734
      type: 'suite'
      ...
    # Subtest: resume_from_handoff
        # Subtest: should resume from latest handoff by default
        ok 1 - should resume from latest handoff by default
          ---
          duration_ms: 30.3208
          type: 'test'
          ...
        # Subtest: should resume from specific index
        ok 2 - should resume from specific index
          ---
          duration_ms: 20.2811
          type: 'test'
          ...
        # Subtest: should return error when no handoffs exist
        ok 3 - should return error when no handoffs exist
          ---
          duration_ms: 0.667
          type: 'test'
          ...
        # Subtest: should return error for invalid index
        ok 4 - should return error for invalid index
          ---
          duration_ms: 9.1286
          type: 'test'
          ...
        1..4
    ok 4 - resume_from_handoff
      ---
      duration_ms: 60.65
      type: 'suite'
      ...
    # Subtest: Edge cases
        # Subtest: should handle empty arrays
        ok 1 - should handle empty arrays
          ---
          duration_ms: 10.3385
          type: 'test'
          ...
        # Subtest: should handle special characters in strings
        ok 2 - should handle special characters in strings
          ---
          duration_ms: 9.12
          type: 'test'
          ...
        # Subtest: should maintain separate concerns between session state and handoffs
        ok 3 - should maintain separate concerns between session state and handoffs
          ---
          duration_ms: 17.9492
          type: 'test'
          ...
        1..3
    ok 5 - Edge cases
      ---
      duration_ms: 37.6001
      type: 'suite'
      ...
    # Subtest: Multiple sessions
        # Subtest: should not interfere with different session directories
        ok 1 - should not interfere with different session directories
          ---
          duration_ms: 11.4134
          type: 'test'
          ...
        1..1
    ok 6 - Multiple sessions
      ---
      duration_ms: 11.5236
      type: 'suite'
      ...
    1..6
ok 211 - Session Memory Tools
  ---
  duration_ms: 254.4079
  type: 'suite'
  ...
# Subtest: list_skills handler
    # Subtest: should list available skills with name and description
    ok 1 - should list available skills with name and description
      ---
      duration_ms: 5.3576
      type: 'test'
      ...
    # Subtest: should include compatibility tag when present
    ok 2 - should include compatibility tag when present
      ---
      duration_ms: 0.8233
      type: 'test'
      ...
    1..2
ok 212 - list_skills handler
  ---
  duration_ms: 6.9019
  type: 'suite'
  ...
# Subtest: get_skill handler
    # Subtest: should return full content for an existing skill
    ok 1 - should return full content for an existing skill
      ---
      duration_ms: 1.2687
      type: 'test'
      ...
    # Subtest: should return "Skill not found" for a non-existent skill
    ok 2 - should return "Skill not found" for a non-existent skill
      ---
      duration_ms: 1.1377
      type: 'test'
      ...
    # Subtest: should sanitize path traversal attempts and return "not found"
    ok 3 - should sanitize path traversal attempts and return "not found"
      ---
      duration_ms: 1.5898
      type: 'test'
      ...
    1..3
ok 213 - get_skill handler
  ---
  duration_ms: 4.2508
  type: 'suite'
  ...
# Subtest: parseSkillFrontmatter
    # Subtest: should parse valid YAML frontmatter
    ok 1 - should parse valid YAML frontmatter
      ---
      duration_ms: 1.0796
      type: 'test'
      ...
    # Subtest: should return empty object when no frontmatter
    ok 2 - should return empty object when no frontmatter
      ---
      duration_ms: 1.0635
      type: 'test'
      ...
    # Subtest: should handle frontmatter with colons in values
    ok 3 - should handle frontmatter with colons in values
      ---
      duration_ms: 0.283
      type: 'test'
      ...
    # Subtest: should skip lines without colons
    ok 4 - should skip lines without colons
      ---
      duration_ms: 0.3326
      type: 'test'
      ...
    # Subtest: should handle empty frontmatter
    ok 5 - should handle empty frontmatter
      ---
      duration_ms: 0.2655
      type: 'test'
      ...
    1..5
ok 214 - parseSkillFrontmatter
  ---
  duration_ms: 4.3376
  type: 'suite'
  ...
# Subtest: Skill files on disk
    # Subtest: should have skills directory
    ok 1 - should have skills directory # SKIP Skills directory not found — skipping disk structure tests
      ---
      duration_ms: 1.2445
      type: 'test'
      ...
    # Subtest: should have at least 3 skills
    ok 2 - should have at least 3 skills # SKIP Skills directory not found
      ---
      duration_ms: 0.3783
      type: 'test'
      ...
    # Subtest: should have SKILL.md in each skill directory
    ok 3 - should have SKILL.md in each skill directory # SKIP Skills directory not found
      ---
      duration_ms: 0.2618
      type: 'test'
      ...
    # Subtest: should have non-empty SKILL.md files
    ok 4 - should have non-empty SKILL.md files # SKIP Skills directory not found
      ---
      duration_ms: 0.2081
      type: 'test'
      ...
    # Subtest: should have frontmatter with name and description in known skills
    ok 5 - should have frontmatter with name and description in known skills # SKIP Skills directory not found
      ---
      duration_ms: 0.2349
      type: 'test'
      ...
    1..5
ok 215 - Skill files on disk
  ---
  duration_ms: 2.6994
  type: 'suite'
  ...
# Subtest: Skill name sanitization
    # Subtest: should strip path traversal attempts
    ok 1 - should strip path traversal attempts
      ---
      duration_ms: 0.6856
      type: 'test'
      ...
    # Subtest: should strip directory separators
    ok 2 - should strip directory separators
      ---
      duration_ms: 0.1183
      type: 'test'
      ...
    1..2
ok 216 - Skill name sanitization
  ---
  duration_ms: 0.9306
  type: 'suite'
  ...
# Subtest: state compaction phase 2
    # Subtest: should clip oversized text predictably
    ok 1 - should clip oversized text predictably
      ---
      duration_ms: 0.933
      type: 'test'
      ...
    # Subtest: should auto-compact large state while preserving recent high-signal entries
    ok 2 - should auto-compact large state while preserving recent high-signal entries
      ---
      duration_ms: 4.0282
      type: 'test'
      ...
    # Subtest: should respect disabled policy
    ok 3 - should respect disabled policy
      ---
      duration_ms: 0.2655
      type: 'test'
      ...
    1..3
ok 217 - state compaction phase 2
  ---
  duration_ms: 6.507
  type: 'suite'
  ...
# Subtest: task runtime state
    # Subtest: should create default runtime when file is missing
    ok 1 - should create default runtime when file is missing
      ---
      duration_ms: 2.3866
      type: 'test'
      ...
    # Subtest: should persist current contract and evidence
    ok 2 - should persist current contract and evidence
      ---
      duration_ms: 10.498
      type: 'test'
      ...
    1..2
ok 218 - task runtime state
  ---
  duration_ms: 13.9612
  type: 'suite'
  ...
# Subtest: Todo Manager - init operation
    # Subtest: should create a task list with phases
    ok 1 - should create a task list with phases
      ---
      duration_ms: 4.9412
      type: 'test'
      ...
    1..1
ok 219 - Todo Manager - init operation
  ---
  duration_ms: 5.8099
  type: 'suite'
  ...
# Subtest: Todo Manager - start operation
    # Subtest: should mark task as in-progress
    ok 1 - should mark task as in-progress
      ---
      duration_ms: 21.2693
      type: 'test'
      ...
    1..1
ok 220 - Todo Manager - start operation
  ---
  duration_ms: 21.4372
  type: 'suite'
  ...
# Subtest: Todo Manager - done operation
    # Subtest: should mark task as complete and auto-promote
    ok 1 - should mark task as complete and auto-promote
      ---
      duration_ms: 26.2809
      type: 'test'
      ...
    1..1
ok 221 - Todo Manager - done operation
  ---
  duration_ms: 26.5966
  type: 'suite'
  ...
# Subtest: Todo Manager - drop operation
    # Subtest: should mark task as abandoned and auto-promote
    ok 1 - should mark task as abandoned and auto-promote
      ---
      duration_ms: 18.5648
      type: 'test'
      ...
    1..1
ok 222 - Todo Manager - drop operation
  ---
  duration_ms: 18.7117
  type: 'suite'
  ...
# Subtest: Todo Manager - rm operation
    # Subtest: should remove a task from phase
    ok 1 - should remove a task from phase
      ---
      duration_ms: 18.0552
      type: 'test'
      ...
    # Subtest: should remove an entire phase
    ok 2 - should remove an entire phase
      ---
      duration_ms: 18.011
      type: 'test'
      ...
    1..2
ok 223 - Todo Manager - rm operation
  ---
  duration_ms: 36.3555
  type: 'suite'
  ...
# Subtest: Todo Manager - append operation
    # Subtest: should add tasks to existing phase
    ok 1 - should add tasks to existing phase
      ---
      duration_ms: 16.6754
      type: 'test'
      ...
    # Subtest: should create new phase if not exists
    ok 2 - should create new phase if not exists
      ---
      duration_ms: 10.4801
      type: 'test'
      ...
    1..2
ok 224 - Todo Manager - append operation
  ---
  duration_ms: 27.3304
  type: 'suite'
  ...
# Subtest: Todo Manager - view operation
    # Subtest: should return current state without saving
    ok 1 - should return current state without saving
      ---
      duration_ms: 16.1524
      type: 'test'
      ...
    1..1
ok 225 - Todo Manager - view operation
  ---
  duration_ms: 16.2854
  type: 'suite'
  ...
# Subtest: Todo Manager - multiple operations
    # Subtest: should handle init, start, done, drop in sequence
    ok 1 - should handle init, start, done, drop in sequence
      ---
      duration_ms: 16.1496
      type: 'test'
      ...
    # Subtest: should batch multiple operations in single call
    ok 2 - should batch multiple operations in single call
      ---
      duration_ms: 8.0118
      type: 'test'
      ...
    1..2
ok 226 - Todo Manager - multiple operations
  ---
  duration_ms: 24.3267
  type: 'suite'
  ...
# Subtest: Todo Manager - edge cases
    # Subtest: should handle duplicate task names gracefully
    ok 1 - should handle duplicate task names gracefully
      ---
      duration_ms: 14.3542
      type: 'test'
      ...
    # Subtest: should return error for missing task
    ok 2 - should return error for missing task
      ---
      duration_ms: 8.721
      type: 'test'
      ...
    # Subtest: should handle empty phases
    ok 3 - should handle empty phases
      ---
      duration_ms: 2.3389
      type: 'test'
      ...
    # Subtest: should handle append to non-existent phase
    ok 4 - should handle append to non-existent phase
      ---
      duration_ms: 6.7536
      type: 'test'
      ...
    # Subtest: should show summary statistics
    ok 5 - should show summary statistics
      ---
      duration_ms: 10.8121
      type: 'test'
      ...
    1..5
ok 227 - Todo Manager - edge cases
  ---
  duration_ms: 43.2605
  type: 'suite'
  ...
# Subtest: analyzeToolDescriptions
    # Subtest: should return structured analysis output
    ok 1 - should return structured analysis output
      ---
      duration_ms: 44.8458
      type: 'test'
      ...
    # Subtest: should count words correctly
    ok 2 - should count words correctly
      ---
      duration_ms: 33.0391
      type: 'test'
      ...
    # Subtest: should find overlapping phrases
    ok 3 - should find overlapping phrases
      ---
      duration_ms: 26.918
      type: 'test'
      ...
    # Subtest: should identify schema redundancies
    ok 4 - should identify schema redundancies
      ---
      duration_ms: 35.7947
      type: 'test'
      ...
    # Subtest: should return structured recommendations
    ok 5 - should return structured recommendations
      ---
      duration_ms: 25.5064
      type: 'test'
      ...
    # Subtest: should calculate quality scores
    ok 6 - should calculate quality scores
      ---
      duration_ms: 21.9258
      type: 'test'
      ...
    # Subtest: should handle empty source directory gracefully
    ok 7 - should handle empty source directory gracefully
      ---
      duration_ms: 0.4007
      type: 'test'
      ...
    # Subtest: should calculate average words per tool
    ok 8 - should calculate average words per tool
      ---
      duration_ms: 18.8606
      type: 'test'
      ...
    1..8
ok 228 - analyzeToolDescriptions
  ---
  duration_ms: 208.9343
  type: 'suite'
  ...
# Subtest: Tool registration
    # Subtest: should export registerToolPromptAnalyzer function
    ok 1 - should export registerToolPromptAnalyzer function
      ---
      duration_ms: 0.3122
      type: 'test'
      ...
    # Subtest: should register analyze_tool_prompts tool
    ok 2 - should register analyze_tool_prompts tool
      ---
      duration_ms: 0.4995
      type: 'test'
      ...
    1..2
ok 229 - Tool registration
  ---
  duration_ms: 1.028
  type: 'suite'
  ...
# Subtest: Optimization rules
    # Subtest: should check for purpose statement
    ok 1 - should check for purpose statement
      ---
      duration_ms: 16.1271
      type: 'test'
      ...
    # Subtest: should check for examples
    ok 2 - should check for examples
      ---
      duration_ms: 15.3376
      type: 'test'
      ...
    # Subtest: should check for failure shapes
    ok 3 - should check for failure shapes
      ---
      duration_ms: 14.7738
      type: 'test'
      ...
    # Subtest: should check for anti-patterns
    ok 4 - should check for anti-patterns
      ---
      duration_ms: 14.0957
      type: 'test'
      ...
    # Subtest: should check for critical recap
    ok 5 - should check for critical recap
      ---
      duration_ms: 13.1914
      type: 'test'
      ...
    1..5
ok 230 - Optimization rules
  ---
  duration_ms: 73.7408
  type: 'suite'
  ...
# Subtest: TtsrManager
    # Subtest: should create engine with rules
    ok 1 - should create engine with rules
      ---
      duration_ms: 0.8459
      type: 'test'
      ...
    # Subtest: should check output against rules
    ok 2 - should check output against rules
      ---
      duration_ms: 0.4112
      type: 'test'
      ...
    # Subtest: should return stats with ruleCount > 0
    ok 3 - should return stats with ruleCount > 0
      ---
      duration_ms: 0.2429
      type: 'test'
      ...
    # Subtest: should expose engine instance via getter
    ok 4 - should expose engine instance via getter
      ---
      duration_ms: 0.1556
      type: 'test'
      ...
    1..4
ok 231 - TtsrManager
  ---
  duration_ms: 2.7347
  type: 'suite'
  ...
# Subtest: LearnTrigger
    # Subtest: should create with default config
    ok 1 - should create with default config
      ---
      duration_ms: 0.9251
      type: 'test'
      ...
    # Subtest: should return status with correct shape
    ok 2 - should return status with correct shape
      ---
      duration_ms: 0.2063
      type: 'test'
      ...
    # Subtest: should start and stop cleanly
    ok 3 - should start and stop cleanly
      ---
      duration_ms: 0.4108
      type: 'test'
      ...
    # Subtest: should not fail on multiple start/stop cycles
    ok 4 - should not fail on multiple start/stop cycles
      ---
      duration_ms: 0.3913
      type: 'test'
      ...
    # Subtest: should skip runCycle when already running
    ok 5 - should skip runCycle when already running
      ---
      duration_ms: 1.0078
      type: 'test'
      ...
    1..5
ok 232 - LearnTrigger
  ---
  duration_ms: 3.4982
  type: 'suite'
  ...
# Subtest: levenshteinDistance
    # Subtest: should return 0 for identical strings
    ok 1 - should return 0 for identical strings
      ---
      duration_ms: 1.2247
      type: 'test'
      ...
    # Subtest: should calculate single character deletion
    ok 2 - should calculate single character deletion
      ---
      duration_ms: 0.3423
      type: 'test'
      ...
    # Subtest: should calculate single character insertion
    ok 3 - should calculate single character insertion
      ---
      duration_ms: 0.1814
      type: 'test'
      ...
    # Subtest: should calculate single character substitution
    ok 4 - should calculate single character substitution
      ---
      duration_ms: 0.2263
      type: 'test'
      ...
    # Subtest: should calculate transposition (costs 2 in standard Levenshtein)
    ok 5 - should calculate transposition (costs 2 in standard Levenshtein)
      ---
      duration_ms: 0.161
      type: 'test'
      ...
    # Subtest: should handle empty strings
    ok 6 - should handle empty strings
      ---
      duration_ms: 0.1606
      type: 'test'
      ...
    # Subtest: should calculate complex distance
    ok 7 - should calculate complex distance
      ---
      duration_ms: 0.2346
      type: 'test'
      ...
    1..7
ok 233 - levenshteinDistance
  ---
  duration_ms: 3.8087
  type: 'suite'
  ...
# Subtest: generateCandidates
    # Subtest: should generate omission candidates
    ok 1 - should generate omission candidates
      ---
      duration_ms: 0.946
      type: 'test'
      ...
    # Subtest: should generate transposition candidates
    ok 2 - should generate transposition candidates
      ---
      duration_ms: 3.9507
      type: 'test'
      ...
    # Subtest: should generate substitution candidates using keyboard neighbors
    ok 3 - should generate substitution candidates using keyboard neighbors
      ---
      duration_ms: 0.8545
      type: 'test'
      ...
    # Subtest: should generate insertion candidates
    ok 4 - should generate insertion candidates
      ---
      duration_ms: 0.2414
      type: 'test'
      ...
    # Subtest: should generate separator candidates for hyphenated names
    ok 5 - should generate separator candidates for hyphenated names
      ---
      duration_ms: 0.2593
      type: 'test'
      ...
    # Subtest: should generate separator candidates for underscored names
    ok 6 - should generate separator candidates for underscored names
      ---
      duration_ms: 0.36
      type: 'test'
      ...
    # Subtest: should not include original name
    ok 7 - should not include original name
      ---
      duration_ms: 0.4696
      type: 'test'
      ...
    # Subtest: should not include duplicates
    ok 8 - should not include duplicates
      ---
      duration_ms: 1.9246
      type: 'test'
      ...
    # Subtest: should handle single character names
    ok 9 - should handle single character names
      ---
      duration_ms: 0.3351
      type: 'test'
      ...
    1..9
ok 234 - generateCandidates
  ---
  duration_ms: 12.1891
  type: 'suite'
  ...
# Subtest: scoreCandidate
    # Subtest: should score high risk for very similar names
    ok 1 - should score high risk for very similar names
      ---
      duration_ms: 1.014
      type: 'test'
      ...
    # Subtest: should score medium risk for moderately similar names
    ok 2 - should score medium risk for moderately similar names
      ---
      duration_ms: 0.1388
      type: 'test'
      ...
    # Subtest: should score low risk for dissimilar names
    ok 3 - should score low risk for dissimilar names
      ---
      duration_ms: 0.1407
      type: 'test'
      ...
    1..3
ok 235 - scoreCandidate
  ---
  duration_ms: 1.4173
  type: 'suite'
  ...
# Subtest: detectTyposquat
    # Subtest: should detect high-risk typosquatting for express
    ok 1 - should detect high-risk typosquatting for express
      ---
      duration_ms: 2.4186
      type: 'test'
      ...
    # Subtest: should return WARN or PASS for unique package names
    ok 2 - should return WARN or PASS for unique package names
      ---
      duration_ms: 22.2044
      type: 'test'
      ...
    # Subtest: should handle package names with hyphens
    ok 3 - should handle package names with hyphens
      ---
      duration_ms: 2.3425
      type: 'test'
      ...
    # Subtest: should handle package names with underscores
    ok 4 - should handle package names with underscores
      ---
      duration_ms: 3.0187
      type: 'test'
      ...
    # Subtest: should handle single character package names
    ok 5 - should handle single character package names
      ---
      duration_ms: 0.3313
      type: 'test'
      ...
    # Subtest: should handle very long package names
    ok 6 - should handle very long package names
      ---
      duration_ms: 422.6907
      type: 'test'
      ...
    # Subtest: should handle empty package name
    ok 7 - should handle empty package name
      ---
      duration_ms: 0.0996
      type: 'test'
      ...
    # Subtest: should handle null package name
    ok 8 - should handle null package name
      ---
      duration_ms: 0.0603
      type: 'test'
      ...
    # Subtest: should handle undefined package name
    ok 9 - should handle undefined package name
      ---
      duration_ms: 0.0574
      type: 'test'
      ...
    # Subtest: should return structured JSON format
    ok 10 - should return structured JSON format
      ---
      duration_ms: 0.3018
      type: 'test'
      ...
    # Subtest: should provide actionable recommendations
    ok 11 - should provide actionable recommendations
      ---
      duration_ms: 2.1739
      type: 'test'
      ...
    1..11
ok 236 - detectTyposquat
  ---
  duration_ms: 456.0768
  type: 'suite'
  ...
# Subtest: Known typosquatting examples
    # Subtest: should generate known typosquatting candidates for express
    ok 1 - should generate known typosquatting candidates for express
      ---
      duration_ms: 0.1765
      type: 'test'
      ...
    # Subtest: should flag express as high or medium risk
    ok 2 - should flag express as high or medium risk
      ---
      duration_ms: 0.4684
      type: 'test'
      ...
    # Subtest: should generate known typosquatting candidates for lodash
    ok 3 - should generate known typosquatting candidates for lodash
      ---
      duration_ms: 0.0546
      type: 'test'
      ...
    # Subtest: should flag lodash as high or medium risk
    ok 4 - should flag lodash as high or medium risk
      ---
      duration_ms: 0.3409
      type: 'test'
      ...
    # Subtest: should generate known typosquatting candidates for react
    ok 5 - should generate known typosquatting candidates for react
      ---
      duration_ms: 0.1004
      type: 'test'
      ...
    # Subtest: should flag react as high or medium risk
    ok 6 - should flag react as high or medium risk
      ---
      duration_ms: 0.24
      type: 'test'
      ...
    # Subtest: should generate known typosquatting candidates for axios
    ok 7 - should generate known typosquatting candidates for axios
      ---
      duration_ms: 0.0455
      type: 'test'
      ...
    # Subtest: should flag axios as high or medium risk
    ok 8 - should flag axios as high or medium risk
      ---
      duration_ms: 0.2322
      type: 'test'
      ...
    1..8
ok 237 - Known typosquatting examples
  ---
  duration_ms: 1.7944
  type: 'suite'
  ...
# Subtest: validators tool registration
    # Subtest: should register all five tools
    ok 1 - should register all five tools
      ---
      duration_ms: 4.3224
      type: 'test'
      ...
    # Subtest: each handler should be a function
    ok 2 - each handler should be a function
      ---
      duration_ms: 5.4399
      type: 'test'
      ...
    1..2
ok 238 - validators tool registration
  ---
  duration_ms: 11.1168
  type: 'suite'
  ...
# Subtest: validate_bad_code
    # Subtest: should PASS for clean JavaScript code with no bad patterns
    ok 1 - should PASS for clean JavaScript code with no bad patterns
      ---
      duration_ms: 21.4397
      type: 'test'
      ...
    # Subtest: should HALT for TypeScript code containing the any keyword
    ok 2 - should HALT for TypeScript code containing the any keyword
      ---
      duration_ms: 3.6636
      type: 'test'
      ...
    # Subtest: should HALT for code with an empty catch block
    ok 3 - should HALT for code with an empty catch block
      ---
      duration_ms: 1.6861
      type: 'test'
      ...
    1..3
ok 239 - validate_bad_code
  ---
  duration_ms: 27.0473
  type: 'suite'
  ...
# Subtest: validate_response_style
    # Subtest: should PASS for clean, concise text
    ok 1 - should PASS for clean, concise text
      ---
      duration_ms: 1.3944
      type: 'test'
      ...
    # Subtest: should HALT when text contains hesitation tokens
    ok 2 - should HALT when text contains hesitation tokens
      ---
      duration_ms: 1.0282
      type: 'test'
      ...
    # Subtest: should HALT when text contains process commentary
    ok 3 - should HALT when text contains process commentary
      ---
      duration_ms: 0.5685
      type: 'test'
      ...
    1..3
ok 240 - validate_response_style
  ---
  duration_ms: 3.3797
  type: 'suite'
  ...
# Subtest: validate_git_commit
    # Subtest: should PASS for a valid conventional commit without scope
    ok 1 - should PASS for a valid conventional commit without scope
      ---
      duration_ms: 0.6504
      type: 'test'
      ...
    # Subtest: should PASS for a valid conventional commit with scope
    ok 2 - should PASS for a valid conventional commit with scope
      ---
      duration_ms: 0.7422
      type: 'test'
      ...
    # Subtest: should HALT for a commit missing the type prefix
    ok 3 - should HALT for a commit missing the type prefix
      ---
      duration_ms: 1.1231
      type: 'test'
      ...
    1..3
ok 241 - validate_git_commit
  ---
  duration_ms: 2.6913
  type: 'suite'
  ...
# Subtest: dependency_validate
    # Subtest: should HALT for a non-existent file
    ok 1 - should HALT for a non-existent file
      ---
      duration_ms: 0.6054
      type: 'test'
      ...
    # Subtest: should PASS for a file with only Node built-in imports
    ok 2 - should PASS for a file with only Node built-in imports
      ---
      duration_ms: 15.9186
      type: 'test'
      ...
    # Subtest: should HALT for a file with a hallucinated relative import
    ok 3 - should HALT for a file with a hallucinated relative import
      ---
      duration_ms: 12.1768
      type: 'test'
      ...
    1..3
ok 242 - dependency_validate
  ---
  duration_ms: 28.9366
  type: 'suite'
  ...
# Subtest: BAD_PATTERNS
    # Subtest: should detect TypeScript any
    ok 1 - should detect TypeScript any
      ---
      duration_ms: 2.0984
      type: 'test'
      ...
    # Subtest: should detect empty catch blocks
    ok 2 - should detect empty catch blocks
      ---
      duration_ms: 0.4001
      type: 'test'
      ...
    # Subtest: should detect blind console.log but allow structured logging
    ok 3 - should detect blind console.log but allow structured logging
      ---
      duration_ms: 0.239
      type: 'test'
      ...
    # Subtest: should detect var usage
    ok 4 - should detect var usage
      ---
      duration_ms: 0.1868
      type: 'test'
      ...
    # Subtest: should detect eval
    ok 5 - should detect eval
      ---
      duration_ms: 0.1586
      type: 'test'
      ...
    # Subtest: should detect innerHTML
    ok 6 - should detect innerHTML
      ---
      duration_ms: 0.1511
      type: 'test'
      ...
    # Subtest: should detect dangerouslySetInnerHTML
    ok 7 - should detect dangerouslySetInnerHTML
      ---
      duration_ms: 0.2241
      type: 'test'
      ...
    # Subtest: should detect child_process exec usage
    ok 8 - should detect child_process exec usage
      ---
      duration_ms: 0.2775
      type: 'test'
      ...
    # Subtest: should detect sensitive localStorage token usage
    ok 9 - should detect sensitive localStorage token usage
      ---
      duration_ms: 0.4071
      type: 'test'
      ...
    # Subtest: should detect inline TODO/FIXME
    ok 10 - should detect inline TODO/FIXME
      ---
      duration_ms: 0.5139
      type: 'test'
      ...
    # Subtest: should detect Python empty except
    ok 11 - should detect Python empty except
      ---
      duration_ms: 0.1842
      type: 'test'
      ...
    # Subtest: should detect Python print debug
    ok 12 - should detect Python print debug
      ---
      duration_ms: 0.1383
      type: 'test'
      ...
    1..12
ok 243 - BAD_PATTERNS
  ---
  duration_ms: 6.8667
  type: 'suite'
  ...
# Subtest: analyzeCodeMetrics (AST)
    # Subtest: should count lines and functions
    ok 1 - should count lines and functions
      ---
      duration_ms: 11.0855
      type: 'test'
      ...
    # Subtest: should detect cyclomatic complexity
    ok 2 - should detect cyclomatic complexity
      ---
      duration_ms: 6.3418
      type: 'test'
      ...
    # Subtest: should detect nesting depth
    ok 3 - should detect nesting depth
      ---
      duration_ms: 1.8697
      type: 'test'
      ...
    # Subtest: should handle parse errors gracefully
    ok 4 - should handle parse errors gracefully
      ---
      duration_ms: 6.3383
      type: 'test'
      ...
    # Subtest: should report hasReturnType=false for untyped JS functions
    ok 5 - should report hasReturnType=false for untyped JS functions
      ---
      duration_ms: 3.5249
      type: 'test'
      ...
    # Subtest: should include hasReturnType field in every function entry
    ok 6 - should include hasReturnType field in every function entry
      ---
      duration_ms: 2.015
      type: 'test'
      ...
    1..6
ok 244 - analyzeCodeMetrics (AST)
  ---
  duration_ms: 31.515
  type: 'suite'
  ...
# Subtest: buildCodeValidationReport
    # Subtest: should HALT on blocker patterns
    ok 1 - should HALT on blocker patterns
      ---
      duration_ms: 4.2642
      type: 'test'
      ...
    # Subtest: should ignore Python-only patterns for JS files
    ok 2 - should ignore Python-only patterns for JS files
      ---
      duration_ms: 1.759
      type: 'test'
      ...
    1..2
ok 245 - buildCodeValidationReport
  ---
  duration_ms: 6.1592
  type: 'suite'
  ...
# Subtest: analyzeResponseStyle
    # Subtest: should HALT on explicit hesitation/process filler
    ok 1 - should HALT on explicit hesitation/process filler
      ---
      duration_ms: 0.8718
      type: 'test'
      ...
    # Subtest: should WARN on verbose caveman output
    ok 2 - should WARN on verbose caveman output
      ---
      duration_ms: 0.6287
      type: 'test'
      ...
    # Subtest: should PASS on direct compact response
    ok 3 - should PASS on direct compact response
      ---
      duration_ms: 0.1853
      type: 'test'
      ...
    1..3
ok 246 - analyzeResponseStyle
  ---
  duration_ms: 1.8711
  type: 'suite'
  ...
# Subtest: registerVerificationTools
    # Subtest: should register all 4 verification tools
    ok 1 - should register all 4 verification tools
      ---
      duration_ms: 1.9387
      type: 'test'
      ...
    1..1
ok 247 - registerVerificationTools
  ---
  duration_ms: 2.9672
  type: 'suite'
  ...
# Subtest: groundedness_score
    # Subtest: should return high score for text referencing real files
    ok 1 - should return high score for text referencing real files
      ---
      duration_ms: 1.2548
      type: 'test'
      ...
    # Subtest: should deduct score for references to nonexistent files
    ok 2 - should deduct score for references to nonexistent files
      ---
      duration_ms: 1.0956
      type: 'test'
      ...
    # Subtest: should detect test claims
    ok 3 - should detect test claims
      ---
      duration_ms: 0.3347
      type: 'test'
      ...
    1..3
ok 248 - groundedness_score
  ---
  duration_ms: 2.9217
  type: 'suite'
  ...
# Subtest: detect_hallucination
    # Subtest: should pass for claims about files that exist
    ok 1 - should pass for claims about files that exist
      ---
      duration_ms: 1.5184
      type: 'test'
      ...
    # Subtest: should fail for claims about nonexistent files
    ok 2 - should fail for claims about nonexistent files
      ---
      duration_ms: 0.7378
      type: 'test'
      ...
    # Subtest: should check exports in file:export format
    ok 3 - should check exports in file:export format
      ---
      duration_ms: 1.2944
      type: 'test'
      ...
    # Subtest: should handle mixed valid and invalid claims
    ok 4 - should handle mixed valid and invalid claims
      ---
      duration_ms: 0.9621
      type: 'test'
      ...
    1..4
ok 249 - detect_hallucination
  ---
  duration_ms: 4.8025
  type: 'suite'
  ...
# Subtest: watchdog tool registration
    # Subtest: should register all four watchdog tools
    ok 1 - should register all four watchdog tools
      ---
      duration_ms: 1.0017
      type: 'test'
      ...
    # Subtest: each handler should be a function
    ok 2 - each handler should be a function
      ---
      duration_ms: 0.3745
      type: 'test'
      ...
    1..2
ok 250 - watchdog tool registration
  ---
  duration_ms: 2.5164
  type: 'suite'
  ...
# Subtest: session_health handler
    # Subtest: should return a health score with score/10 format
    ok 1 - should return a health score with score/10 format
      ---
      duration_ms: 0.7214
      type: 'test'
      ...
    # Subtest: should report total tool calls
    ok 2 - should report total tool calls
      ---
      duration_ms: 0.1812
      type: 'test'
      ...
    # Subtest: should report duplicate output count
    ok 3 - should report duplicate output count
      ---
      duration_ms: 0.1618
      type: 'test'
      ...
    # Subtest: should report output history size
    ok 4 - should report output history size
      ---
      duration_ms: 0.1549
      type: 'test'
      ...
    # Subtest: should include a status or recommendations section
    ok 5 - should include a status or recommendations section
      ---
      duration_ms: 0.212
      type: 'test'
      ...
    # Subtest: should return content array with text type
    ok 6 - should return content array with text type
      ---
      duration_ms: 0.2677
      type: 'test'
      ...
    1..6
ok 251 - session_health handler
  ---
  duration_ms: 2.1257
  type: 'suite'
  ...
# Subtest: detect_output_dedup check mode
    # Subtest: should report unique output in check mode
    ok 1 - should report unique output in check mode
      ---
      duration_ms: 1.3687
      type: 'test'
      ...
    # Subtest: should not mutate output ring in check mode
    ok 2 - should not mutate output ring in check mode
      ---
      duration_ms: 0.4773
      type: 'test'
      ...
    1..2
ok 252 - detect_output_dedup check mode
  ---
  duration_ms: 2.0865
  type: 'suite'
  ...
# Subtest: detect_output_dedup track mode
    # Subtest: should report unique output on first track
    ok 1 - should report unique output on first track
      ---
      duration_ms: 0.4607
      type: 'test'
      ...
    # Subtest: should detect duplicate on second track of same text
    ok 2 - should detect duplicate on second track of same text
      ---
      duration_ms: 0.4367
      type: 'test'
      ...
    # Subtest: should treat different text as unique
    ok 3 - should treat different text as unique
      ---
      duration_ms: 0.2348
      type: 'test'
      ...
    1..3
ok 253 - detect_output_dedup track mode
  ---
  duration_ms: 1.2765
  type: 'suite'
  ...
# Subtest: detect_output_dedup default action
    # Subtest: should default to track when action is omitted
    ok 1 - should default to track when action is omitted
      ---
      duration_ms: 0.2928
      type: 'test'
      ...
    1..1
ok 254 - detect_output_dedup default action
  ---
  duration_ms: 0.4857
  type: 'suite'
  ...
# Subtest: getDedupStats via watchdog integration
    # Subtest: should be importable from safety-guards
    ok 1 - should be importable from safety-guards
      ---
      duration_ms: 0.5763
      type: 'test'
      ...
    # Subtest: should return an object with ringSize and uniqueHashes
    ok 2 - should return an object with ringSize and uniqueHashes
      ---
      duration_ms: 0.3709
      type: 'test'
      ...
    1..2
ok 255 - getDedupStats via watchdog integration
  ---
  duration_ms: 1.0879
  type: 'suite'
  ...
# Subtest: session_health reflects dedup state
    # Subtest: should report duplicate count > 0 after tracking duplicates
    ok 1 - should report duplicate count > 0 after tracking duplicates
      ---
      duration_ms: 0.3793
      type: 'test'
      ...
    1..1
ok 256 - session_health reflects dedup state
  ---
  duration_ms: 0.4532
  type: 'suite'
  ...
1..256
# tests 1131
# suites 291
# pass 1125
# fail 0
# cancelled 0
# skipped 6
# todo 0
# duration_ms 8100.1695
